
============================================================
EXP005-v2  |  BNB  |  IN-SAMPLE
Strategy   : EXP002-v2 (unchanged)
1h data    : data/BNBUSDT_1h_last_200d.csv
15m data   : data/BNBUSDT_15m_last_180d.csv
============================================================

[OPEN]  SHORT | ts=2025-09-26 14:00:00+00:00 | entry=943.01 | sl=950.04 | tp=928.95 | pct_to_tp=1.49% | pct_to_sl=0.75%
[CLOSE] SHORT | entry=943.01 | exit=950.04 | reason=SL | net=-100.00 USD | equity=9900.00 USD
[OPEN]  LONG | ts=2025-09-26 21:45:00+00:00 | entry=956.40 | sl=953.59 | tp=962.02 | pct_to_tp=0.59% | pct_to_sl=0.29%
[CLOSE] LONG | entry=956.40 | exit=962.02 | reason=TP | net=+198.00 USD | equity=10098.00 USD
[OPEN]  LONG | ts=2025-09-28 15:15:00+00:00 | entry=975.97 | sl=974.42 | tp=979.07 | pct_to_tp=0.32% | pct_to_sl=0.16%
[CLOSE] LONG | entry=975.97 | exit=974.42 | reason=SL | net=-100.98 USD | equity=9997.02 USD
[OPEN]  LONG | ts=2025-09-28 20:15:00+00:00 | entry=980.76 | sl=977.80 | tp=986.68 | pct_to_tp=0.60% | pct_to_sl=0.30%
[CLOSE] LONG | entry=980.76 | exit=986.68 | reason=TP | net=+199.94 USD | equity=10196.96 USD
[OPEN]  LONG | ts=2025-09-29 14:00:00+00:00 | entry=1015.89 | sl=1012.00 | tp=1023.67 | pct_to_tp=0.77% | pct_to_sl=0.38%
[CLOSE] LONG | entry=1015.89 | exit=1012.00 | reason=SL | net=-101.97 USD | equity=10094.99 USD
[OPEN]  LONG | ts=2025-09-29 18:15:00+00:00 | entry=1013.27 | sl=1010.83 | tp=1018.15 | pct_to_tp=0.48% | pct_to_sl=0.24%
[CLOSE] LONG | entry=1013.27 | exit=1018.15 | reason=TP | net=+201.90 USD | equity=10296.89 USD
[OPEN]  LONG | ts=2025-09-30 06:30:00+00:00 | entry=1026.65 | sl=1022.80 | tp=1034.35 | pct_to_tp=0.75% | pct_to_sl=0.38%
[CLOSE] LONG | entry=1026.65 | exit=1022.80 | reason=SL | net=-102.97 USD | equity=10193.92 USD
[OPEN]  LONG | ts=2025-10-01 05:00:00+00:00 | entry=1012.41 | sl=1009.50 | tp=1018.23 | pct_to_tp=0.57% | pct_to_sl=0.29%
[CLOSE] LONG | entry=1012.41 | exit=1009.50 | reason=SL | net=-101.94 USD | equity=10091.98 USD
[OPEN]  LONG | ts=2025-10-01 09:30:00+00:00 | entry=1032.75 | sl=1029.33 | tp=1039.59 | pct_to_tp=0.66% | pct_to_sl=0.33%
[CLOSE] LONG | entry=1032.75 | exit=1029.33 | reason=SL | net=-100.92 USD | equity=9991.06 USD
[OPEN]  LONG | ts=2025-10-01 13:00:00+00:00 | entry=1021.86 | sl=1018.19 | tp=1029.20 | pct_to_tp=0.72% | pct_to_sl=0.36%
[CLOSE] LONG | entry=1021.86 | exit=1018.19 | reason=SL | net=-99.91 USD | equity=9891.15 USD
[OPEN]  LONG | ts=2025-10-01 20:15:00+00:00 | entry=1020.99 | sl=1018.18 | tp=1026.61 | pct_to_tp=0.55% | pct_to_sl=0.28%
[CLOSE] LONG | entry=1020.99 | exit=1026.61 | reason=TP | net=+197.82 USD | equity=10088.98 USD
[OPEN]  LONG | ts=2025-10-02 01:30:00+00:00 | entry=1030.71 | sl=1026.90 | tp=1038.33 | pct_to_tp=0.74% | pct_to_sl=0.37%
[CLOSE] LONG | entry=1030.71 | exit=1038.33 | reason=TP | net=+201.78 USD | equity=10290.75 USD
[OPEN]  LONG | ts=2025-10-02 16:00:00+00:00 | entry=1059.88 | sl=1055.29 | tp=1069.06 | pct_to_tp=0.87% | pct_to_sl=0.43%
[CLOSE] LONG | entry=1059.88 | exit=1055.29 | reason=SL | net=-102.91 USD | equity=10187.85 USD
[OPEN]  LONG | ts=2025-10-02 16:45:00+00:00 | entry=1061.24 | sl=1056.29 | tp=1071.14 | pct_to_tp=0.93% | pct_to_sl=0.47%
[CLOSE] LONG | entry=1061.24 | exit=1071.14 | reason=TP | net=+203.76 USD | equity=10391.60 USD
[OPEN]  LONG | ts=2025-10-04 09:15:00+00:00 | entry=1161.54 | sl=1158.08 | tp=1168.46 | pct_to_tp=0.60% | pct_to_sl=0.30%
[CLOSE] LONG | entry=1161.54 | exit=1158.08 | reason=SL | net=-103.92 USD | equity=10287.69 USD
[OPEN]  SHORT | ts=2025-10-04 12:15:00+00:00 | entry=1149.12 | sl=1151.80 | tp=1143.76 | pct_to_tp=0.47% | pct_to_sl=0.23%
[CLOSE] SHORT | entry=1149.12 | exit=1143.76 | reason=TP | net=+205.75 USD | equity=10493.44 USD
[OPEN]  SHORT | ts=2025-10-04 18:00:00+00:00 | entry=1147.22 | sl=1150.20 | tp=1141.26 | pct_to_tp=0.52% | pct_to_sl=0.26%
[CLOSE] SHORT | entry=1147.22 | exit=1150.20 | reason=SL | net=-104.93 USD | equity=10388.51 USD
[OPEN]  SHORT | ts=2025-10-04 21:45:00+00:00 | entry=1152.20 | sl=1153.32 | tp=1149.96 | pct_to_tp=0.19% | pct_to_sl=0.10%
[CLOSE] SHORT | entry=1152.20 | exit=1153.32 | reason=SL | net=-103.89 USD | equity=10284.62 USD
[OPEN]  SHORT | ts=2025-10-04 22:45:00+00:00 | entry=1147.22 | sl=1153.28 | tp=1135.10 | pct_to_tp=1.06% | pct_to_sl=0.53%
[CLOSE] SHORT | entry=1147.22 | exit=1153.28 | reason=SL | net=-102.85 USD | equity=10181.78 USD
[OPEN]  SHORT | ts=2025-10-05 00:30:00+00:00 | entry=1147.38 | sl=1152.67 | tp=1136.80 | pct_to_tp=0.92% | pct_to_sl=0.46%
[CLOSE] SHORT | entry=1147.38 | exit=1152.67 | reason=SL | net=-101.82 USD | equity=10079.96 USD
[OPEN]  LONG | ts=2025-10-05 10:15:00+00:00 | entry=1161.15 | sl=1155.92 | tp=1171.61 | pct_to_tp=0.90% | pct_to_sl=0.45%
[CLOSE] LONG | entry=1161.15 | exit=1155.92 | reason=SL | net=-100.80 USD | equity=9979.16 USD
[OPEN]  LONG | ts=2025-10-06 01:15:00+00:00 | entry=1182.64 | sl=1169.80 | tp=1208.32 | pct_to_tp=2.17% | pct_to_sl=1.09%
[CLOSE] LONG | entry=1182.64 | exit=1208.32 | reason=TP | net=+199.58 USD | equity=10178.74 USD
[OPEN]  LONG | ts=2025-10-07 02:15:00+00:00 | entry=1219.25 | sl=1214.79 | tp=1228.17 | pct_to_tp=0.73% | pct_to_sl=0.37%
[CLOSE] LONG | entry=1219.25 | exit=1228.17 | reason=TP | net=+203.57 USD | equity=10382.32 USD
[OPEN]  LONG | ts=2025-10-07 05:15:00+00:00 | entry=1250.11 | sl=1238.72 | tp=1272.89 | pct_to_tp=1.82% | pct_to_sl=0.91%
[CLOSE] LONG | entry=1250.11 | exit=1238.72 | reason=SL | net=-103.82 USD | equity=10278.49 USD
[OPEN]  LONG | ts=2025-10-07 16:30:00+00:00 | entry=1295.28 | sl=1272.99 | tp=1339.86 | pct_to_tp=3.44% | pct_to_sl=1.72%
[CLOSE] LONG | entry=1295.28 | exit=1272.99 | reason=SL | net=-102.78 USD | equity=10175.71 USD
[OPEN]  LONG | ts=2025-10-07 19:00:00+00:00 | entry=1289.19 | sl=1275.46 | tp=1316.65 | pct_to_tp=2.13% | pct_to_sl=1.07%
[CLOSE] LONG | entry=1289.19 | exit=1316.65 | reason=TP | net=+203.51 USD | equity=10379.22 USD
[OPEN]  LONG | ts=2025-10-08 05:45:00+00:00 | entry=1285.10 | sl=1279.36 | tp=1296.58 | pct_to_tp=0.89% | pct_to_sl=0.45%
[CLOSE] LONG | entry=1285.10 | exit=1296.58 | reason=TP | net=+207.58 USD | equity=10586.81 USD
[OPEN]  LONG | ts=2025-10-08 06:45:00+00:00 | entry=1307.02 | sl=1299.51 | tp=1322.04 | pct_to_tp=1.15% | pct_to_sl=0.57%
[CLOSE] LONG | entry=1307.02 | exit=1322.04 | reason=TP | net=+211.74 USD | equity=10798.54 USD
[OPEN]  LONG | ts=2025-10-08 14:30:00+00:00 | entry=1307.76 | sl=1301.12 | tp=1321.04 | pct_to_tp=1.02% | pct_to_sl=0.51%
[CLOSE] LONG | entry=1307.76 | exit=1301.12 | reason=SL | net=-107.99 USD | equity=10690.56 USD
[OPEN]  LONG | ts=2025-10-08 16:45:00+00:00 | entry=1302.89 | sl=1293.52 | tp=1321.63 | pct_to_tp=1.44% | pct_to_sl=0.72%
[CLOSE] LONG | entry=1302.89 | exit=1321.63 | reason=TP | net=+213.81 USD | equity=10904.37 USD
[OPEN]  LONG | ts=2025-10-08 22:00:00+00:00 | entry=1309.88 | sl=1305.63 | tp=1318.38 | pct_to_tp=0.65% | pct_to_sl=0.32%
[CLOSE] LONG | entry=1309.88 | exit=1305.63 | reason=SL | net=-109.04 USD | equity=10795.33 USD
[OPEN]  LONG | ts=2025-10-08 23:15:00+00:00 | entry=1300.67 | sl=1295.00 | tp=1312.01 | pct_to_tp=0.87% | pct_to_sl=0.44%
[CLOSE] LONG | entry=1300.67 | exit=1312.01 | reason=TP | net=+215.91 USD | equity=11011.23 USD
[OPEN]  LONG | ts=2025-10-09 01:45:00+00:00 | entry=1307.69 | sl=1303.47 | tp=1316.13 | pct_to_tp=0.65% | pct_to_sl=0.32%
[CLOSE] LONG | entry=1307.69 | exit=1303.47 | reason=SL | net=-110.11 USD | equity=10901.12 USD
[OPEN]  SHORT | ts=2025-10-09 13:00:00+00:00 | entry=1264.94 | sl=1284.30 | tp=1226.22 | pct_to_tp=3.06% | pct_to_sl=1.53%
[CLOSE] SHORT | entry=1264.94 | exit=1226.22 | reason=TP | net=+218.02 USD | equity=11119.14 USD
[OPEN]  SHORT | ts=2025-10-10 00:30:00+00:00 | entry=1263.00 | sl=1269.19 | tp=1250.62 | pct_to_tp=0.98% | pct_to_sl=0.49%
[CLOSE] SHORT | entry=1263.00 | exit=1250.62 | reason=TP | net=+222.38 USD | equity=11341.52 USD
[OPEN]  SHORT | ts=2025-10-10 02:45:00+00:00 | entry=1246.28 | sl=1251.38 | tp=1236.08 | pct_to_tp=0.82% | pct_to_sl=0.41%
[CLOSE] SHORT | entry=1246.28 | exit=1251.38 | reason=SL | net=-113.42 USD | equity=11228.11 USD
[OPEN]  SHORT | ts=2025-10-10 14:45:00+00:00 | entry=1241.54 | sl=1253.32 | tp=1217.98 | pct_to_tp=1.90% | pct_to_sl=0.95%
[CLOSE] SHORT | entry=1241.54 | exit=1217.98 | reason=TP | net=+224.56 USD | equity=11452.67 USD
[OPEN]  SHORT | ts=2025-10-10 20:45:00+00:00 | entry=1198.33 | sl=1234.75 | tp=1125.49 | pct_to_tp=6.08% | pct_to_sl=3.04%
[CLOSE] SHORT | entry=1198.33 | exit=1125.49 | reason=TP | net=+229.05 USD | equity=11681.73 USD
[OPEN]  SHORT | ts=2025-10-11 23:45:00+00:00 | entry=1135.07 | sl=1140.14 | tp=1124.93 | pct_to_tp=0.89% | pct_to_sl=0.45%
[CLOSE] SHORT | entry=1135.07 | exit=1124.93 | reason=TP | net=+233.63 USD | equity=11915.36 USD
[OPEN]  SHORT | ts=2025-10-12 00:45:00+00:00 | entry=1112.51 | sl=1123.11 | tp=1091.31 | pct_to_tp=1.91% | pct_to_sl=0.95%
[CLOSE] SHORT | entry=1112.51 | exit=1123.11 | reason=SL | net=-119.15 USD | equity=11796.21 USD
[OPEN]  SHORT | ts=2025-10-13 18:00:00+00:00 | entry=1274.99 | sl=1286.15 | tp=1252.67 | pct_to_tp=1.75% | pct_to_sl=0.88%
[CLOSE] SHORT | entry=1274.99 | exit=1286.15 | reason=SL | net=-117.96 USD | equity=11678.24 USD
[OPEN]  SHORT | ts=2025-10-13 21:00:00+00:00 | entry=1280.55 | sl=1285.23 | tp=1271.19 | pct_to_tp=0.73% | pct_to_sl=0.37%
[CLOSE] SHORT | entry=1280.55 | exit=1285.23 | reason=SL | net=-116.78 USD | equity=11561.46 USD
[OPEN]  SHORT | ts=2025-10-13 22:15:00+00:00 | entry=1290.30 | sl=1296.80 | tp=1277.30 | pct_to_tp=1.01% | pct_to_sl=0.50%
[CLOSE] SHORT | entry=1290.30 | exit=1296.80 | reason=SL | net=-115.61 USD | equity=11445.85 USD
[OPEN]  SHORT | ts=2025-10-13 23:30:00+00:00 | entry=1292.55 | sl=1299.00 | tp=1279.65 | pct_to_tp=1.00% | pct_to_sl=0.50%
[CLOSE] SHORT | entry=1292.55 | exit=1299.00 | reason=SL | net=-114.46 USD | equity=11331.39 USD
[OPEN]  LONG | ts=2025-10-14 02:15:00+00:00 | entry=1291.89 | sl=1281.96 | tp=1311.75 | pct_to_tp=1.54% | pct_to_sl=0.77%
[CLOSE] LONG | entry=1291.89 | exit=1281.96 | reason=SL | net=-113.31 USD | equity=11218.07 USD
[OPEN]  LONG | ts=2025-10-14 03:30:00+00:00 | entry=1278.23 | sl=1272.31 | tp=1290.07 | pct_to_tp=0.93% | pct_to_sl=0.46%
[CLOSE] LONG | entry=1278.23 | exit=1272.31 | reason=SL | net=-112.18 USD | equity=11105.89 USD
[OPEN]  SHORT | ts=2025-10-14 18:30:00+00:00 | entry=1212.61 | sl=1226.17 | tp=1185.49 | pct_to_tp=2.24% | pct_to_sl=1.12%
[CLOSE] SHORT | entry=1212.61 | exit=1185.49 | reason=TP | net=+222.12 USD | equity=11328.01 USD
[OPEN]  SHORT | ts=2025-10-15 06:00:00+00:00 | entry=1184.25 | sl=1194.41 | tp=1163.93 | pct_to_tp=1.72% | pct_to_sl=0.86%
[CLOSE] SHORT | entry=1184.25 | exit=1194.41 | reason=SL | net=-113.28 USD | equity=11214.73 USD
[OPEN]  SHORT | ts=2025-10-15 09:00:00+00:00 | entry=1195.48 | sl=1203.01 | tp=1180.42 | pct_to_tp=1.26% | pct_to_sl=0.63%
[CLOSE] SHORT | entry=1195.48 | exit=1180.42 | reason=TP | net=+224.29 USD | equity=11439.03 USD
[OPEN]  LONG | ts=2025-10-16 05:30:00+00:00 | entry=1184.01 | sl=1175.82 | tp=1200.39 | pct_to_tp=1.38% | pct_to_sl=0.69%
[CLOSE] LONG | entry=1184.01 | exit=1175.82 | reason=SL | net=-114.39 USD | equity=11324.64 USD
[OPEN]  LONG | ts=2025-10-16 11:30:00+00:00 | entry=1176.58 | sl=1170.27 | tp=1189.20 | pct_to_tp=1.07% | pct_to_sl=0.54%
[CLOSE] LONG | entry=1176.58 | exit=1189.20 | reason=TP | net=+226.49 USD | equity=11551.13 USD
[OPEN]  LONG | ts=2025-10-16 14:30:00+00:00 | entry=1182.76 | sl=1170.41 | tp=1207.46 | pct_to_tp=2.09% | pct_to_sl=1.04%
[CLOSE] LONG | entry=1182.76 | exit=1170.41 | reason=SL | net=-115.51 USD | equity=11435.62 USD
[OPEN]  SHORT | ts=2025-10-16 15:15:00+00:00 | entry=1166.14 | sl=1175.16 | tp=1148.10 | pct_to_tp=1.55% | pct_to_sl=0.77%
[CLOSE] SHORT | entry=1166.14 | exit=1148.10 | reason=TP | net=+228.71 USD | equity=11664.33 USD
[OPEN]  SHORT | ts=2025-10-16 23:30:00+00:00 | entry=1145.00 | sl=1153.07 | tp=1128.86 | pct_to_tp=1.41% | pct_to_sl=0.70%
[CLOSE] SHORT | entry=1145.00 | exit=1153.07 | reason=SL | net=-116.64 USD | equity=11547.69 USD
[OPEN]  SHORT | ts=2025-10-17 22:00:00+00:00 | entry=1081.78 | sl=1090.36 | tp=1064.62 | pct_to_tp=1.59% | pct_to_sl=0.79%
[CLOSE] SHORT | entry=1081.78 | exit=1090.36 | reason=SL | net=-115.48 USD | equity=11432.21 USD
[OPEN]  SHORT | ts=2025-10-18 02:45:00+00:00 | entry=1084.42 | sl=1089.88 | tp=1073.50 | pct_to_tp=1.01% | pct_to_sl=0.50%
[CLOSE] SHORT | entry=1084.42 | exit=1089.88 | reason=SL | net=-114.32 USD | equity=11317.89 USD
[OPEN]  SHORT | ts=2025-10-18 04:00:00+00:00 | entry=1085.48 | sl=1090.18 | tp=1076.08 | pct_to_tp=0.87% | pct_to_sl=0.43%
[CLOSE] SHORT | entry=1085.48 | exit=1090.18 | reason=SL | net=-113.18 USD | equity=11204.71 USD
[OPEN]  LONG | ts=2025-10-18 06:15:00+00:00 | entry=1099.05 | sl=1090.87 | tp=1115.41 | pct_to_tp=1.49% | pct_to_sl=0.74%
[CLOSE] LONG | entry=1099.05 | exit=1115.41 | reason=TP | net=+224.09 USD | equity=11428.80 USD
[OPEN]  SHORT | ts=2025-10-18 16:15:00+00:00 | entry=1085.66 | sl=1089.96 | tp=1077.06 | pct_to_tp=0.79% | pct_to_sl=0.40%
[CLOSE] SHORT | entry=1085.66 | exit=1089.96 | reason=SL | net=-114.29 USD | equity=11314.51 USD
[OPEN]  SHORT | ts=2025-10-18 17:30:00+00:00 | entry=1091.24 | sl=1096.02 | tp=1081.68 | pct_to_tp=0.88% | pct_to_sl=0.44%
[CLOSE] SHORT | entry=1091.24 | exit=1096.02 | reason=SL | net=-113.15 USD | equity=11201.37 USD
[OPEN]  SHORT | ts=2025-10-18 19:00:00+00:00 | entry=1096.47 | sl=1099.71 | tp=1089.99 | pct_to_tp=0.59% | pct_to_sl=0.30%
[CLOSE] SHORT | entry=1096.47 | exit=1099.71 | reason=SL | net=-112.01 USD | equity=11089.36 USD
[OPEN]  LONG | ts=2025-10-18 22:15:00+00:00 | entry=1096.09 | sl=1092.10 | tp=1104.07 | pct_to_tp=0.73% | pct_to_sl=0.36%
[CLOSE] LONG | entry=1096.09 | exit=1092.10 | reason=SL | net=-110.89 USD | equity=10978.46 USD
[OPEN]  SHORT | ts=2025-10-19 04:00:00+00:00 | entry=1087.07 | sl=1092.02 | tp=1077.17 | pct_to_tp=0.91% | pct_to_sl=0.46%
[CLOSE] SHORT | entry=1087.07 | exit=1092.02 | reason=SL | net=-109.78 USD | equity=10868.68 USD
[OPEN]  SHORT | ts=2025-10-19 06:30:00+00:00 | entry=1084.54 | sl=1089.56 | tp=1074.50 | pct_to_tp=0.93% | pct_to_sl=0.46%
[CLOSE] SHORT | entry=1084.54 | exit=1089.56 | reason=SL | net=-108.69 USD | equity=10759.99 USD
[OPEN]  SHORT | ts=2025-10-19 08:30:00+00:00 | entry=1077.60 | sl=1083.55 | tp=1065.70 | pct_to_tp=1.10% | pct_to_sl=0.55%
[CLOSE] SHORT | entry=1077.60 | exit=1083.55 | reason=SL | net=-107.60 USD | equity=10652.39 USD
[OPEN]  LONG | ts=2025-10-19 13:45:00+00:00 | entry=1112.86 | sl=1101.76 | tp=1135.06 | pct_to_tp=1.99% | pct_to_sl=1.00%
[CLOSE] LONG | entry=1112.86 | exit=1101.76 | reason=SL | net=-106.52 USD | equity=10545.87 USD
[OPEN]  LONG | ts=2025-10-20 03:45:00+00:00 | entry=1128.17 | sl=1112.54 | tp=1159.43 | pct_to_tp=2.77% | pct_to_sl=1.39%
[CLOSE] LONG | entry=1128.17 | exit=1112.54 | reason=SL | net=-105.46 USD | equity=10440.41 USD
[OPEN]  SHORT | ts=2025-10-22 05:00:00+00:00 | entry=1069.52 | sl=1073.80 | tp=1060.96 | pct_to_tp=0.80% | pct_to_sl=0.40%
[CLOSE] SHORT | entry=1069.52 | exit=1060.96 | reason=TP | net=+208.81 USD | equity=10649.22 USD
[OPEN]  SHORT | ts=2025-10-22 12:00:00+00:00 | entry=1066.27 | sl=1070.30 | tp=1058.21 | pct_to_tp=0.76% | pct_to_sl=0.38%
[CLOSE] SHORT | entry=1066.27 | exit=1070.30 | reason=SL | net=-106.49 USD | equity=10542.72 USD
[OPEN]  SHORT | ts=2025-10-22 20:15:00+00:00 | entry=1065.00 | sl=1069.39 | tp=1056.22 | pct_to_tp=0.82% | pct_to_sl=0.41%
[CLOSE] SHORT | entry=1065.00 | exit=1056.22 | reason=TP | net=+210.85 USD | equity=10753.58 USD
[OPEN]  SHORT | ts=2025-10-22 21:15:00+00:00 | entry=1053.80 | sl=1062.44 | tp=1036.52 | pct_to_tp=1.64% | pct_to_sl=0.82%
[CLOSE] SHORT | entry=1053.80 | exit=1062.44 | reason=SL | net=-107.54 USD | equity=10646.04 USD
[OPEN]  LONG | ts=2025-10-23 15:00:00+00:00 | entry=1134.91 | sl=1083.68 | tp=1237.37 | pct_to_tp=9.03% | pct_to_sl=4.51%
[CLOSE] LONG | entry=1134.91 | exit=1083.68 | reason=SL | net=-106.46 USD | equity=10539.58 USD
[OPEN]  SHORT | ts=2025-10-29 07:30:00+00:00 | entry=1114.07 | sl=1118.02 | tp=1106.17 | pct_to_tp=0.71% | pct_to_sl=0.35%
[CLOSE] SHORT | entry=1114.07 | exit=1118.02 | reason=SL | net=-105.40 USD | equity=10434.19 USD
[OPEN]  SHORT | ts=2025-10-29 08:30:00+00:00 | entry=1113.79 | sl=1118.35 | tp=1104.67 | pct_to_tp=0.82% | pct_to_sl=0.41%
[CLOSE] SHORT | entry=1113.79 | exit=1118.35 | reason=SL | net=-104.34 USD | equity=10329.85 USD
[OPEN]  SHORT | ts=2025-10-29 11:30:00+00:00 | entry=1111.87 | sl=1116.65 | tp=1102.31 | pct_to_tp=0.86% | pct_to_sl=0.43%
[CLOSE] SHORT | entry=1111.87 | exit=1116.65 | reason=SL | net=-103.30 USD | equity=10226.55 USD
[OPEN]  SHORT | ts=2025-10-29 13:30:00+00:00 | entry=1112.28 | sl=1117.15 | tp=1102.54 | pct_to_tp=0.88% | pct_to_sl=0.44%
[CLOSE] SHORT | entry=1112.28 | exit=1102.54 | reason=TP | net=+204.53 USD | equity=10431.08 USD
[OPEN]  SHORT | ts=2025-10-29 19:30:00+00:00 | entry=1104.09 | sl=1110.60 | tp=1091.07 | pct_to_tp=1.18% | pct_to_sl=0.59%
[CLOSE] SHORT | entry=1104.09 | exit=1110.60 | reason=SL | net=-104.31 USD | equity=10326.77 USD
[OPEN]  SHORT | ts=2025-10-29 22:15:00+00:00 | entry=1112.85 | sl=1116.10 | tp=1106.35 | pct_to_tp=0.58% | pct_to_sl=0.29%
[CLOSE] SHORT | entry=1112.85 | exit=1106.35 | reason=TP | net=+206.54 USD | equity=10533.30 USD
[OPEN]  LONG | ts=2025-10-29 23:45:00+00:00 | entry=1107.70 | sl=1104.52 | tp=1114.06 | pct_to_tp=0.57% | pct_to_sl=0.29%
[CLOSE] LONG | entry=1107.70 | exit=1104.52 | reason=SL | net=-105.33 USD | equity=10427.97 USD
[OPEN]  LONG | ts=2025-10-30 10:15:00+00:00 | entry=1124.86 | sl=1110.54 | tp=1153.50 | pct_to_tp=2.55% | pct_to_sl=1.27%
[CLOSE] LONG | entry=1124.86 | exit=1110.54 | reason=SL | net=-104.28 USD | equity=10323.69 USD
[OPEN]  SHORT | ts=2025-10-30 13:15:00+00:00 | entry=1096.70 | sl=1102.55 | tp=1085.00 | pct_to_tp=1.07% | pct_to_sl=0.53%
[CLOSE] SHORT | entry=1096.70 | exit=1085.00 | reason=TP | net=+206.47 USD | equity=10530.16 USD
[OPEN]  SHORT | ts=2025-10-31 01:30:00+00:00 | entry=1083.92 | sl=1089.11 | tp=1073.54 | pct_to_tp=0.96% | pct_to_sl=0.48%
[CLOSE] SHORT | entry=1083.92 | exit=1089.11 | reason=SL | net=-105.30 USD | equity=10424.86 USD
[OPEN]  LONG | ts=2025-10-31 11:45:00+00:00 | entry=1088.19 | sl=1082.60 | tp=1099.37 | pct_to_tp=1.03% | pct_to_sl=0.51%
[CLOSE] LONG | entry=1088.19 | exit=1082.60 | reason=SL | net=-104.25 USD | equity=10320.61 USD
[OPEN]  SHORT | ts=2025-10-31 15:15:00+00:00 | entry=1082.60 | sl=1089.07 | tp=1069.66 | pct_to_tp=1.20% | pct_to_sl=0.60%
[CLOSE] SHORT | entry=1082.60 | exit=1089.07 | reason=SL | net=-103.21 USD | equity=10217.41 USD
[OPEN]  SHORT | ts=2025-10-31 20:30:00+00:00 | entry=1087.24 | sl=1089.20 | tp=1083.32 | pct_to_tp=0.36% | pct_to_sl=0.18%
[CLOSE] SHORT | entry=1087.24 | exit=1089.20 | reason=SL | net=-102.17 USD | equity=10115.23 USD
[OPEN]  LONG | ts=2025-11-01 02:45:00+00:00 | entry=1085.71 | sl=1083.97 | tp=1089.19 | pct_to_tp=0.32% | pct_to_sl=0.16%
[CLOSE] LONG | entry=1085.71 | exit=1089.19 | reason=TP | net=+202.30 USD | equity=10317.54 USD
[OPEN]  LONG | ts=2025-11-01 06:45:00+00:00 | entry=1085.95 | sl=1084.70 | tp=1088.45 | pct_to_tp=0.23% | pct_to_sl=0.12%
[CLOSE] LONG | entry=1085.95 | exit=1088.45 | reason=TP | net=+206.35 USD | equity=10523.89 USD
[OPEN]  SHORT | ts=2025-11-03 00:30:00+00:00 | entry=1081.29 | sl=1084.51 | tp=1074.85 | pct_to_tp=0.60% | pct_to_sl=0.30%
[CLOSE] SHORT | entry=1081.29 | exit=1074.85 | reason=TP | net=+210.48 USD | equity=10734.37 USD
[OPEN]  SHORT | ts=2025-11-03 01:15:00+00:00 | entry=1073.59 | sl=1077.35 | tp=1066.07 | pct_to_tp=0.70% | pct_to_sl=0.35%
[CLOSE] SHORT | entry=1073.59 | exit=1066.07 | reason=TP | net=+214.69 USD | equity=10949.05 USD
[OPEN]  SHORT | ts=2025-11-05 06:00:00+00:00 | entry=942.59 | sl=946.64 | tp=934.49 | pct_to_tp=0.86% | pct_to_sl=0.43%
[CLOSE] SHORT | entry=942.59 | exit=946.64 | reason=SL | net=-109.49 USD | equity=10839.56 USD
[OPEN]  LONG | ts=2025-11-05 07:30:00+00:00 | entry=950.63 | sl=945.92 | tp=960.05 | pct_to_tp=0.99% | pct_to_sl=0.50%
[CLOSE] LONG | entry=950.63 | exit=945.92 | reason=SL | net=-108.40 USD | equity=10731.17 USD
[OPEN]  LONG | ts=2025-11-05 09:00:00+00:00 | entry=947.54 | sl=942.00 | tp=958.62 | pct_to_tp=1.17% | pct_to_sl=0.58%
[CLOSE] LONG | entry=947.54 | exit=942.00 | reason=SL | net=-107.31 USD | equity=10623.86 USD
[OPEN]  LONG | ts=2025-11-05 22:15:00+00:00 | entry=954.41 | sl=952.51 | tp=958.21 | pct_to_tp=0.40% | pct_to_sl=0.20%
[CLOSE] LONG | entry=954.41 | exit=958.21 | reason=TP | net=+212.48 USD | equity=10836.33 USD
[OPEN]  LONG | ts=2025-11-05 22:45:00+00:00 | entry=958.90 | sl=957.06 | tp=962.58 | pct_to_tp=0.38% | pct_to_sl=0.19%
[CLOSE] LONG | entry=958.90 | exit=957.06 | reason=SL | net=-108.36 USD | equity=10727.97 USD
[OPEN]  LONG | ts=2025-11-06 00:45:00+00:00 | entry=955.00 | sl=951.48 | tp=962.04 | pct_to_tp=0.74% | pct_to_sl=0.37%
[CLOSE] LONG | entry=955.00 | exit=951.48 | reason=SL | net=-107.28 USD | equity=10620.69 USD
[OPEN]  LONG | ts=2025-11-06 01:30:00+00:00 | entry=948.92 | sl=945.10 | tp=956.56 | pct_to_tp=0.81% | pct_to_sl=0.40%
[CLOSE] LONG | entry=948.92 | exit=956.56 | reason=TP | net=+212.41 USD | equity=10833.10 USD
[OPEN]  SHORT | ts=2025-11-06 09:15:00+00:00 | entry=953.57 | sl=957.06 | tp=946.59 | pct_to_tp=0.73% | pct_to_sl=0.37%
[CLOSE] SHORT | entry=953.57 | exit=957.06 | reason=SL | net=-108.33 USD | equity=10724.77 USD
[OPEN]  SHORT | ts=2025-11-06 11:00:00+00:00 | entry=952.36 | sl=955.45 | tp=946.18 | pct_to_tp=0.65% | pct_to_sl=0.32%
[CLOSE] SHORT | entry=952.36 | exit=955.45 | reason=SL | net=-107.25 USD | equity=10617.52 USD
[OPEN]  SHORT | ts=2025-11-06 12:00:00+00:00 | entry=952.44 | sl=955.60 | tp=946.12 | pct_to_tp=0.66% | pct_to_sl=0.33%
[CLOSE] SHORT | entry=952.44 | exit=946.12 | reason=TP | net=+212.35 USD | equity=10829.87 USD
[OPEN]  SHORT | ts=2025-11-06 20:30:00+00:00 | entry=944.94 | sl=948.92 | tp=936.98 | pct_to_tp=0.84% | pct_to_sl=0.42%
[CLOSE] SHORT | entry=944.94 | exit=948.92 | reason=SL | net=-108.30 USD | equity=10721.58 USD
[OPEN]  LONG | ts=2025-11-06 23:45:00+00:00 | entry=950.40 | sl=947.39 | tp=956.42 | pct_to_tp=0.63% | pct_to_sl=0.32%
[CLOSE] LONG | entry=950.40 | exit=947.39 | reason=SL | net=-107.22 USD | equity=10614.36 USD
[OPEN]  SHORT | ts=2025-11-07 16:00:00+00:00 | entry=940.67 | sl=945.85 | tp=930.31 | pct_to_tp=1.10% | pct_to_sl=0.55%
[CLOSE] SHORT | entry=940.67 | exit=945.85 | reason=SL | net=-106.14 USD | equity=10508.22 USD
[OPEN]  LONG | ts=2025-11-08 12:15:00+00:00 | entry=991.13 | sl=988.40 | tp=996.59 | pct_to_tp=0.55% | pct_to_sl=0.28%
[CLOSE] LONG | entry=991.13 | exit=988.40 | reason=SL | net=-105.08 USD | equity=10403.13 USD
[OPEN]  LONG | ts=2025-11-08 14:30:00+00:00 | entry=993.10 | sl=987.94 | tp=1003.42 | pct_to_tp=1.04% | pct_to_sl=0.52%
[CLOSE] LONG | entry=993.10 | exit=987.94 | reason=SL | net=-104.03 USD | equity=10299.10 USD
[OPEN]  LONG | ts=2025-11-08 17:15:00+00:00 | entry=989.62 | sl=985.31 | tp=998.24 | pct_to_tp=0.87% | pct_to_sl=0.44%
[CLOSE] LONG | entry=989.62 | exit=998.24 | reason=TP | net=+205.98 USD | equity=10505.09 USD
[OPEN]  LONG | ts=2025-11-08 20:15:00+00:00 | entry=999.42 | sl=996.94 | tp=1004.38 | pct_to_tp=0.50% | pct_to_sl=0.25%
[CLOSE] LONG | entry=999.42 | exit=996.94 | reason=SL | net=-105.05 USD | equity=10400.03 USD
[OPEN]  LONG | ts=2025-11-09 00:30:00+00:00 | entry=989.84 | sl=985.58 | tp=998.36 | pct_to_tp=0.86% | pct_to_sl=0.43%
[CLOSE] LONG | entry=989.84 | exit=985.58 | reason=SL | net=-104.00 USD | equity=10296.03 USD
[OPEN]  SHORT | ts=2025-11-09 11:15:00+00:00 | entry=989.44 | sl=992.18 | tp=983.96 | pct_to_tp=0.55% | pct_to_sl=0.28%
[CLOSE] SHORT | entry=989.44 | exit=992.18 | reason=SL | net=-102.96 USD | equity=10193.07 USD
[OPEN]  LONG | ts=2025-11-09 16:15:00+00:00 | entry=996.37 | sl=991.36 | tp=1006.39 | pct_to_tp=1.01% | pct_to_sl=0.50%
[CLOSE] LONG | entry=996.37 | exit=1006.39 | reason=TP | net=+203.86 USD | equity=10396.94 USD
[OPEN]  LONG | ts=2025-11-09 23:45:00+00:00 | entry=996.63 | sl=994.98 | tp=999.93 | pct_to_tp=0.33% | pct_to_sl=0.17%
[CLOSE] LONG | entry=996.63 | exit=994.98 | reason=SL | net=-103.97 USD | equity=10292.97 USD
[OPEN]  LONG | ts=2025-11-10 00:15:00+00:00 | entry=1001.38 | sl=996.50 | tp=1011.14 | pct_to_tp=0.97% | pct_to_sl=0.49%
[CLOSE] LONG | entry=1001.38 | exit=1011.14 | reason=TP | net=+205.86 USD | equity=10498.83 USD
[OPEN]  LONG | ts=2025-11-10 06:45:00+00:00 | entry=1008.25 | sl=1006.29 | tp=1012.17 | pct_to_tp=0.39% | pct_to_sl=0.19%
[CLOSE] LONG | entry=1008.25 | exit=1006.29 | reason=SL | net=-104.99 USD | equity=10393.84 USD
[OPEN]  LONG | ts=2025-11-10 08:15:00+00:00 | entry=1005.34 | sl=1002.47 | tp=1011.08 | pct_to_tp=0.57% | pct_to_sl=0.29%
[CLOSE] LONG | entry=1005.34 | exit=1002.47 | reason=SL | net=-103.94 USD | equity=10289.90 USD
[OPEN]  LONG | ts=2025-11-10 09:15:00+00:00 | entry=1001.00 | sl=998.51 | tp=1005.98 | pct_to_tp=0.50% | pct_to_sl=0.25%
[CLOSE] LONG | entry=1001.00 | exit=1005.98 | reason=TP | net=+205.80 USD | equity=10495.70 USD
[OPEN]  LONG | ts=2025-11-10 11:00:00+00:00 | entry=1001.07 | sl=998.69 | tp=1005.83 | pct_to_tp=0.48% | pct_to_sl=0.24%
[CLOSE] LONG | entry=1001.07 | exit=998.69 | reason=SL | net=-104.96 USD | equity=10390.74 USD
[OPEN]  SHORT | ts=2025-11-10 14:45:00+00:00 | entry=984.30 | sl=993.88 | tp=965.14 | pct_to_tp=1.95% | pct_to_sl=0.97%
[CLOSE] SHORT | entry=984.30 | exit=993.88 | reason=SL | net=-103.91 USD | equity=10286.83 USD
[OPEN]  SHORT | ts=2025-11-11 00:30:00+00:00 | entry=987.11 | sl=990.60 | tp=980.13 | pct_to_tp=0.71% | pct_to_sl=0.35%
[CLOSE] SHORT | entry=987.11 | exit=990.60 | reason=SL | net=-102.87 USD | equity=10183.96 USD
[OPEN]  SHORT | ts=2025-11-11 13:15:00+00:00 | entry=979.77 | sl=983.50 | tp=972.31 | pct_to_tp=0.76% | pct_to_sl=0.38%
[CLOSE] SHORT | entry=979.77 | exit=983.50 | reason=SL | net=-101.84 USD | equity=10082.12 USD
[OPEN]  SHORT | ts=2025-11-11 15:00:00+00:00 | entry=978.93 | sl=983.76 | tp=969.27 | pct_to_tp=0.99% | pct_to_sl=0.49%
[CLOSE] SHORT | entry=978.93 | exit=969.27 | reason=TP | net=+201.64 USD | equity=10283.77 USD
[OPEN]  SHORT | ts=2025-11-12 09:15:00+00:00 | entry=966.99 | sl=969.21 | tp=962.55 | pct_to_tp=0.46% | pct_to_sl=0.23%
[CLOSE] SHORT | entry=966.99 | exit=969.21 | reason=SL | net=-102.84 USD | equity=10180.93 USD
[OPEN]  SHORT | ts=2025-11-12 22:00:00+00:00 | entry=952.75 | sl=955.81 | tp=946.63 | pct_to_tp=0.64% | pct_to_sl=0.32%
[CLOSE] SHORT | entry=952.75 | exit=955.81 | reason=SL | net=-101.81 USD | equity=10079.12 USD
[OPEN]  SHORT | ts=2025-11-12 23:00:00+00:00 | entry=954.78 | sl=957.15 | tp=950.04 | pct_to_tp=0.50% | pct_to_sl=0.25%
[CLOSE] SHORT | entry=954.78 | exit=957.15 | reason=SL | net=-100.79 USD | equity=9978.33 USD
[OPEN]  SHORT | ts=2025-11-13 01:45:00+00:00 | entry=955.90 | sl=959.47 | tp=948.76 | pct_to_tp=0.75% | pct_to_sl=0.37%
[CLOSE] SHORT | entry=955.90 | exit=948.76 | reason=TP | net=+199.57 USD | equity=10177.90 USD
[OPEN]  SHORT | ts=2025-11-13 05:00:00+00:00 | entry=959.81 | sl=962.40 | tp=954.63 | pct_to_tp=0.54% | pct_to_sl=0.27%
[CLOSE] SHORT | entry=959.81 | exit=962.40 | reason=SL | net=-101.78 USD | equity=10076.12 USD
[OPEN]  SHORT | ts=2025-11-13 17:00:00+00:00 | entry=941.83 | sl=946.66 | tp=932.17 | pct_to_tp=1.03% | pct_to_sl=0.51%
[CLOSE] SHORT | entry=941.83 | exit=932.17 | reason=TP | net=+201.52 USD | equity=10277.64 USD
[OPEN]  SHORT | ts=2025-11-14 15:00:00+00:00 | entry=919.67 | sl=924.80 | tp=909.41 | pct_to_tp=1.12% | pct_to_sl=0.56%
[CLOSE] SHORT | entry=919.67 | exit=924.80 | reason=SL | net=-102.78 USD | equity=10174.86 USD
[OPEN]  LONG | ts=2025-11-14 18:00:00+00:00 | entry=926.84 | sl=921.00 | tp=938.52 | pct_to_tp=1.26% | pct_to_sl=0.63%
[CLOSE] LONG | entry=926.84 | exit=921.00 | reason=SL | net=-101.75 USD | equity=10073.11 USD
[OPEN]  LONG | ts=2025-11-14 19:00:00+00:00 | entry=927.14 | sl=919.85 | tp=941.72 | pct_to_tp=1.57% | pct_to_sl=0.79%
[CLOSE] LONG | entry=927.14 | exit=919.85 | reason=SL | net=-100.73 USD | equity=9972.38 USD
[OPEN]  LONG | ts=2025-11-14 22:15:00+00:00 | entry=926.09 | sl=920.73 | tp=936.81 | pct_to_tp=1.16% | pct_to_sl=0.58%
[CLOSE] LONG | entry=926.09 | exit=920.73 | reason=SL | net=-99.72 USD | equity=9872.66 USD
[OPEN]  LONG | ts=2025-11-15 17:30:00+00:00 | entry=939.24 | sl=936.97 | tp=943.78 | pct_to_tp=0.48% | pct_to_sl=0.24%
[CLOSE] LONG | entry=939.24 | exit=943.78 | reason=TP | net=+197.45 USD | equity=10070.11 USD
[OPEN]  SHORT | ts=2025-11-16 01:30:00+00:00 | entry=924.02 | sl=929.30 | tp=913.46 | pct_to_tp=1.14% | pct_to_sl=0.57%
[CLOSE] SHORT | entry=924.02 | exit=929.30 | reason=SL | net=-100.70 USD | equity=9969.41 USD
[OPEN]  LONG | ts=2025-11-17 03:00:00+00:00 | entry=938.59 | sl=930.27 | tp=955.23 | pct_to_tp=1.77% | pct_to_sl=0.89%
[CLOSE] LONG | entry=938.59 | exit=930.27 | reason=SL | net=-99.69 USD | equity=9869.72 USD
[OPEN]  SHORT | ts=2025-11-18 03:15:00+00:00 | entry=891.89 | sl=900.46 | tp=874.75 | pct_to_tp=1.92% | pct_to_sl=0.96%
[CLOSE] SHORT | entry=891.89 | exit=900.46 | reason=SL | net=-98.70 USD | equity=9771.02 USD
[OPEN]  SHORT | ts=2025-11-18 06:15:00+00:00 | entry=908.48 | sl=911.79 | tp=901.86 | pct_to_tp=0.73% | pct_to_sl=0.36%
[CLOSE] SHORT | entry=908.48 | exit=901.86 | reason=TP | net=+195.42 USD | equity=9966.44 USD
[OPEN]  LONG | ts=2025-11-19 01:15:00+00:00 | entry=935.07 | sl=929.55 | tp=946.11 | pct_to_tp=1.18% | pct_to_sl=0.59%
[CLOSE] LONG | entry=935.07 | exit=929.55 | reason=SL | net=-99.66 USD | equity=9866.78 USD
[OPEN]  LONG | ts=2025-11-19 05:45:00+00:00 | entry=918.55 | sl=912.90 | tp=929.85 | pct_to_tp=1.23% | pct_to_sl=0.62%
[CLOSE] LONG | entry=918.55 | exit=929.85 | reason=TP | net=+197.34 USD | equity=10064.11 USD
[OPEN]  SHORT | ts=2025-11-19 14:15:00+00:00 | entry=911.25 | sl=917.90 | tp=897.95 | pct_to_tp=1.46% | pct_to_sl=0.73%
[CLOSE] SHORT | entry=911.25 | exit=917.90 | reason=SL | net=-100.64 USD | equity=9963.47 USD
[OPEN]  SHORT | ts=2025-11-19 16:15:00+00:00 | entry=891.96 | sl=898.80 | tp=878.28 | pct_to_tp=1.53% | pct_to_sl=0.77%
[CLOSE] SHORT | entry=891.96 | exit=878.28 | reason=TP | net=+199.27 USD | equity=10162.74 USD
[OPEN]  LONG | ts=2025-11-20 07:30:00+00:00 | entry=907.07 | sl=904.88 | tp=911.45 | pct_to_tp=0.48% | pct_to_sl=0.24%
[CLOSE] LONG | entry=907.07 | exit=904.88 | reason=SL | net=-101.63 USD | equity=10061.11 USD
[OPEN]  SHORT | ts=2025-11-20 10:00:00+00:00 | entry=897.62 | sl=901.70 | tp=889.46 | pct_to_tp=0.91% | pct_to_sl=0.45%
[CLOSE] SHORT | entry=897.62 | exit=901.70 | reason=SL | net=-100.61 USD | equity=9960.50 USD
[OPEN]  SHORT | ts=2025-11-20 12:00:00+00:00 | entry=899.60 | sl=902.95 | tp=892.90 | pct_to_tp=0.74% | pct_to_sl=0.37%
[CLOSE] SHORT | entry=899.60 | exit=902.95 | reason=SL | net=-99.61 USD | equity=9860.90 USD
[OPEN]  SHORT | ts=2025-11-20 14:00:00+00:00 | entry=892.11 | sl=899.37 | tp=877.59 | pct_to_tp=1.63% | pct_to_sl=0.81%
[CLOSE] SHORT | entry=892.11 | exit=899.37 | reason=SL | net=-98.61 USD | equity=9762.29 USD
[OPEN]  SHORT | ts=2025-11-20 15:00:00+00:00 | entry=892.47 | sl=898.77 | tp=879.87 | pct_to_tp=1.41% | pct_to_sl=0.71%
[CLOSE] SHORT | entry=892.47 | exit=879.87 | reason=TP | net=+195.25 USD | equity=9957.53 USD
[OPEN]  SHORT | ts=2025-11-21 22:15:00+00:00 | entry=828.84 | sl=835.30 | tp=815.92 | pct_to_tp=1.56% | pct_to_sl=0.78%
[CLOSE] SHORT | entry=828.84 | exit=815.92 | reason=TP | net=+199.15 USD | equity=10156.68 USD
[OPEN]  SHORT | ts=2025-11-22 03:15:00+00:00 | entry=835.52 | sl=838.34 | tp=829.88 | pct_to_tp=0.68% | pct_to_sl=0.34%
[CLOSE] SHORT | entry=835.52 | exit=829.88 | reason=TP | net=+203.13 USD | equity=10359.82 USD
[OPEN]  SHORT | ts=2025-11-22 08:00:00+00:00 | entry=829.83 | sl=831.80 | tp=825.89 | pct_to_tp=0.47% | pct_to_sl=0.24%
[CLOSE] SHORT | entry=829.83 | exit=825.89 | reason=TP | net=+207.20 USD | equity=10567.01 USD
[OPEN]  SHORT | ts=2025-11-22 08:30:00+00:00 | entry=817.68 | sl=823.94 | tp=805.16 | pct_to_tp=1.53% | pct_to_sl=0.77%
[CLOSE] SHORT | entry=817.68 | exit=823.94 | reason=SL | net=-105.67 USD | equity=10461.34 USD
[OPEN]  SHORT | ts=2025-11-22 12:00:00+00:00 | entry=821.69 | sl=825.92 | tp=813.23 | pct_to_tp=1.03% | pct_to_sl=0.51%
[CLOSE] SHORT | entry=821.69 | exit=825.92 | reason=SL | net=-104.61 USD | equity=10356.73 USD
[OPEN]  SHORT | ts=2025-11-22 15:30:00+00:00 | entry=820.76 | sl=825.90 | tp=810.48 | pct_to_tp=1.25% | pct_to_sl=0.63%
[CLOSE] SHORT | entry=820.76 | exit=825.90 | reason=SL | net=-103.57 USD | equity=10253.16 USD
[OPEN]  SHORT | ts=2025-11-22 17:00:00+00:00 | entry=827.60 | sl=829.95 | tp=822.90 | pct_to_tp=0.57% | pct_to_sl=0.28%
[CLOSE] SHORT | entry=827.60 | exit=829.95 | reason=SL | net=-102.53 USD | equity=10150.63 USD
[OPEN]  LONG | ts=2025-11-22 22:30:00+00:00 | entry=833.20 | sl=830.81 | tp=837.98 | pct_to_tp=0.57% | pct_to_sl=0.29%
[CLOSE] LONG | entry=833.20 | exit=837.98 | reason=TP | net=+203.01 USD | equity=10353.64 USD
[OPEN]  LONG | ts=2025-11-23 16:30:00+00:00 | entry=850.88 | sl=846.65 | tp=859.34 | pct_to_tp=0.99% | pct_to_sl=0.50%
[CLOSE] LONG | entry=850.88 | exit=846.65 | reason=SL | net=-103.54 USD | equity=10250.11 USD
[OPEN]  LONG | ts=2025-11-23 18:30:00+00:00 | entry=849.32 | sl=846.82 | tp=854.32 | pct_to_tp=0.59% | pct_to_sl=0.29%
[CLOSE] LONG | entry=849.32 | exit=854.32 | reason=TP | net=+205.00 USD | equity=10455.11 USD
[OPEN]  LONG | ts=2025-11-24 02:00:00+00:00 | entry=849.28 | sl=841.02 | tp=865.80 | pct_to_tp=1.95% | pct_to_sl=0.97%
[CLOSE] LONG | entry=849.28 | exit=841.02 | reason=SL | net=-104.55 USD | equity=10350.56 USD
[OPEN]  LONG | ts=2025-11-24 07:30:00+00:00 | entry=856.95 | sl=853.11 | tp=864.63 | pct_to_tp=0.90% | pct_to_sl=0.45%
[CLOSE] LONG | entry=856.95 | exit=853.11 | reason=SL | net=-103.51 USD | equity=10247.05 USD
[OPEN]  LONG | ts=2025-11-25 03:15:00+00:00 | entry=864.04 | sl=861.52 | tp=869.08 | pct_to_tp=0.58% | pct_to_sl=0.29%
[CLOSE] LONG | entry=864.04 | exit=861.52 | reason=SL | net=-102.47 USD | equity=10144.58 USD
[OPEN]  LONG | ts=2025-11-25 04:00:00+00:00 | entry=863.93 | sl=860.51 | tp=870.77 | pct_to_tp=0.79% | pct_to_sl=0.40%
[CLOSE] LONG | entry=863.93 | exit=860.51 | reason=SL | net=-101.45 USD | equity=10043.14 USD
[OPEN]  LONG | ts=2025-11-25 05:30:00+00:00 | entry=863.67 | sl=859.91 | tp=871.19 | pct_to_tp=0.87% | pct_to_sl=0.44%
[CLOSE] LONG | entry=863.67 | exit=859.91 | reason=SL | net=-100.43 USD | equity=9942.70 USD
[OPEN]  LONG | ts=2025-11-25 08:15:00+00:00 | entry=859.15 | sl=857.14 | tp=863.17 | pct_to_tp=0.47% | pct_to_sl=0.23%
[CLOSE] LONG | entry=859.15 | exit=857.14 | reason=SL | net=-99.43 USD | equity=9843.28 USD
[OPEN]  SHORT | ts=2025-11-25 17:45:00+00:00 | entry=857.82 | sl=861.60 | tp=850.26 | pct_to_tp=0.88% | pct_to_sl=0.44%
[CLOSE] SHORT | entry=857.82 | exit=850.26 | reason=TP | net=+196.87 USD | equity=10040.14 USD
[OPEN]  LONG | ts=2025-11-25 23:00:00+00:00 | entry=867.42 | sl=860.96 | tp=880.34 | pct_to_tp=1.49% | pct_to_sl=0.74%
[CLOSE] LONG | entry=867.42 | exit=860.96 | reason=SL | net=-100.40 USD | equity=9939.74 USD
[OPEN]  LONG | ts=2025-11-26 04:15:00+00:00 | entry=860.72 | sl=857.43 | tp=867.30 | pct_to_tp=0.76% | pct_to_sl=0.38%
[CLOSE] LONG | entry=860.72 | exit=857.43 | reason=SL | net=-99.40 USD | equity=9840.34 USD
[OPEN]  LONG | ts=2025-11-26 15:00:00+00:00 | entry=862.73 | sl=859.06 | tp=870.07 | pct_to_tp=0.85% | pct_to_sl=0.43%
[CLOSE] LONG | entry=862.73 | exit=870.07 | reason=TP | net=+196.81 USD | equity=10037.15 USD
[OPEN]  LONG | ts=2025-11-26 16:45:00+00:00 | entry=871.97 | sl=867.69 | tp=880.53 | pct_to_tp=0.98% | pct_to_sl=0.49%
[CLOSE] LONG | entry=871.97 | exit=880.53 | reason=TP | net=+200.74 USD | equity=10237.89 USD
[OPEN]  LONG | ts=2025-11-27 13:00:00+00:00 | entry=887.57 | sl=885.26 | tp=892.19 | pct_to_tp=0.52% | pct_to_sl=0.26%
[CLOSE] LONG | entry=887.57 | exit=885.26 | reason=SL | net=-102.38 USD | equity=10135.52 USD
[OPEN]  LONG | ts=2025-11-27 15:15:00+00:00 | entry=891.62 | sl=888.49 | tp=897.88 | pct_to_tp=0.70% | pct_to_sl=0.35%
[CLOSE] LONG | entry=891.62 | exit=897.88 | reason=TP | net=+202.71 USD | equity=10338.23 USD
[OPEN]  LONG | ts=2025-11-27 23:00:00+00:00 | entry=895.60 | sl=893.32 | tp=900.16 | pct_to_tp=0.51% | pct_to_sl=0.25%
[CLOSE] LONG | entry=895.60 | exit=893.32 | reason=SL | net=-103.38 USD | equity=10234.84 USD
[OPEN]  LONG | ts=2025-11-28 00:45:00+00:00 | entry=899.11 | sl=897.03 | tp=903.27 | pct_to_tp=0.46% | pct_to_sl=0.23%
[CLOSE] LONG | entry=899.11 | exit=897.03 | reason=SL | net=-102.35 USD | equity=10132.49 USD
[OPEN]  LONG | ts=2025-11-28 02:00:00+00:00 | entry=893.69 | sl=891.40 | tp=898.27 | pct_to_tp=0.51% | pct_to_sl=0.26%
[CLOSE] LONG | entry=893.69 | exit=891.40 | reason=SL | net=-101.32 USD | equity=10031.17 USD
[OPEN]  LONG | ts=2025-11-28 02:30:00+00:00 | entry=893.29 | sl=889.04 | tp=901.79 | pct_to_tp=0.95% | pct_to_sl=0.48%
[CLOSE] LONG | entry=893.29 | exit=889.04 | reason=SL | net=-100.31 USD | equity=9930.86 USD
[OPEN]  LONG | ts=2025-11-28 13:30:00+00:00 | entry=893.69 | sl=890.26 | tp=900.55 | pct_to_tp=0.77% | pct_to_sl=0.38%
[CLOSE] LONG | entry=893.69 | exit=900.55 | reason=TP | net=+198.62 USD | equity=10129.48 USD
[OPEN]  LONG | ts=2025-11-28 14:45:00+00:00 | entry=898.79 | sl=894.45 | tp=907.47 | pct_to_tp=0.97% | pct_to_sl=0.48%
[CLOSE] LONG | entry=898.79 | exit=894.45 | reason=SL | net=-101.29 USD | equity=10028.18 USD
[OPEN]  SHORT | ts=2025-11-29 17:00:00+00:00 | entry=878.69 | sl=881.65 | tp=872.77 | pct_to_tp=0.67% | pct_to_sl=0.34%
[CLOSE] SHORT | entry=878.69 | exit=872.77 | reason=TP | net=+200.56 USD | equity=10228.74 USD
[OPEN]  SHORT | ts=2025-11-30 02:30:00+00:00 | entry=875.66 | sl=878.00 | tp=870.98 | pct_to_tp=0.53% | pct_to_sl=0.27%
[CLOSE] SHORT | entry=875.66 | exit=870.98 | reason=TP | net=+204.57 USD | equity=10433.32 USD
[OPEN]  SHORT | ts=2025-11-30 04:15:00+00:00 | entry=875.09 | sl=876.70 | tp=871.87 | pct_to_tp=0.37% | pct_to_sl=0.18%
[CLOSE] SHORT | entry=875.09 | exit=871.87 | reason=TP | net=+208.67 USD | equity=10641.99 USD
[OPEN]  SHORT | ts=2025-12-01 23:45:00+00:00 | entry=826.61 | sl=829.89 | tp=820.05 | pct_to_tp=0.79% | pct_to_sl=0.40%
[CLOSE] SHORT | entry=826.61 | exit=829.89 | reason=SL | net=-106.42 USD | equity=10535.57 USD
[OPEN]  SHORT | ts=2025-12-02 02:45:00+00:00 | entry=827.62 | sl=832.92 | tp=817.02 | pct_to_tp=1.28% | pct_to_sl=0.64%
[CLOSE] SHORT | entry=827.62 | exit=832.92 | reason=SL | net=-105.36 USD | equity=10430.21 USD
[OPEN]  LONG | ts=2025-12-02 06:30:00+00:00 | entry=832.42 | sl=830.71 | tp=835.84 | pct_to_tp=0.41% | pct_to_sl=0.21%
[CLOSE] LONG | entry=832.42 | exit=830.71 | reason=SL | net=-104.30 USD | equity=10325.91 USD
[OPEN]  LONG | ts=2025-12-02 07:30:00+00:00 | entry=831.11 | sl=829.50 | tp=834.33 | pct_to_tp=0.39% | pct_to_sl=0.19%
[CLOSE] LONG | entry=831.11 | exit=829.50 | reason=SL | net=-103.26 USD | equity=10222.65 USD
[OPEN]  LONG | ts=2025-12-02 09:15:00+00:00 | entry=833.10 | sl=829.46 | tp=840.38 | pct_to_tp=0.87% | pct_to_sl=0.44%
[CLOSE] LONG | entry=833.10 | exit=840.38 | reason=TP | net=+204.45 USD | equity=10427.10 USD
[OPEN]  LONG | ts=2025-12-04 06:00:00+00:00 | entry=911.38 | sl=908.00 | tp=918.14 | pct_to_tp=0.74% | pct_to_sl=0.37%
[CLOSE] LONG | entry=911.38 | exit=908.00 | reason=SL | net=-104.27 USD | equity=10322.83 USD
[OPEN]  LONG | ts=2025-12-04 09:30:00+00:00 | entry=912.98 | sl=909.80 | tp=919.34 | pct_to_tp=0.70% | pct_to_sl=0.35%
[CLOSE] LONG | entry=912.98 | exit=909.80 | reason=SL | net=-103.23 USD | equity=10219.60 USD
[OPEN]  LONG | ts=2025-12-04 12:30:00+00:00 | entry=909.80 | sl=907.60 | tp=914.20 | pct_to_tp=0.48% | pct_to_sl=0.24%
[CLOSE] LONG | entry=909.80 | exit=907.60 | reason=SL | net=-102.20 USD | equity=10117.41 USD
[OPEN]  SHORT | ts=2025-12-04 14:30:00+00:00 | entry=907.70 | sl=910.34 | tp=902.42 | pct_to_tp=0.58% | pct_to_sl=0.29%
[CLOSE] SHORT | entry=907.70 | exit=902.42 | reason=TP | net=+202.35 USD | equity=10319.75 USD
[OPEN]  SHORT | ts=2025-12-04 16:30:00+00:00 | entry=907.07 | sl=909.68 | tp=901.85 | pct_to_tp=0.58% | pct_to_sl=0.29%
[CLOSE] SHORT | entry=907.07 | exit=901.85 | reason=TP | net=+206.40 USD | equity=10526.15 USD
[OPEN]  SHORT | ts=2025-12-04 19:00:00+00:00 | entry=892.32 | sl=900.10 | tp=876.76 | pct_to_tp=1.74% | pct_to_sl=0.87%
[CLOSE] SHORT | entry=892.32 | exit=900.10 | reason=SL | net=-105.26 USD | equity=10420.89 USD
[OPEN]  SHORT | ts=2025-12-05 02:45:00+00:00 | entry=904.64 | sl=906.28 | tp=901.36 | pct_to_tp=0.36% | pct_to_sl=0.18%
[CLOSE] SHORT | entry=904.64 | exit=906.28 | reason=SL | net=-104.21 USD | equity=10316.68 USD
[OPEN]  SHORT | ts=2025-12-05 04:15:00+00:00 | entry=903.17 | sl=905.30 | tp=898.91 | pct_to_tp=0.47% | pct_to_sl=0.24%
[CLOSE] SHORT | entry=903.17 | exit=898.91 | reason=TP | net=+206.33 USD | equity=10523.01 USD
[OPEN]  SHORT | ts=2025-12-05 07:15:00+00:00 | entry=904.39 | sl=906.04 | tp=901.09 | pct_to_tp=0.36% | pct_to_sl=0.18%
[CLOSE] SHORT | entry=904.39 | exit=901.09 | reason=TP | net=+210.46 USD | equity=10733.47 USD
[OPEN]  SHORT | ts=2025-12-05 09:15:00+00:00 | entry=892.35 | sl=897.21 | tp=882.63 | pct_to_tp=1.09% | pct_to_sl=0.54%
[CLOSE] SHORT | entry=892.35 | exit=897.21 | reason=SL | net=-107.33 USD | equity=10626.14 USD
[OPEN]  SHORT | ts=2025-12-05 16:00:00+00:00 | entry=881.49 | sl=889.39 | tp=865.69 | pct_to_tp=1.79% | pct_to_sl=0.90%
[CLOSE] SHORT | entry=881.49 | exit=889.39 | reason=SL | net=-106.26 USD | equity=10519.88 USD
[OPEN]  LONG | ts=2025-12-06 20:30:00+00:00 | entry=894.68 | sl=892.75 | tp=898.54 | pct_to_tp=0.43% | pct_to_sl=0.22%
[CLOSE] LONG | entry=894.68 | exit=892.75 | reason=SL | net=-105.20 USD | equity=10414.68 USD
[OPEN]  LONG | ts=2025-12-07 06:00:00+00:00 | entry=896.04 | sl=893.93 | tp=900.26 | pct_to_tp=0.47% | pct_to_sl=0.24%
[CLOSE] LONG | entry=896.04 | exit=893.93 | reason=SL | net=-104.15 USD | equity=10310.53 USD
[OPEN]  SHORT | ts=2025-12-07 14:00:00+00:00 | entry=884.76 | sl=887.50 | tp=879.28 | pct_to_tp=0.62% | pct_to_sl=0.31%
[CLOSE] SHORT | entry=884.76 | exit=879.28 | reason=TP | net=+206.21 USD | equity=10516.74 USD
[OPEN]  LONG | ts=2025-12-08 01:00:00+00:00 | entry=898.61 | sl=895.72 | tp=904.39 | pct_to_tp=0.64% | pct_to_sl=0.32%
[CLOSE] LONG | entry=898.61 | exit=904.39 | reason=TP | net=+210.33 USD | equity=10727.08 USD
[OPEN]  LONG | ts=2025-12-08 02:45:00+00:00 | entry=902.66 | sl=900.20 | tp=907.58 | pct_to_tp=0.55% | pct_to_sl=0.27%
[CLOSE] LONG | entry=902.66 | exit=900.20 | reason=SL | net=-107.27 USD | equity=10619.81 USD
[OPEN]  SHORT | ts=2025-12-09 05:45:00+00:00 | entry=889.09 | sl=892.38 | tp=882.51 | pct_to_tp=0.74% | pct_to_sl=0.37%
[CLOSE] SHORT | entry=889.09 | exit=882.51 | reason=TP | net=+212.40 USD | equity=10832.20 USD
[OPEN]  SHORT | ts=2025-12-10 09:15:00+00:00 | entry=890.04 | sl=891.10 | tp=887.92 | pct_to_tp=0.24% | pct_to_sl=0.12%
[CLOSE] SHORT | entry=890.04 | exit=891.10 | reason=SL | net=-108.32 USD | equity=10723.88 USD
[OPEN]  SHORT | ts=2025-12-10 10:15:00+00:00 | entry=889.38 | sl=893.15 | tp=881.84 | pct_to_tp=0.85% | pct_to_sl=0.42%
[CLOSE] SHORT | entry=889.38 | exit=893.15 | reason=SL | net=-107.24 USD | equity=10616.64 USD
[OPEN]  SHORT | ts=2025-12-11 19:45:00+00:00 | entry=876.05 | sl=880.15 | tp=867.85 | pct_to_tp=0.94% | pct_to_sl=0.47%
[CLOSE] SHORT | entry=876.05 | exit=880.15 | reason=SL | net=-106.17 USD | equity=10510.48 USD
[OPEN]  LONG | ts=2025-12-12 14:30:00+00:00 | entry=891.82 | sl=887.32 | tp=900.82 | pct_to_tp=1.01% | pct_to_sl=0.50%
[CLOSE] LONG | entry=891.82 | exit=887.32 | reason=SL | net=-105.10 USD | equity=10405.37 USD
[OPEN]  SHORT | ts=2025-12-12 19:00:00+00:00 | entry=876.37 | sl=880.00 | tp=869.11 | pct_to_tp=0.83% | pct_to_sl=0.41%
[CLOSE] SHORT | entry=876.37 | exit=880.00 | reason=SL | net=-104.05 USD | equity=10301.32 USD
[OPEN]  LONG | ts=2025-12-13 09:30:00+00:00 | entry=889.08 | sl=887.99 | tp=891.26 | pct_to_tp=0.25% | pct_to_sl=0.12%
[CLOSE] LONG | entry=889.08 | exit=891.26 | reason=TP | net=+206.03 USD | equity=10507.34 USD
[OPEN]  LONG | ts=2025-12-13 15:00:00+00:00 | entry=898.48 | sl=891.29 | tp=912.86 | pct_to_tp=1.60% | pct_to_sl=0.80%
[CLOSE] LONG | entry=898.48 | exit=891.29 | reason=SL | net=-105.07 USD | equity=10402.27 USD
[OPEN]  LONG | ts=2025-12-13 19:30:00+00:00 | entry=894.09 | sl=892.00 | tp=898.27 | pct_to_tp=0.47% | pct_to_sl=0.23%
[CLOSE] LONG | entry=894.09 | exit=892.00 | reason=SL | net=-104.02 USD | equity=10298.25 USD
[OPEN]  LONG | ts=2025-12-13 22:15:00+00:00 | entry=894.49 | sl=893.38 | tp=896.71 | pct_to_tp=0.25% | pct_to_sl=0.12%
[CLOSE] LONG | entry=894.49 | exit=896.71 | reason=TP | net=+205.96 USD | equity=10504.21 USD
[OPEN]  LONG | ts=2025-12-13 23:30:00+00:00 | entry=896.82 | sl=895.11 | tp=900.24 | pct_to_tp=0.38% | pct_to_sl=0.19%
[CLOSE] LONG | entry=896.82 | exit=895.11 | reason=SL | net=-105.04 USD | equity=10399.17 USD
[OPEN]  LONG | ts=2025-12-14 07:45:00+00:00 | entry=896.18 | sl=894.08 | tp=900.38 | pct_to_tp=0.47% | pct_to_sl=0.23%
[CLOSE] LONG | entry=896.18 | exit=894.08 | reason=SL | net=-103.99 USD | equity=10295.18 USD
[OPEN]  SHORT | ts=2025-12-15 15:00:00+00:00 | entry=865.42 | sl=871.64 | tp=852.98 | pct_to_tp=1.44% | pct_to_sl=0.72%
[CLOSE] SHORT | entry=865.42 | exit=852.98 | reason=TP | net=+205.90 USD | equity=10501.08 USD
[OPEN]  SHORT | ts=2025-12-16 07:00:00+00:00 | entry=863.33 | sl=865.90 | tp=858.19 | pct_to_tp=0.60% | pct_to_sl=0.30%
[CLOSE] SHORT | entry=863.33 | exit=858.19 | reason=TP | net=+210.02 USD | equity=10711.10 USD
[OPEN]  LONG | ts=2025-12-16 15:45:00+00:00 | entry=876.65 | sl=870.18 | tp=889.59 | pct_to_tp=1.48% | pct_to_sl=0.74%
[CLOSE] LONG | entry=876.65 | exit=870.18 | reason=SL | net=-107.11 USD | equity=10603.99 USD
[OPEN]  SHORT | ts=2025-12-17 08:15:00+00:00 | entry=864.27 | sl=867.11 | tp=858.59 | pct_to_tp=0.66% | pct_to_sl=0.33%
[CLOSE] SHORT | entry=864.27 | exit=858.59 | reason=TP | net=+212.08 USD | equity=10816.07 USD
[OPEN]  SHORT | ts=2025-12-17 10:15:00+00:00 | entry=856.35 | sl=859.21 | tp=850.63 | pct_to_tp=0.67% | pct_to_sl=0.33%
[CLOSE] SHORT | entry=856.35 | exit=859.21 | reason=SL | net=-108.16 USD | equity=10707.91 USD
[OPEN]  SHORT | ts=2025-12-17 16:15:00+00:00 | entry=843.38 | sl=851.13 | tp=827.88 | pct_to_tp=1.84% | pct_to_sl=0.92%
[CLOSE] SHORT | entry=843.38 | exit=851.13 | reason=SL | net=-107.08 USD | equity=10600.83 USD
[OPEN]  LONG | ts=2025-12-18 17:30:00+00:00 | entry=831.55 | sl=824.30 | tp=846.05 | pct_to_tp=1.74% | pct_to_sl=0.87%
[CLOSE] LONG | entry=831.55 | exit=824.30 | reason=SL | net=-106.01 USD | equity=10494.82 USD
[OPEN]  SHORT | ts=2025-12-19 04:30:00+00:00 | entry=835.79 | sl=839.97 | tp=827.43 | pct_to_tp=1.00% | pct_to_sl=0.50%
[CLOSE] SHORT | entry=835.79 | exit=839.97 | reason=SL | net=-104.95 USD | equity=10389.88 USD
[OPEN]  LONG | ts=2025-12-19 19:15:00+00:00 | entry=851.93 | sl=849.75 | tp=856.29 | pct_to_tp=0.51% | pct_to_sl=0.26%
[CLOSE] LONG | entry=851.93 | exit=856.29 | reason=TP | net=+207.80 USD | equity=10597.67 USD
[OPEN]  LONG | ts=2025-12-20 08:15:00+00:00 | entry=855.94 | sl=854.56 | tp=858.70 | pct_to_tp=0.32% | pct_to_sl=0.16%
[CLOSE] LONG | entry=855.94 | exit=854.56 | reason=SL | net=-105.98 USD | equity=10491.70 USD
[OPEN]  LONG | ts=2025-12-21 23:45:00+00:00 | entry=858.64 | sl=857.41 | tp=861.10 | pct_to_tp=0.29% | pct_to_sl=0.14%
[CLOSE] LONG | entry=858.64 | exit=861.10 | reason=TP | net=+209.83 USD | equity=10701.53 USD
[OPEN]  LONG | ts=2025-12-22 04:15:00+00:00 | entry=858.51 | sl=855.53 | tp=864.47 | pct_to_tp=0.69% | pct_to_sl=0.35%
[CLOSE] LONG | entry=858.51 | exit=864.47 | reason=TP | net=+214.03 USD | equity=10915.56 USD
[OPEN]  SHORT | ts=2025-12-23 12:00:00+00:00 | entry=851.60 | sl=852.98 | tp=848.84 | pct_to_tp=0.32% | pct_to_sl=0.16%
[CLOSE] SHORT | entry=851.60 | exit=848.84 | reason=TP | net=+218.31 USD | equity=11133.87 USD
[OPEN]  SHORT | ts=2025-12-23 13:45:00+00:00 | entry=848.44 | sl=850.12 | tp=845.08 | pct_to_tp=0.40% | pct_to_sl=0.20%
[CLOSE] SHORT | entry=848.44 | exit=850.12 | reason=SL | net=-111.34 USD | equity=11022.53 USD
[OPEN]  SHORT | ts=2025-12-23 17:00:00+00:00 | entry=845.81 | sl=849.62 | tp=838.19 | pct_to_tp=0.90% | pct_to_sl=0.45%
[CLOSE] SHORT | entry=845.81 | exit=838.19 | reason=TP | net=+220.45 USD | equity=11242.98 USD
[OPEN]  SHORT | ts=2025-12-24 16:15:00+00:00 | entry=840.34 | sl=842.30 | tp=836.42 | pct_to_tp=0.47% | pct_to_sl=0.23%
[CLOSE] SHORT | entry=840.34 | exit=842.30 | reason=SL | net=-112.43 USD | equity=11130.55 USD
[OPEN]  SHORT | ts=2025-12-25 08:15:00+00:00 | entry=840.11 | sl=842.63 | tp=835.07 | pct_to_tp=0.60% | pct_to_sl=0.30%
[CLOSE] SHORT | entry=840.11 | exit=842.63 | reason=SL | net=-111.31 USD | equity=11019.25 USD
[OPEN]  SHORT | ts=2025-12-25 23:15:00+00:00 | entry=837.08 | sl=838.56 | tp=834.12 | pct_to_tp=0.35% | pct_to_sl=0.18%
[CLOSE] SHORT | entry=837.08 | exit=834.12 | reason=TP | net=+220.38 USD | equity=11239.63 USD
[OPEN]  SHORT | ts=2025-12-26 15:00:00+00:00 | entry=824.36 | sl=830.21 | tp=812.66 | pct_to_tp=1.42% | pct_to_sl=0.71%
[CLOSE] SHORT | entry=824.36 | exit=830.21 | reason=SL | net=-112.40 USD | equity=11127.24 USD
[OPEN]  LONG | ts=2025-12-28 08:30:00+00:00 | entry=846.25 | sl=844.61 | tp=849.53 | pct_to_tp=0.39% | pct_to_sl=0.19%
[CLOSE] LONG | entry=846.25 | exit=844.61 | reason=SL | net=-111.27 USD | equity=11015.96 USD
[OPEN]  LONG | ts=2025-12-30 13:00:00+00:00 | entry=859.34 | sl=856.41 | tp=865.20 | pct_to_tp=0.68% | pct_to_sl=0.34%
[CLOSE] LONG | entry=859.34 | exit=865.20 | reason=TP | net=+220.32 USD | equity=11236.28 USD
[OPEN]  LONG | ts=2025-12-31 06:45:00+00:00 | entry=866.12 | sl=865.05 | tp=868.26 | pct_to_tp=0.25% | pct_to_sl=0.12%
[CLOSE] LONG | entry=866.12 | exit=865.05 | reason=SL | net=-112.36 USD | equity=11123.92 USD
[OPEN]  LONG | ts=2026-01-01 00:15:00+00:00 | entry=866.29 | sl=865.15 | tp=868.57 | pct_to_tp=0.26% | pct_to_sl=0.13%
[CLOSE] LONG | entry=866.29 | exit=868.57 | reason=TP | net=+222.48 USD | equity=11346.40 USD
[OPEN]  LONG | ts=2026-01-01 01:45:00+00:00 | entry=872.83 | sl=870.14 | tp=878.21 | pct_to_tp=0.62% | pct_to_sl=0.31%
[CLOSE] LONG | entry=872.83 | exit=870.14 | reason=SL | net=-113.46 USD | equity=11232.94 USD
[OPEN]  LONG | ts=2026-01-02 06:30:00+00:00 | entry=867.72 | sl=866.48 | tp=870.20 | pct_to_tp=0.29% | pct_to_sl=0.14%
[CLOSE] LONG | entry=867.72 | exit=866.48 | reason=SL | net=-112.33 USD | equity=11120.61 USD
[OPEN]  LONG | ts=2026-01-02 08:00:00+00:00 | entry=868.51 | sl=864.89 | tp=875.75 | pct_to_tp=0.83% | pct_to_sl=0.42%
[CLOSE] LONG | entry=868.51 | exit=875.75 | reason=TP | net=+222.41 USD | equity=11343.02 USD
[OPEN]  LONG | ts=2026-01-02 15:30:00+00:00 | entry=879.96 | sl=872.80 | tp=894.28 | pct_to_tp=1.63% | pct_to_sl=0.81%
[CLOSE] LONG | entry=879.96 | exit=872.80 | reason=SL | net=-113.43 USD | equity=11229.59 USD
[OPEN]  LONG | ts=2026-01-04 00:00:00+00:00 | entry=882.58 | sl=878.47 | tp=890.80 | pct_to_tp=0.93% | pct_to_sl=0.47%
[CLOSE] LONG | entry=882.58 | exit=890.80 | reason=TP | net=+224.59 USD | equity=11454.18 USD
[OPEN]  LONG | ts=2026-01-04 16:30:00+00:00 | entry=893.26 | sl=891.56 | tp=896.66 | pct_to_tp=0.38% | pct_to_sl=0.19%
[CLOSE] LONG | entry=893.26 | exit=896.66 | reason=TP | net=+229.08 USD | equity=11683.26 USD
[OPEN]  LONG | ts=2026-01-05 06:00:00+00:00 | entry=894.36 | sl=892.50 | tp=898.08 | pct_to_tp=0.42% | pct_to_sl=0.21%
[CLOSE] LONG | entry=894.36 | exit=892.50 | reason=SL | net=-116.83 USD | equity=11566.43 USD
[OPEN]  LONG | ts=2026-01-05 06:45:00+00:00 | entry=899.88 | sl=895.38 | tp=908.88 | pct_to_tp=1.00% | pct_to_sl=0.50%
[CLOSE] LONG | entry=899.88 | exit=908.88 | reason=TP | net=+231.33 USD | equity=11797.76 USD
[OPEN]  LONG | ts=2026-01-05 15:30:00+00:00 | entry=905.79 | sl=901.78 | tp=913.81 | pct_to_tp=0.89% | pct_to_sl=0.44%
[CLOSE] LONG | entry=905.79 | exit=901.78 | reason=SL | net=-117.98 USD | equity=11679.78 USD
[OPEN]  LONG | ts=2026-01-05 18:30:00+00:00 | entry=905.94 | sl=904.19 | tp=909.44 | pct_to_tp=0.39% | pct_to_sl=0.19%
[CLOSE] LONG | entry=905.94 | exit=909.44 | reason=TP | net=+233.60 USD | equity=11913.38 USD
[OPEN]  LONG | ts=2026-01-06 03:15:00+00:00 | entry=907.09 | sl=905.78 | tp=909.71 | pct_to_tp=0.29% | pct_to_sl=0.14%
[CLOSE] LONG | entry=907.09 | exit=909.71 | reason=TP | net=+238.27 USD | equity=12151.65 USD
[OPEN]  LONG | ts=2026-01-06 06:00:00+00:00 | entry=907.95 | sl=905.00 | tp=913.85 | pct_to_tp=0.65% | pct_to_sl=0.32%
[CLOSE] LONG | entry=907.95 | exit=905.00 | reason=SL | net=-121.52 USD | equity=12030.13 USD
[OPEN]  LONG | ts=2026-01-06 06:30:00+00:00 | entry=909.76 | sl=906.48 | tp=916.32 | pct_to_tp=0.72% | pct_to_sl=0.36%
[CLOSE] LONG | entry=909.76 | exit=906.48 | reason=SL | net=-120.30 USD | equity=11909.83 USD
[OPEN]  LONG | ts=2026-01-06 08:00:00+00:00 | entry=906.15 | sl=904.55 | tp=909.35 | pct_to_tp=0.35% | pct_to_sl=0.18%
[CLOSE] LONG | entry=906.15 | exit=904.55 | reason=SL | net=-119.10 USD | equity=11790.73 USD
[OPEN]  LONG | ts=2026-01-06 08:45:00+00:00 | entry=907.58 | sl=905.01 | tp=912.72 | pct_to_tp=0.57% | pct_to_sl=0.28%
[CLOSE] LONG | entry=907.58 | exit=912.72 | reason=TP | net=+235.81 USD | equity=12026.54 USD
[OPEN]  LONG | ts=2026-01-07 02:30:00+00:00 | entry=911.17 | sl=907.68 | tp=918.15 | pct_to_tp=0.77% | pct_to_sl=0.38%
[CLOSE] LONG | entry=911.17 | exit=918.15 | reason=TP | net=+240.53 USD | equity=12267.07 USD
[OPEN]  LONG | ts=2026-01-07 11:00:00+00:00 | entry=912.61 | sl=910.00 | tp=917.83 | pct_to_tp=0.57% | pct_to_sl=0.29%
[CLOSE] LONG | entry=912.61 | exit=910.00 | reason=SL | net=-122.67 USD | equity=12144.40 USD
[OPEN]  SHORT | ts=2026-01-08 00:00:00+00:00 | entry=898.58 | sl=900.50 | tp=894.74 | pct_to_tp=0.43% | pct_to_sl=0.21%
[CLOSE] SHORT | entry=898.58 | exit=900.50 | reason=SL | net=-121.44 USD | equity=12022.96 USD
[OPEN]  SHORT | ts=2026-01-08 02:15:00+00:00 | entry=896.98 | sl=900.88 | tp=889.18 | pct_to_tp=0.87% | pct_to_sl=0.43%
[CLOSE] SHORT | entry=896.98 | exit=889.18 | reason=TP | net=+240.46 USD | equity=12263.42 USD
[OPEN]  SHORT | ts=2026-01-08 17:15:00+00:00 | entry=887.99 | sl=890.55 | tp=882.87 | pct_to_tp=0.58% | pct_to_sl=0.29%
[CLOSE] SHORT | entry=887.99 | exit=890.55 | reason=SL | net=-122.63 USD | equity=12140.78 USD
[OPEN]  SHORT | ts=2026-01-08 18:00:00+00:00 | entry=889.26 | sl=891.71 | tp=884.36 | pct_to_tp=0.55% | pct_to_sl=0.28%
[CLOSE] SHORT | entry=889.26 | exit=891.71 | reason=SL | net=-121.41 USD | equity=12019.38 USD
[OPEN]  SHORT | ts=2026-01-08 22:30:00+00:00 | entry=890.96 | sl=893.22 | tp=886.44 | pct_to_tp=0.51% | pct_to_sl=0.25%
[CLOSE] SHORT | entry=890.96 | exit=893.22 | reason=SL | net=-120.19 USD | equity=11899.18 USD
[OPEN]  SHORT | ts=2026-01-09 11:45:00+00:00 | entry=889.64 | sl=891.45 | tp=886.02 | pct_to_tp=0.41% | pct_to_sl=0.20%
[CLOSE] SHORT | entry=889.64 | exit=891.45 | reason=SL | net=-118.99 USD | equity=11780.19 USD
[OPEN]  SHORT | ts=2026-01-09 14:00:00+00:00 | entry=887.73 | sl=890.53 | tp=882.13 | pct_to_tp=0.63% | pct_to_sl=0.32%
[CLOSE] SHORT | entry=887.73 | exit=890.53 | reason=SL | net=-117.80 USD | equity=11662.39 USD
[OPEN]  SHORT | ts=2026-01-09 16:15:00+00:00 | entry=898.33 | sl=901.06 | tp=892.87 | pct_to_tp=0.61% | pct_to_sl=0.30%
[CLOSE] SHORT | entry=898.33 | exit=892.87 | reason=TP | net=+233.25 USD | equity=11895.64 USD
[OPEN]  LONG | ts=2026-01-10 10:45:00+00:00 | entry=902.68 | sl=900.71 | tp=906.62 | pct_to_tp=0.44% | pct_to_sl=0.22%
[CLOSE] LONG | entry=902.68 | exit=900.71 | reason=SL | net=-118.96 USD | equity=11776.68 USD
[OPEN]  LONG | ts=2026-01-10 23:45:00+00:00 | entry=907.93 | sl=906.84 | tp=910.11 | pct_to_tp=0.24% | pct_to_sl=0.12%
[CLOSE] LONG | entry=907.93 | exit=906.84 | reason=SL | net=-117.77 USD | equity=11658.91 USD
[OPEN]  LONG | ts=2026-01-11 01:45:00+00:00 | entry=908.05 | sl=906.51 | tp=911.13 | pct_to_tp=0.34% | pct_to_sl=0.17%
[CLOSE] LONG | entry=908.05 | exit=911.13 | reason=TP | net=+233.18 USD | equity=11892.09 USD
[OPEN]  LONG | ts=2026-01-11 03:30:00+00:00 | entry=911.07 | sl=909.04 | tp=915.13 | pct_to_tp=0.45% | pct_to_sl=0.22%
[CLOSE] LONG | entry=911.07 | exit=915.13 | reason=TP | net=+237.84 USD | equity=12129.93 USD
[OPEN]  LONG | ts=2026-01-11 14:00:00+00:00 | entry=915.07 | sl=913.14 | tp=918.93 | pct_to_tp=0.42% | pct_to_sl=0.21%
[CLOSE] LONG | entry=915.07 | exit=913.14 | reason=SL | net=-121.30 USD | equity=12008.63 USD
[OPEN]  SHORT | ts=2026-01-12 13:00:00+00:00 | entry=898.72 | sl=902.00 | tp=892.16 | pct_to_tp=0.73% | pct_to_sl=0.36%
[CLOSE] SHORT | entry=898.72 | exit=902.00 | reason=SL | net=-120.09 USD | equity=11888.55 USD
[OPEN]  LONG | ts=2026-01-13 07:00:00+00:00 | entry=914.29 | sl=911.63 | tp=919.61 | pct_to_tp=0.58% | pct_to_sl=0.29%
[CLOSE] LONG | entry=914.29 | exit=911.63 | reason=SL | net=-118.89 USD | equity=11769.66 USD
[OPEN]  LONG | ts=2026-01-13 09:00:00+00:00 | entry=912.13 | sl=910.28 | tp=915.83 | pct_to_tp=0.41% | pct_to_sl=0.20%
[CLOSE] LONG | entry=912.13 | exit=910.28 | reason=SL | net=-117.70 USD | equity=11651.97 USD
[OPEN]  LONG | ts=2026-01-13 13:15:00+00:00 | entry=911.00 | sl=909.47 | tp=914.06 | pct_to_tp=0.34% | pct_to_sl=0.17%
[CLOSE] LONG | entry=911.00 | exit=909.47 | reason=SL | net=-116.52 USD | equity=11535.45 USD
[OPEN]  LONG | ts=2026-01-13 14:15:00+00:00 | entry=911.18 | sl=909.10 | tp=915.34 | pct_to_tp=0.46% | pct_to_sl=0.23%
[CLOSE] LONG | entry=911.18 | exit=909.10 | reason=SL | net=-115.35 USD | equity=11420.09 USD
[OPEN]  LONG | ts=2026-01-13 15:30:00+00:00 | entry=914.37 | sl=910.90 | tp=921.31 | pct_to_tp=0.76% | pct_to_sl=0.38%
[CLOSE] LONG | entry=914.37 | exit=921.31 | reason=TP | net=+228.40 USD | equity=11648.49 USD
[OPEN]  LONG | ts=2026-01-14 07:45:00+00:00 | entry=937.45 | sl=936.18 | tp=939.99 | pct_to_tp=0.27% | pct_to_sl=0.14%
[CLOSE] LONG | entry=937.45 | exit=936.18 | reason=SL | net=-116.48 USD | equity=11532.01 USD
[OPEN]  LONG | ts=2026-01-14 09:00:00+00:00 | entry=938.31 | sl=936.06 | tp=942.81 | pct_to_tp=0.48% | pct_to_sl=0.24%
[CLOSE] LONG | entry=938.31 | exit=936.06 | reason=SL | net=-115.32 USD | equity=11416.69 USD
[OPEN]  LONG | ts=2026-01-14 11:15:00+00:00 | entry=931.91 | sl=929.20 | tp=937.33 | pct_to_tp=0.58% | pct_to_sl=0.29%
[CLOSE] LONG | entry=931.91 | exit=929.20 | reason=SL | net=-114.17 USD | equity=11302.52 USD
[OPEN]  LONG | ts=2026-01-14 19:15:00+00:00 | entry=946.81 | sl=942.93 | tp=954.57 | pct_to_tp=0.82% | pct_to_sl=0.41%
[CLOSE] LONG | entry=946.81 | exit=942.93 | reason=SL | net=-113.03 USD | equity=11189.50 USD
[OPEN]  SHORT | ts=2026-01-15 09:00:00+00:00 | entry=941.11 | sl=942.92 | tp=937.49 | pct_to_tp=0.38% | pct_to_sl=0.19%
[CLOSE] SHORT | entry=941.11 | exit=942.92 | reason=SL | net=-111.89 USD | equity=11077.60 USD
[OPEN]  SHORT | ts=2026-01-15 09:45:00+00:00 | entry=941.08 | sl=942.59 | tp=938.06 | pct_to_tp=0.32% | pct_to_sl=0.16%
[CLOSE] SHORT | entry=941.08 | exit=938.06 | reason=TP | net=+221.55 USD | equity=11299.15 USD
[OPEN]  LONG | ts=2026-01-15 12:00:00+00:00 | entry=939.28 | sl=937.85 | tp=942.14 | pct_to_tp=0.30% | pct_to_sl=0.15%
[CLOSE] LONG | entry=939.28 | exit=937.85 | reason=SL | net=-112.99 USD | equity=11186.16 USD
[OPEN]  LONG | ts=2026-01-15 12:30:00+00:00 | entry=938.95 | sl=937.24 | tp=942.37 | pct_to_tp=0.36% | pct_to_sl=0.18%
[CLOSE] LONG | entry=938.95 | exit=942.37 | reason=TP | net=+223.72 USD | equity=11409.89 USD
[OPEN]  LONG | ts=2026-01-15 14:00:00+00:00 | entry=945.30 | sl=943.06 | tp=949.78 | pct_to_tp=0.47% | pct_to_sl=0.24%
[CLOSE] LONG | entry=945.30 | exit=943.06 | reason=SL | net=-114.10 USD | equity=11295.79 USD
[OPEN]  LONG | ts=2026-01-15 16:30:00+00:00 | entry=940.19 | sl=936.71 | tp=947.15 | pct_to_tp=0.74% | pct_to_sl=0.37%
[CLOSE] LONG | entry=940.19 | exit=936.71 | reason=SL | net=-112.96 USD | equity=11182.83 USD
[OPEN]  LONG | ts=2026-01-17 09:30:00+00:00 | entry=940.99 | sl=937.98 | tp=947.01 | pct_to_tp=0.64% | pct_to_sl=0.32%
[CLOSE] LONG | entry=940.99 | exit=947.01 | reason=TP | net=+223.66 USD | equity=11406.49 USD
[OPEN]  LONG | ts=2026-01-18 02:00:00+00:00 | entry=946.79 | sl=945.04 | tp=950.29 | pct_to_tp=0.37% | pct_to_sl=0.18%
[CLOSE] LONG | entry=946.79 | exit=945.04 | reason=SL | net=-114.06 USD | equity=11292.42 USD
[OPEN]  LONG | ts=2026-01-18 03:00:00+00:00 | entry=947.68 | sl=946.35 | tp=950.34 | pct_to_tp=0.28% | pct_to_sl=0.14%
[CLOSE] LONG | entry=947.68 | exit=950.34 | reason=TP | net=+225.85 USD | equity=11518.27 USD
[OPEN]  LONG | ts=2026-01-18 15:30:00+00:00 | entry=949.83 | sl=946.89 | tp=955.71 | pct_to_tp=0.62% | pct_to_sl=0.31%
[CLOSE] LONG | entry=949.83 | exit=946.89 | reason=SL | net=-115.18 USD | equity=11403.09 USD
[OPEN]  SHORT | ts=2026-01-19 14:00:00+00:00 | entry=926.20 | sl=929.53 | tp=919.54 | pct_to_tp=0.72% | pct_to_sl=0.36%
[CLOSE] SHORT | entry=926.20 | exit=919.54 | reason=TP | net=+228.06 USD | equity=11631.15 USD
[OPEN]  SHORT | ts=2026-01-20 02:00:00+00:00 | entry=928.24 | sl=932.50 | tp=919.72 | pct_to_tp=0.92% | pct_to_sl=0.46%
[CLOSE] SHORT | entry=928.24 | exit=919.72 | reason=TP | net=+232.62 USD | equity=11863.77 USD
[OPEN]  SHORT | ts=2026-01-20 06:00:00+00:00 | entry=921.01 | sl=922.27 | tp=918.49 | pct_to_tp=0.27% | pct_to_sl=0.14%
[CLOSE] SHORT | entry=921.01 | exit=918.49 | reason=TP | net=+237.28 USD | equity=12101.05 USD
[OPEN]  SHORT | ts=2026-01-20 06:45:00+00:00 | entry=915.32 | sl=917.36 | tp=911.24 | pct_to_tp=0.45% | pct_to_sl=0.22%
[CLOSE] SHORT | entry=915.32 | exit=917.36 | reason=SL | net=-121.01 USD | equity=11980.04 USD
[OPEN]  LONG | ts=2026-01-22 00:00:00+00:00 | entry=886.31 | sl=883.35 | tp=892.23 | pct_to_tp=0.67% | pct_to_sl=0.33%
[CLOSE] LONG | entry=886.31 | exit=892.23 | reason=TP | net=+239.60 USD | equity=12219.64 USD
[OPEN]  SHORT | ts=2026-01-22 18:00:00+00:00 | entry=886.32 | sl=887.91 | tp=883.14 | pct_to_tp=0.36% | pct_to_sl=0.18%
[CLOSE] SHORT | entry=886.32 | exit=887.91 | reason=SL | net=-122.20 USD | equity=12097.44 USD
[OPEN]  SHORT | ts=2026-01-22 18:45:00+00:00 | entry=884.20 | sl=887.04 | tp=878.52 | pct_to_tp=0.64% | pct_to_sl=0.32%
[CLOSE] SHORT | entry=884.20 | exit=887.04 | reason=SL | net=-120.97 USD | equity=11976.47 USD
[OPEN]  SHORT | ts=2026-01-23 14:30:00+00:00 | entry=885.34 | sl=891.00 | tp=874.02 | pct_to_tp=1.28% | pct_to_sl=0.64%
[CLOSE] SHORT | entry=885.34 | exit=891.00 | reason=SL | net=-119.76 USD | equity=11856.70 USD
[OPEN]  SHORT | ts=2026-01-25 01:30:00+00:00 | entry=883.75 | sl=885.30 | tp=880.65 | pct_to_tp=0.35% | pct_to_sl=0.18%
[CLOSE] SHORT | entry=883.75 | exit=880.65 | reason=TP | net=+237.13 USD | equity=12093.84 USD
[OPEN]  SHORT | ts=2026-01-25 11:00:00+00:00 | entry=881.14 | sl=882.16 | tp=879.10 | pct_to_tp=0.23% | pct_to_sl=0.12%
[CLOSE] SHORT | entry=881.14 | exit=882.16 | reason=SL | net=-120.94 USD | equity=11972.90 USD
[OPEN]  SHORT | ts=2026-01-25 11:30:00+00:00 | entry=880.62 | sl=882.70 | tp=876.46 | pct_to_tp=0.47% | pct_to_sl=0.24%
[CLOSE] SHORT | entry=880.62 | exit=876.46 | reason=TP | net=+239.46 USD | equity=12212.36 USD
[OPEN]  SHORT | ts=2026-01-26 02:00:00+00:00 | entry=870.71 | sl=874.41 | tp=863.31 | pct_to_tp=0.85% | pct_to_sl=0.42%
[CLOSE] SHORT | entry=870.71 | exit=874.41 | reason=SL | net=-122.12 USD | equity=12090.23 USD
[OPEN]  SHORT | ts=2026-01-26 02:30:00+00:00 | entry=871.69 | sl=874.99 | tp=865.09 | pct_to_tp=0.76% | pct_to_sl=0.38%
[CLOSE] SHORT | entry=871.69 | exit=874.99 | reason=SL | net=-120.90 USD | equity=11969.33 USD
[OPEN]  LONG | ts=2026-01-26 10:00:00+00:00 | entry=872.28 | sl=870.15 | tp=876.54 | pct_to_tp=0.49% | pct_to_sl=0.24%
[CLOSE] LONG | entry=872.28 | exit=876.54 | reason=TP | net=+239.39 USD | equity=12208.72 USD
[OPEN]  LONG | ts=2026-01-27 02:00:00+00:00 | entry=882.61 | sl=881.18 | tp=885.47 | pct_to_tp=0.32% | pct_to_sl=0.16%
[CLOSE] LONG | entry=882.61 | exit=885.47 | reason=TP | net=+244.17 USD | equity=12452.89 USD
[OPEN]  LONG | ts=2026-01-27 16:00:00+00:00 | entry=891.90 | sl=885.73 | tp=904.24 | pct_to_tp=1.38% | pct_to_sl=0.69%
[CLOSE] LONG | entry=891.90 | exit=885.73 | reason=SL | net=-124.53 USD | equity=12328.36 USD
[OPEN]  LONG | ts=2026-01-28 15:15:00+00:00 | entry=900.90 | sl=897.18 | tp=908.34 | pct_to_tp=0.83% | pct_to_sl=0.41%
[CLOSE] LONG | entry=900.90 | exit=897.18 | reason=SL | net=-123.28 USD | equity=12205.08 USD
[OPEN]  LONG | ts=2026-01-29 09:15:00+00:00 | entry=904.63 | sl=902.95 | tp=907.99 | pct_to_tp=0.37% | pct_to_sl=0.19%
[CLOSE] LONG | entry=904.63 | exit=902.95 | reason=SL | net=-122.05 USD | equity=12083.03 USD
[OPEN]  SHORT | ts=2026-01-30 14:45:00+00:00 | entry=850.57 | sl=855.87 | tp=839.97 | pct_to_tp=1.25% | pct_to_sl=0.62%
[CLOSE] SHORT | entry=850.57 | exit=839.97 | reason=TP | net=+241.66 USD | equity=12324.69 USD
[OPEN]  LONG | ts=2026-01-30 21:45:00+00:00 | entry=858.96 | sl=856.65 | tp=863.58 | pct_to_tp=0.54% | pct_to_sl=0.27%
[CLOSE] LONG | entry=858.96 | exit=856.65 | reason=SL | net=-123.25 USD | equity=12201.44 USD
[OPEN]  SHORT | ts=2026-01-31 05:30:00+00:00 | entry=851.59 | sl=852.65 | tp=849.47 | pct_to_tp=0.25% | pct_to_sl=0.12%
[CLOSE] SHORT | entry=851.59 | exit=849.47 | reason=TP | net=+244.03 USD | equity=12445.47 USD
[OPEN]  SHORT | ts=2026-01-31 07:00:00+00:00 | entry=849.84 | sl=851.44 | tp=846.64 | pct_to_tp=0.38% | pct_to_sl=0.19%
[CLOSE] SHORT | entry=849.84 | exit=846.64 | reason=TP | net=+248.91 USD | equity=12694.38 USD
[OPEN]  SHORT | ts=2026-01-31 08:00:00+00:00 | entry=845.81 | sl=847.75 | tp=841.93 | pct_to_tp=0.46% | pct_to_sl=0.23%
[CLOSE] SHORT | entry=845.81 | exit=841.93 | reason=TP | net=+253.89 USD | equity=12948.27 USD
[OPEN]  SHORT | ts=2026-01-31 08:30:00+00:00 | entry=835.28 | sl=841.89 | tp=822.06 | pct_to_tp=1.58% | pct_to_sl=0.79%
[CLOSE] SHORT | entry=835.28 | exit=822.06 | reason=TP | net=+258.97 USD | equity=13207.23 USD
[OPEN]  SHORT | ts=2026-02-02 01:00:00+00:00 | entry=756.62 | sl=766.86 | tp=736.14 | pct_to_tp=2.71% | pct_to_sl=1.35%
[CLOSE] SHORT | entry=756.62 | exit=766.86 | reason=SL | net=-132.07 USD | equity=13075.16 USD
[OPEN]  SHORT | ts=2026-02-02 02:45:00+00:00 | entry=758.52 | sl=762.57 | tp=750.42 | pct_to_tp=1.07% | pct_to_sl=0.53%
[CLOSE] SHORT | entry=758.52 | exit=750.42 | reason=TP | net=+261.50 USD | equity=13336.66 USD
[OPEN]  SHORT | ts=2026-02-02 03:15:00+00:00 | entry=732.58 | sl=748.30 | tp=701.14 | pct_to_tp=4.29% | pct_to_sl=2.15%
[CLOSE] SHORT | entry=732.58 | exit=748.30 | reason=SL | net=-133.37 USD | equity=13203.30 USD
[OPEN]  LONG | ts=2026-02-02 12:00:00+00:00 | entry=766.11 | sl=762.37 | tp=773.59 | pct_to_tp=0.98% | pct_to_sl=0.49%
[CLOSE] LONG | entry=766.11 | exit=762.37 | reason=SL | net=-132.03 USD | equity=13071.26 USD
[OPEN]  LONG | ts=2026-02-03 07:30:00+00:00 | entry=782.55 | sl=779.84 | tp=787.97 | pct_to_tp=0.69% | pct_to_sl=0.35%
[CLOSE] LONG | entry=782.55 | exit=779.84 | reason=SL | net=-130.71 USD | equity=12940.55 USD
[OPEN]  SHORT | ts=2026-02-03 14:30:00+00:00 | entry=770.99 | sl=775.96 | tp=761.05 | pct_to_tp=1.29% | pct_to_sl=0.64%
[CLOSE] SHORT | entry=770.99 | exit=775.96 | reason=SL | net=-129.41 USD | equity=12811.14 USD
[OPEN]  SHORT | ts=2026-02-03 17:00:00+00:00 | entry=758.40 | sl=764.75 | tp=745.70 | pct_to_tp=1.67% | pct_to_sl=0.84%
[CLOSE] SHORT | entry=758.40 | exit=745.70 | reason=TP | net=+256.22 USD | equity=13067.37 USD
[OPEN]  SHORT | ts=2026-02-03 22:00:00+00:00 | entry=760.31 | sl=765.02 | tp=750.89 | pct_to_tp=1.24% | pct_to_sl=0.62%
[CLOSE] SHORT | entry=760.31 | exit=765.02 | reason=SL | net=-130.67 USD | equity=12936.69 USD
[OPEN]  SHORT | ts=2026-02-04 08:15:00+00:00 | entry=759.19 | sl=763.71 | tp=750.15 | pct_to_tp=1.19% | pct_to_sl=0.60%
[CLOSE] SHORT | entry=759.19 | exit=750.15 | reason=TP | net=+258.73 USD | equity=13195.43 USD
[OPEN]  SHORT | ts=2026-02-06 06:15:00+00:00 | entry=634.13 | sl=638.85 | tp=624.69 | pct_to_tp=1.49% | pct_to_sl=0.74%
[CLOSE] SHORT | entry=634.13 | exit=624.69 | reason=TP | net=+263.91 USD | equity=13459.34 USD
[OPEN]  SHORT | ts=2026-02-06 07:45:00+00:00 | entry=623.05 | sl=627.31 | tp=614.53 | pct_to_tp=1.37% | pct_to_sl=0.68%
[CLOSE] SHORT | entry=623.05 | exit=627.31 | reason=SL | net=-134.59 USD | equity=13324.74 USD
[OPEN]  LONG | ts=2026-02-06 15:30:00+00:00 | entry=652.09 | sl=647.23 | tp=661.81 | pct_to_tp=1.49% | pct_to_sl=0.75%
[CLOSE] LONG | entry=652.09 | exit=661.81 | reason=TP | net=+266.49 USD | equity=13591.24 USD
[OPEN]  LONG | ts=2026-02-07 01:15:00+00:00 | entry=652.30 | sl=650.45 | tp=656.00 | pct_to_tp=0.57% | pct_to_sl=0.28%
[CLOSE] LONG | entry=652.30 | exit=656.00 | reason=TP | net=+271.82 USD | equity=13863.06 USD
[OPEN]  SHORT | ts=2026-02-07 13:30:00+00:00 | entry=636.24 | sl=639.46 | tp=629.80 | pct_to_tp=1.01% | pct_to_sl=0.51%
[CLOSE] SHORT | entry=636.24 | exit=639.46 | reason=SL | net=-138.63 USD | equity=13724.43 USD
[OPEN]  SHORT | ts=2026-02-07 16:45:00+00:00 | entry=643.29 | sl=645.82 | tp=638.23 | pct_to_tp=0.79% | pct_to_sl=0.39%
[CLOSE] SHORT | entry=643.29 | exit=645.82 | reason=SL | net=-137.24 USD | equity=13587.19 USD
[OPEN]  LONG | ts=2026-02-07 23:30:00+00:00 | entry=647.36 | sl=645.88 | tp=650.32 | pct_to_tp=0.46% | pct_to_sl=0.23%
[CLOSE] LONG | entry=647.36 | exit=645.88 | reason=SL | net=-135.87 USD | equity=13451.32 USD
[OPEN]  SHORT | ts=2026-02-08 06:30:00+00:00 | entry=642.41 | sl=643.65 | tp=639.93 | pct_to_tp=0.39% | pct_to_sl=0.19%
[CLOSE] SHORT | entry=642.41 | exit=639.93 | reason=TP | net=+269.03 USD | equity=13720.34 USD
[OPEN]  SHORT | ts=2026-02-08 10:15:00+00:00 | entry=638.94 | sl=644.16 | tp=628.50 | pct_to_tp=1.63% | pct_to_sl=0.82%
[CLOSE] SHORT | entry=638.94 | exit=644.16 | reason=SL | net=-137.20 USD | equity=13583.14 USD
[OPEN]  SHORT | ts=2026-02-08 12:00:00+00:00 | entry=643.58 | sl=646.12 | tp=638.50 | pct_to_tp=0.79% | pct_to_sl=0.39%
[CLOSE] SHORT | entry=643.58 | exit=646.12 | reason=SL | net=-135.83 USD | equity=13447.31 USD
[OPEN]  SHORT | ts=2026-02-08 13:30:00+00:00 | entry=642.49 | sl=645.19 | tp=637.09 | pct_to_tp=0.84% | pct_to_sl=0.42%
[CLOSE] SHORT | entry=642.49 | exit=645.19 | reason=SL | net=-134.47 USD | equity=13312.83 USD
[OPEN]  SHORT | ts=2026-02-08 15:15:00+00:00 | entry=641.78 | sl=647.79 | tp=629.76 | pct_to_tp=1.87% | pct_to_sl=0.94%
[CLOSE] SHORT | entry=641.78 | exit=647.79 | reason=SL | net=-133.13 USD | equity=13179.71 USD
[OPEN]  SHORT | ts=2026-02-08 21:30:00+00:00 | entry=641.68 | sl=645.54 | tp=633.96 | pct_to_tp=1.20% | pct_to_sl=0.60%
[CLOSE] SHORT | entry=641.68 | exit=645.54 | reason=SL | net=-131.80 USD | equity=13047.91 USD
[OPEN]  SHORT | ts=2026-02-09 00:15:00+00:00 | entry=640.20 | sl=643.20 | tp=634.20 | pct_to_tp=0.94% | pct_to_sl=0.47%
[CLOSE] SHORT | entry=640.20 | exit=643.20 | reason=SL | net=-130.48 USD | equity=12917.43 USD
[OPEN]  SHORT | ts=2026-02-09 01:30:00+00:00 | entry=635.56 | sl=641.21 | tp=624.26 | pct_to_tp=1.78% | pct_to_sl=0.89%
[CLOSE] SHORT | entry=635.56 | exit=641.21 | reason=SL | net=-129.17 USD | equity=12788.26 USD
[OPEN]  SHORT | ts=2026-02-09 02:45:00+00:00 | entry=640.30 | sl=643.50 | tp=633.90 | pct_to_tp=1.00% | pct_to_sl=0.50%
[CLOSE] SHORT | entry=640.30 | exit=643.50 | reason=SL | net=-127.88 USD | equity=12660.37 USD
[OPEN]  SHORT | ts=2026-02-09 04:00:00+00:00 | entry=642.45 | sl=645.36 | tp=636.63 | pct_to_tp=0.91% | pct_to_sl=0.45%
[CLOSE] SHORT | entry=642.45 | exit=636.63 | reason=TP | net=+253.21 USD | equity=12913.58 USD
[OPEN]  SHORT | ts=2026-02-09 07:15:00+00:00 | entry=635.35 | sl=636.90 | tp=632.25 | pct_to_tp=0.49% | pct_to_sl=0.24%
[CLOSE] SHORT | entry=635.35 | exit=632.25 | reason=TP | net=+258.27 USD | equity=13171.85 USD
[OPEN]  SHORT | ts=2026-02-09 15:15:00+00:00 | entry=625.50 | sl=630.93 | tp=614.64 | pct_to_tp=1.74% | pct_to_sl=0.87%
[CLOSE] SHORT | entry=625.50 | exit=630.93 | reason=SL | net=-131.72 USD | equity=13040.13 USD
[OPEN]  SHORT | ts=2026-02-09 16:00:00+00:00 | entry=627.80 | sl=631.92 | tp=619.56 | pct_to_tp=1.31% | pct_to_sl=0.66%
[CLOSE] SHORT | entry=627.80 | exit=631.92 | reason=SL | net=-130.40 USD | equity=12909.73 USD
[OPEN]  SHORT | ts=2026-02-09 17:00:00+00:00 | entry=632.44 | sl=637.25 | tp=622.82 | pct_to_tp=1.52% | pct_to_sl=0.76%
[CLOSE] SHORT | entry=632.44 | exit=637.25 | reason=SL | net=-129.10 USD | equity=12780.63 USD
[OPEN]  SHORT | ts=2026-02-10 10:30:00+00:00 | entry=627.45 | sl=629.07 | tp=624.21 | pct_to_tp=0.52% | pct_to_sl=0.26%
[CLOSE] SHORT | entry=627.45 | exit=629.07 | reason=SL | net=-127.81 USD | equity=12652.83 USD
[OPEN]  SHORT | ts=2026-02-11 01:15:00+00:00 | entry=620.67 | sl=622.93 | tp=616.15 | pct_to_tp=0.73% | pct_to_sl=0.36%
[CLOSE] SHORT | entry=620.67 | exit=622.93 | reason=SL | net=-126.53 USD | equity=12526.30 USD
[OPEN]  SHORT | ts=2026-02-11 02:45:00+00:00 | entry=620.03 | sl=622.10 | tp=615.89 | pct_to_tp=0.67% | pct_to_sl=0.33%
[CLOSE] SHORT | entry=620.03 | exit=615.89 | reason=TP | net=+250.53 USD | equity=12776.83 USD
[OPEN]  SHORT | ts=2026-02-11 03:45:00+00:00 | entry=617.49 | sl=619.76 | tp=612.95 | pct_to_tp=0.74% | pct_to_sl=0.37%
[CLOSE] SHORT | entry=617.49 | exit=612.95 | reason=TP | net=+255.54 USD | equity=13032.36 USD
[OPEN]  LONG | ts=2026-02-12 00:00:00+00:00 | entry=611.09 | sl=608.11 | tp=617.05 | pct_to_tp=0.98% | pct_to_sl=0.49%
[CLOSE] LONG | entry=611.09 | exit=617.05 | reason=TP | net=+260.65 USD | equity=13293.01 USD
[OPEN]  SHORT | ts=2026-02-12 20:45:00+00:00 | entry=604.95 | sl=607.23 | tp=600.39 | pct_to_tp=0.75% | pct_to_sl=0.38%
[CLOSE] SHORT | entry=604.95 | exit=607.23 | reason=SL | net=-132.93 USD | equity=13160.08 USD
[OPEN]  SHORT | ts=2026-02-13 05:00:00+00:00 | entry=603.14 | sl=606.17 | tp=597.08 | pct_to_tp=1.00% | pct_to_sl=0.50%
[CLOSE] SHORT | entry=603.14 | exit=597.08 | reason=TP | net=+263.20 USD | equity=13423.28 USD
[OPEN]  SHORT | ts=2026-02-13 14:00:00+00:00 | entry=595.53 | sl=598.65 | tp=589.29 | pct_to_tp=1.05% | pct_to_sl=0.52%
[CLOSE] SHORT | entry=595.53 | exit=598.65 | reason=SL | net=-134.23 USD | equity=13289.05 USD
[OPEN]  LONG | ts=2026-02-14 05:15:00+00:00 | entry=618.11 | sl=617.08 | tp=620.17 | pct_to_tp=0.33% | pct_to_sl=0.17%
[CLOSE] LONG | entry=618.11 | exit=617.08 | reason=SL | net=-132.89 USD | equity=13156.16 USD
[OPEN]  LONG | ts=2026-02-14 06:15:00+00:00 | entry=617.39 | sl=616.36 | tp=619.45 | pct_to_tp=0.33% | pct_to_sl=0.17%
[CLOSE] LONG | entry=617.39 | exit=619.45 | reason=TP | net=+263.12 USD | equity=13419.28 USD
[OPEN]  LONG | ts=2026-02-14 07:45:00+00:00 | entry=622.35 | sl=620.83 | tp=625.39 | pct_to_tp=0.49% | pct_to_sl=0.24%
[CLOSE] LONG | entry=622.35 | exit=625.39 | reason=TP | net=+268.39 USD | equity=13687.67 USD
[OPEN]  LONG | ts=2026-02-14 22:30:00+00:00 | entry=633.57 | sl=631.46 | tp=637.79 | pct_to_tp=0.67% | pct_to_sl=0.33%
[CLOSE] LONG | entry=633.57 | exit=631.46 | reason=SL | net=-136.88 USD | equity=13550.79 USD
[OPEN]  LONG | ts=2026-02-15 01:00:00+00:00 | entry=633.48 | sl=631.67 | tp=637.10 | pct_to_tp=0.57% | pct_to_sl=0.29%
[CLOSE] LONG | entry=633.48 | exit=631.67 | reason=SL | net=-135.51 USD | equity=13415.28 USD
[OPEN]  LONG | ts=2026-02-15 01:45:00+00:00 | entry=632.82 | sl=630.02 | tp=638.42 | pct_to_tp=0.88% | pct_to_sl=0.44%
[CLOSE] LONG | entry=632.82 | exit=630.02 | reason=SL | net=-134.15 USD | equity=13281.13 USD
[OPEN]  LONG | ts=2026-02-15 03:45:00+00:00 | entry=633.40 | sl=628.49 | tp=643.22 | pct_to_tp=1.55% | pct_to_sl=0.78%
[CLOSE] LONG | entry=633.40 | exit=628.49 | reason=SL | net=-132.81 USD | equity=13148.32 USD
[OPEN]  LONG | ts=2026-02-15 12:15:00+00:00 | entry=629.79 | sl=626.99 | tp=635.39 | pct_to_tp=0.89% | pct_to_sl=0.44%
[CLOSE] LONG | entry=629.79 | exit=626.99 | reason=SL | net=-131.48 USD | equity=13016.84 USD
[OPEN]  SHORT | ts=2026-02-15 13:15:00+00:00 | entry=620.33 | sl=624.29 | tp=612.41 | pct_to_tp=1.28% | pct_to_sl=0.64%
[CLOSE] SHORT | entry=620.33 | exit=612.41 | reason=TP | net=+260.34 USD | equity=13277.17 USD
[OPEN]  SHORT | ts=2026-02-16 05:00:00+00:00 | entry=613.80 | sl=618.75 | tp=603.90 | pct_to_tp=1.61% | pct_to_sl=0.81%
[CLOSE] SHORT | entry=613.80 | exit=618.75 | reason=SL | net=-132.77 USD | equity=13144.40 USD
[OPEN]  SHORT | ts=2026-02-16 18:45:00+00:00 | entry=614.59 | sl=616.18 | tp=611.41 | pct_to_tp=0.52% | pct_to_sl=0.26%
[CLOSE] SHORT | entry=614.59 | exit=616.18 | reason=SL | net=-131.44 USD | equity=13012.96 USD
[OPEN]  LONG | ts=2026-02-16 21:45:00+00:00 | entry=626.43 | sl=622.64 | tp=634.01 | pct_to_tp=1.21% | pct_to_sl=0.61%
[CLOSE] LONG | entry=626.43 | exit=622.64 | reason=SL | net=-130.13 USD | equity=12882.83 USD
[OPEN]  SHORT | ts=2026-02-17 17:30:00+00:00 | entry=613.11 | sl=617.77 | tp=603.79 | pct_to_tp=1.52% | pct_to_sl=0.76%
[CLOSE] SHORT | entry=613.11 | exit=617.77 | reason=SL | net=-128.83 USD | equity=12754.00 USD
[OPEN]  SHORT | ts=2026-02-18 01:00:00+00:00 | entry=614.44 | sl=616.62 | tp=610.08 | pct_to_tp=0.71% | pct_to_sl=0.35%
[CLOSE] SHORT | entry=614.44 | exit=616.62 | reason=SL | net=-127.54 USD | equity=12626.46 USD
[OPEN]  SHORT | ts=2026-02-18 14:15:00+00:00 | entry=610.04 | sl=611.73 | tp=606.66 | pct_to_tp=0.55% | pct_to_sl=0.28%
[CLOSE] SHORT | entry=610.04 | exit=611.73 | reason=SL | net=-126.26 USD | equity=12500.19 USD
[OPEN]  SHORT | ts=2026-02-18 16:00:00+00:00 | entry=614.75 | sl=618.56 | tp=607.13 | pct_to_tp=1.24% | pct_to_sl=0.62%
[CLOSE] SHORT | entry=614.75 | exit=618.56 | reason=SL | net=-125.00 USD | equity=12375.19 USD
[OPEN]  SHORT | ts=2026-02-18 18:30:00+00:00 | entry=609.64 | sl=614.17 | tp=600.58 | pct_to_tp=1.49% | pct_to_sl=0.74%
[CLOSE] SHORT | entry=609.64 | exit=614.17 | reason=SL | net=-123.75 USD | equity=12251.44 USD
[OPEN]  SHORT | ts=2026-02-19 09:45:00+00:00 | entry=606.51 | sl=608.86 | tp=601.81 | pct_to_tp=0.77% | pct_to_sl=0.39%
[CLOSE] SHORT | entry=606.51 | exit=601.81 | reason=TP | net=+245.03 USD | equity=12496.47 USD
[OPEN]  SHORT | ts=2026-02-19 22:15:00+00:00 | entry=606.25 | sl=607.50 | tp=603.75 | pct_to_tp=0.41% | pct_to_sl=0.21%
[CLOSE] SHORT | entry=606.25 | exit=607.50 | reason=SL | net=-124.96 USD | equity=12371.50 USD
[OPEN]  LONG | ts=2026-02-21 17:30:00+00:00 | entry=627.77 | sl=625.86 | tp=631.59 | pct_to_tp=0.61% | pct_to_sl=0.30%
[CLOSE] LONG | entry=627.77 | exit=625.86 | reason=SL | net=-123.72 USD | equity=12247.79 USD
[OPEN]  SHORT | ts=2026-02-23 01:00:00+00:00 | entry=594.19 | sl=606.48 | tp=569.61 | pct_to_tp=4.14% | pct_to_sl=2.07%
[CLOSE] SHORT | entry=594.19 | exit=606.48 | reason=SL | net=-122.48 USD | equity=12125.31 USD
[OPEN]  SHORT | ts=2026-02-23 11:30:00+00:00 | entry=606.33 | sl=608.32 | tp=602.35 | pct_to_tp=0.66% | pct_to_sl=0.33%
[CLOSE] SHORT | entry=606.33 | exit=608.32 | reason=SL | net=-121.25 USD | equity=12004.06 USD
[OPEN]  LONG | ts=2026-02-23 16:15:00+00:00 | entry=605.88 | sl=601.96 | tp=613.72 | pct_to_tp=1.29% | pct_to_sl=0.65%
[CLOSE] LONG | entry=605.88 | exit=601.96 | reason=SL | net=-120.04 USD | equity=11884.02 USD
[OPEN]  SHORT | ts=2026-02-23 18:45:00+00:00 | entry=597.58 | sl=599.91 | tp=592.92 | pct_to_tp=0.78% | pct_to_sl=0.39%
[CLOSE] SHORT | entry=597.58 | exit=592.92 | reason=TP | net=+237.68 USD | equity=12121.70 USD
[OPEN]  SHORT | ts=2026-02-24 01:00:00+00:00 | entry=597.31 | sl=602.46 | tp=587.01 | pct_to_tp=1.72% | pct_to_sl=0.86%
[CLOSE] SHORT | entry=597.31 | exit=587.01 | reason=TP | net=+242.43 USD | equity=12364.13 USD
[OPEN]  SHORT | ts=2026-02-24 17:15:00+00:00 | entry=586.80 | sl=588.87 | tp=582.66 | pct_to_tp=0.71% | pct_to_sl=0.35%
[CLOSE] SHORT | entry=586.80 | exit=588.87 | reason=SL | net=-123.64 USD | equity=12240.49 USD
[OPEN]  SHORT | ts=2026-02-24 21:00:00+00:00 | entry=586.39 | sl=588.48 | tp=582.21 | pct_to_tp=0.71% | pct_to_sl=0.36%
[CLOSE] SHORT | entry=586.39 | exit=582.21 | reason=TP | net=+244.81 USD | equity=12485.30 USD
[OPEN]  LONG | ts=2026-02-26 12:00:00+00:00 | entry=624.45 | sl=622.82 | tp=627.71 | pct_to_tp=0.52% | pct_to_sl=0.26%
[CLOSE] LONG | entry=624.45 | exit=627.71 | reason=TP | net=+249.71 USD | equity=12735.01 USD
[OPEN]  LONG | ts=2026-02-26 16:15:00+00:00 | entry=623.91 | sl=621.16 | tp=629.41 | pct_to_tp=0.88% | pct_to_sl=0.44%
[CLOSE] LONG | entry=623.91 | exit=621.16 | reason=SL | net=-127.35 USD | equity=12607.66 USD
[OPEN]  LONG | ts=2026-02-27 01:15:00+00:00 | entry=624.93 | sl=623.24 | tp=628.31 | pct_to_tp=0.54% | pct_to_sl=0.27%
[CLOSE] LONG | entry=624.93 | exit=628.31 | reason=TP | net=+252.15 USD | equity=12859.81 USD
[OPEN]  SHORT | ts=2026-02-27 11:30:00+00:00 | entry=613.66 | sl=617.45 | tp=606.08 | pct_to_tp=1.24% | pct_to_sl=0.62%
[CLOSE] SHORT | entry=613.66 | exit=606.08 | reason=TP | net=+257.20 USD | equity=13117.01 USD
[OPEN]  SHORT | ts=2026-02-28 04:15:00+00:00 | entry=612.96 | sl=614.85 | tp=609.18 | pct_to_tp=0.62% | pct_to_sl=0.31%
[CLOSE] SHORT | entry=612.96 | exit=609.18 | reason=TP | net=+262.34 USD | equity=13379.35 USD
[OPEN]  SHORT | ts=2026-02-28 14:45:00+00:00 | entry=600.55 | sl=605.59 | tp=590.47 | pct_to_tp=1.68% | pct_to_sl=0.84%
[CLOSE] SHORT | entry=600.55 | exit=605.59 | reason=SL | net=-133.79 USD | equity=13245.55 USD
[OPEN]  LONG | ts=2026-03-01 10:45:00+00:00 | entry=623.14 | sl=621.79 | tp=625.84 | pct_to_tp=0.43% | pct_to_sl=0.22%
[CLOSE] LONG | entry=623.14 | exit=621.79 | reason=SL | net=-132.46 USD | equity=13113.10 USD
[OPEN]  LONG | ts=2026-03-01 13:00:00+00:00 | entry=621.69 | sl=619.92 | tp=625.23 | pct_to_tp=0.57% | pct_to_sl=0.28%
[CLOSE] LONG | entry=621.69 | exit=619.92 | reason=SL | net=-131.13 USD | equity=12981.97 USD
[OPEN]  LONG | ts=2026-03-01 13:45:00+00:00 | entry=625.92 | sl=621.20 | tp=635.36 | pct_to_tp=1.51% | pct_to_sl=0.75%
[CLOSE] LONG | entry=625.92 | exit=621.20 | reason=SL | net=-129.82 USD | equity=12852.15 USD
[OPEN]  LONG | ts=2026-03-01 18:00:00+00:00 | entry=623.34 | sl=619.31 | tp=631.40 | pct_to_tp=1.29% | pct_to_sl=0.65%
[CLOSE] LONG | entry=623.34 | exit=619.31 | reason=SL | net=-128.52 USD | equity=12723.62 USD
[OPEN]  SHORT | ts=2026-03-01 21:30:00+00:00 | entry=612.29 | sl=615.17 | tp=606.53 | pct_to_tp=0.94% | pct_to_sl=0.47%
[CLOSE] SHORT | entry=612.29 | exit=615.17 | reason=SL | net=-127.24 USD | equity=12596.39 USD
[OPEN]  LONG | ts=2026-03-02 14:30:00+00:00 | entry=628.05 | sl=621.52 | tp=641.11 | pct_to_tp=2.08% | pct_to_sl=1.04%
[CLOSE] LONG | entry=628.05 | exit=641.11 | reason=TP | net=+251.93 USD | equity=12848.32 USD
[OPEN]  LONG | ts=2026-03-03 03:30:00+00:00 | entry=636.15 | sl=634.58 | tp=639.29 | pct_to_tp=0.49% | pct_to_sl=0.25%
[CLOSE] LONG | entry=636.15 | exit=634.58 | reason=SL | net=-128.48 USD | equity=12719.83 USD
[OPEN]  LONG | ts=2026-03-03 05:00:00+00:00 | entry=637.25 | sl=633.57 | tp=644.61 | pct_to_tp=1.15% | pct_to_sl=0.58%
[CLOSE] LONG | entry=637.25 | exit=633.57 | reason=SL | net=-127.20 USD | equity=12592.63 USD
[OPEN]  LONG | ts=2026-03-03 07:00:00+00:00 | entry=634.99 | sl=632.88 | tp=639.21 | pct_to_tp=0.66% | pct_to_sl=0.33%
[CLOSE] LONG | entry=634.99 | exit=632.88 | reason=SL | net=-125.93 USD | equity=12466.71 USD
[OPEN]  SHORT | ts=2026-03-03 09:15:00+00:00 | entry=622.38 | sl=626.55 | tp=614.04 | pct_to_tp=1.34% | pct_to_sl=0.67%
[CLOSE] SHORT | entry=622.38 | exit=626.55 | reason=SL | net=-124.67 USD | equity=12342.04 USD
[OPEN]  LONG | ts=2026-03-03 20:15:00+00:00 | entry=632.08 | sl=630.94 | tp=634.36 | pct_to_tp=0.36% | pct_to_sl=0.18%
[CLOSE] LONG | entry=632.08 | exit=630.94 | reason=SL | net=-123.42 USD | equity=12218.62 USD
[OPEN]  LONG | ts=2026-03-03 22:00:00+00:00 | entry=633.32 | sl=630.06 | tp=639.84 | pct_to_tp=1.03% | pct_to_sl=0.51%
[CLOSE] LONG | entry=633.32 | exit=630.06 | reason=SL | net=-122.19 USD | equity=12096.43 USD
[OPEN]  LONG | ts=2026-03-04 02:45:00+00:00 | entry=634.11 | sl=632.13 | tp=638.07 | pct_to_tp=0.62% | pct_to_sl=0.31%
[CLOSE] LONG | entry=634.11 | exit=632.13 | reason=SL | net=-120.96 USD | equity=11975.47 USD
[OPEN]  LONG | ts=2026-03-04 05:30:00+00:00 | entry=633.02 | sl=629.02 | tp=641.02 | pct_to_tp=1.26% | pct_to_sl=0.63%
[CLOSE] LONG | entry=633.02 | exit=641.02 | reason=TP | net=+239.51 USD | equity=12214.98 USD
[OPEN]  LONG | ts=2026-03-05 02:00:00+00:00 | entry=656.49 | sl=652.99 | tp=663.49 | pct_to_tp=1.07% | pct_to_sl=0.53%
[CLOSE] LONG | entry=656.49 | exit=652.99 | reason=SL | net=-122.15 USD | equity=12092.83 USD
[OPEN]  LONG | ts=2026-03-05 03:45:00+00:00 | entry=654.31 | sl=653.01 | tp=656.91 | pct_to_tp=0.40% | pct_to_sl=0.20%
[CLOSE] LONG | entry=654.31 | exit=656.91 | reason=TP | net=+241.86 USD | equity=12334.69 USD
[OPEN]  LONG | ts=2026-03-05 08:30:00+00:00 | entry=652.47 | sl=650.16 | tp=657.09 | pct_to_tp=0.71% | pct_to_sl=0.35%
[CLOSE] LONG | entry=652.47 | exit=657.09 | reason=TP | net=+246.69 USD | equity=12581.38 USD
[OPEN]  LONG | ts=2026-03-05 14:45:00+00:00 | entry=656.68 | sl=652.72 | tp=664.60 | pct_to_tp=1.21% | pct_to_sl=0.60%
[CLOSE] LONG | entry=656.68 | exit=652.72 | reason=SL | net=-125.81 USD | equity=12455.57 USD
[OPEN]  SHORT | ts=2026-03-06 08:15:00+00:00 | entry=645.19 | sl=646.22 | tp=643.13 | pct_to_tp=0.32% | pct_to_sl=0.16%
[CLOSE] SHORT | entry=645.19 | exit=643.13 | reason=TP | net=+249.11 USD | equity=12704.68 USD
[OPEN]  SHORT | ts=2026-03-07 10:15:00+00:00 | entry=628.35 | sl=629.92 | tp=625.21 | pct_to_tp=0.50% | pct_to_sl=0.25%
[CLOSE] SHORT | entry=628.35 | exit=625.21 | reason=TP | net=+254.09 USD | equity=12958.77 USD
[OPEN]  SHORT | ts=2026-03-07 16:15:00+00:00 | entry=623.28 | sl=624.57 | tp=620.70 | pct_to_tp=0.41% | pct_to_sl=0.21%
[CLOSE] SHORT | entry=623.28 | exit=624.57 | reason=SL | net=-129.59 USD | equity=12829.18 USD
[OPEN]  SHORT | ts=2026-03-08 08:00:00+00:00 | entry=618.65 | sl=620.11 | tp=615.73 | pct_to_tp=0.47% | pct_to_sl=0.24%
[CLOSE] SHORT | entry=618.65 | exit=620.11 | reason=SL | net=-128.29 USD | equity=12700.89 USD
[OPEN]  SHORT | ts=2026-03-08 11:00:00+00:00 | entry=619.90 | sl=623.02 | tp=613.66 | pct_to_tp=1.01% | pct_to_sl=0.50%
[CLOSE] SHORT | entry=619.90 | exit=613.66 | reason=TP | net=+254.02 USD | equity=12954.91 USD
[OPEN]  SHORT | ts=2026-03-08 20:00:00+00:00 | entry=617.28 | sl=619.19 | tp=613.46 | pct_to_tp=0.62% | pct_to_sl=0.31%
[CLOSE] SHORT | entry=617.28 | exit=619.19 | reason=SL | net=-129.55 USD | equity=12825.36 USD
[OPEN]  SHORT | ts=2026-03-08 20:45:00+00:00 | entry=617.64 | sl=619.44 | tp=614.04 | pct_to_tp=0.58% | pct_to_sl=0.29%
[CLOSE] SHORT | entry=617.64 | exit=614.04 | reason=TP | net=+256.51 USD | equity=13081.87 USD
[OPEN]  SHORT | ts=2026-03-08 23:30:00+00:00 | entry=612.37 | sl=615.28 | tp=606.55 | pct_to_tp=0.95% | pct_to_sl=0.48%
[CLOSE] SHORT | entry=612.37 | exit=615.28 | reason=SL | net=-130.82 USD | equity=12951.05 USD
[OPEN]  SHORT | ts=2026-03-09 01:45:00+00:00 | entry=614.57 | sl=618.38 | tp=606.95 | pct_to_tp=1.24% | pct_to_sl=0.62%
[CLOSE] SHORT | entry=614.57 | exit=618.38 | reason=SL | net=-129.51 USD | equity=12821.54 USD
[OPEN]  SHORT | ts=2026-03-09 02:45:00+00:00 | entry=617.97 | sl=619.68 | tp=614.55 | pct_to_tp=0.55% | pct_to_sl=0.28%
[CLOSE] SHORT | entry=617.97 | exit=619.68 | reason=SL | net=-128.22 USD | equity=12693.32 USD
[OPEN]  LONG | ts=2026-03-10 14:15:00+00:00 | entry=641.65 | sl=638.29 | tp=648.37 | pct_to_tp=1.05% | pct_to_sl=0.52%
[CLOSE] LONG | entry=641.65 | exit=648.37 | reason=TP | net=+253.87 USD | equity=12947.19 USD
[OPEN]  LONG | ts=2026-03-10 15:45:00+00:00 | entry=649.23 | sl=646.23 | tp=655.23 | pct_to_tp=0.92% | pct_to_sl=0.46%
[CLOSE] LONG | entry=649.23 | exit=646.23 | reason=SL | net=-129.47 USD | equity=12817.72 USD
[OPEN]  LONG | ts=2026-03-10 20:15:00+00:00 | entry=643.74 | sl=642.16 | tp=646.90 | pct_to_tp=0.49% | pct_to_sl=0.25%
[CLOSE] LONG | entry=643.74 | exit=642.16 | reason=SL | net=-128.18 USD | equity=12689.54 USD
[OPEN]  SHORT | ts=2026-03-11 02:00:00+00:00 | entry=642.93 | sl=644.38 | tp=640.03 | pct_to_tp=0.45% | pct_to_sl=0.23%
[CLOSE] SHORT | entry=642.93 | exit=640.03 | reason=TP | net=+253.79 USD | equity=12943.33 USD
[OPEN]  SHORT | ts=2026-03-11 05:00:00+00:00 | entry=643.45 | sl=644.92 | tp=640.51 | pct_to_tp=0.46% | pct_to_sl=0.23%
[CLOSE] SHORT | entry=643.45 | exit=640.51 | reason=TP | net=+258.87 USD | equity=13202.20 USD
[OPEN]  LONG | ts=2026-03-11 16:00:00+00:00 | entry=648.34 | sl=645.24 | tp=654.54 | pct_to_tp=0.96% | pct_to_sl=0.48%
[CLOSE] LONG | entry=648.34 | exit=654.54 | reason=TP | net=+264.04 USD | equity=13466.24 USD
[OPEN]  LONG | ts=2026-03-12 15:15:00+00:00 | entry=651.59 | sl=648.18 | tp=658.41 | pct_to_tp=1.05% | pct_to_sl=0.52%
[CLOSE] LONG | entry=651.59 | exit=648.18 | reason=SL | net=-134.66 USD | equity=13331.58 USD
[OPEN]  LONG | ts=2026-03-12 16:30:00+00:00 | entry=651.77 | sl=649.33 | tp=656.65 | pct_to_tp=0.75% | pct_to_sl=0.37%
[CLOSE] LONG | entry=651.77 | exit=649.33 | reason=SL | net=-133.32 USD | equity=13198.26 USD
[OPEN]  LONG | ts=2026-03-12 19:15:00+00:00 | entry=650.62 | sl=647.59 | tp=656.68 | pct_to_tp=0.93% | pct_to_sl=0.47%
[CLOSE] LONG | entry=650.62 | exit=656.68 | reason=TP | net=+263.97 USD | equity=13462.23 USD
[OPEN]  LONG | ts=2026-03-13 01:00:00+00:00 | entry=660.42 | sl=658.71 | tp=663.84 | pct_to_tp=0.52% | pct_to_sl=0.26%
[CLOSE] LONG | entry=660.42 | exit=658.71 | reason=SL | net=-134.62 USD | equity=13327.61 USD
[OPEN]  LONG | ts=2026-03-13 16:30:00+00:00 | entry=663.04 | sl=659.74 | tp=669.64 | pct_to_tp=1.00% | pct_to_sl=0.50%
[CLOSE] LONG | entry=663.04 | exit=659.74 | reason=SL | net=-133.28 USD | equity=13194.33 USD
[OPEN]  LONG | ts=2026-03-15 07:00:00+00:00 | entry=659.60 | sl=658.36 | tp=662.08 | pct_to_tp=0.38% | pct_to_sl=0.19%
[CLOSE] LONG | entry=659.60 | exit=662.08 | reason=TP | net=+263.89 USD | equity=13458.22 USD
[OPEN]  LONG | ts=2026-03-15 12:45:00+00:00 | entry=661.89 | sl=659.90 | tp=665.87 | pct_to_tp=0.60% | pct_to_sl=0.30%
[CLOSE] LONG | entry=661.89 | exit=659.90 | reason=SL | net=-134.58 USD | equity=13323.63 USD
[OPEN]  LONG | ts=2026-03-15 16:00:00+00:00 | entry=660.75 | sl=659.42 | tp=663.41 | pct_to_tp=0.40% | pct_to_sl=0.20%
[CLOSE] LONG | entry=660.75 | exit=659.42 | reason=SL | net=-133.24 USD | equity=13190.40 USD
[OPEN]  LONG | ts=2026-03-15 20:30:00+00:00 | entry=664.47 | sl=660.37 | tp=672.67 | pct_to_tp=1.23% | pct_to_sl=0.62%
[CLOSE] LONG | entry=664.47 | exit=672.67 | reason=TP | net=+263.81 USD | equity=13454.21 USD
[OPEN]  LONG | ts=2026-03-16 16:30:00+00:00 | entry=675.11 | sl=672.43 | tp=680.47 | pct_to_tp=0.79% | pct_to_sl=0.40%
[CLOSE] LONG | entry=675.11 | exit=680.47 | reason=TP | net=+269.08 USD | equity=13723.29 USD
[OPEN]  LONG | ts=2026-03-16 20:45:00+00:00 | entry=677.01 | sl=675.84 | tp=679.35 | pct_to_tp=0.35% | pct_to_sl=0.17%
[CLOSE] LONG | entry=677.01 | exit=679.35 | reason=TP | net=+274.47 USD | equity=13997.76 USD
[OPEN]  LONG | ts=2026-03-16 22:00:00+00:00 | entry=684.39 | sl=679.56 | tp=694.05 | pct_to_tp=1.41% | pct_to_sl=0.71%
[CLOSE] LONG | entry=684.39 | exit=679.56 | reason=SL | net=-139.98 USD | equity=13857.78 USD
[OPEN]  LONG | ts=2026-03-17 04:00:00+00:00 | entry=677.18 | sl=676.05 | tp=679.44 | pct_to_tp=0.33% | pct_to_sl=0.17%
[CLOSE] LONG | entry=677.18 | exit=676.05 | reason=SL | net=-138.58 USD | equity=13719.20 USD
[OPEN]  LONG | ts=2026-03-17 05:15:00+00:00 | entry=676.87 | sl=675.06 | tp=680.49 | pct_to_tp=0.53% | pct_to_sl=0.27%
[CLOSE] LONG | entry=676.87 | exit=675.06 | reason=SL | net=-137.19 USD | equity=13582.01 USD
[OPEN]  SHORT | ts=2026-03-19 04:00:00+00:00 | entry=649.75 | sl=652.66 | tp=643.93 | pct_to_tp=0.90% | pct_to_sl=0.45%
[CLOSE] SHORT | entry=649.75 | exit=643.93 | reason=TP | net=+271.64 USD | equity=13853.65 USD
[OPEN]  SHORT | ts=2026-03-19 21:30:00+00:00 | entry=641.85 | sl=643.19 | tp=639.17 | pct_to_tp=0.42% | pct_to_sl=0.21%
[CLOSE] SHORT | entry=641.85 | exit=639.17 | reason=TP | net=+277.07 USD | equity=14130.72 USD
[OPEN]  SHORT | ts=2026-03-19 23:30:00+00:00 | entry=638.64 | sl=640.36 | tp=635.20 | pct_to_tp=0.54% | pct_to_sl=0.27%
[CLOSE] SHORT | entry=638.64 | exit=640.36 | reason=SL | net=-141.31 USD | equity=13989.41 USD
[OPEN]  SHORT | ts=2026-03-20 01:45:00+00:00 | entry=642.06 | sl=644.00 | tp=638.18 | pct_to_tp=0.60% | pct_to_sl=0.30%
[CLOSE] SHORT | entry=642.06 | exit=644.00 | reason=SL | net=-139.89 USD | equity=13849.52 USD
[OPEN]  SHORT | ts=2026-03-20 04:30:00+00:00 | entry=642.03 | sl=645.27 | tp=635.55 | pct_to_tp=1.01% | pct_to_sl=0.50%
[CLOSE] SHORT | entry=642.03 | exit=645.27 | reason=SL | net=-138.50 USD | equity=13711.03 USD
[OPEN]  LONG | ts=2026-03-20 09:30:00+00:00 | entry=643.30 | sl=642.06 | tp=645.78 | pct_to_tp=0.39% | pct_to_sl=0.19%
[CLOSE] LONG | entry=643.30 | exit=642.06 | reason=SL | net=-137.11 USD | equity=13573.92 USD
[OPEN]  LONG | ts=2026-03-20 10:30:00+00:00 | entry=643.20 | sl=641.06 | tp=647.48 | pct_to_tp=0.67% | pct_to_sl=0.33%
[CLOSE] LONG | entry=643.20 | exit=641.06 | reason=SL | net=-135.74 USD | equity=13438.18 USD
[OPEN]  LONG | ts=2026-03-20 12:00:00+00:00 | entry=643.00 | sl=641.61 | tp=645.78 | pct_to_tp=0.43% | pct_to_sl=0.22%
[CLOSE] LONG | entry=643.00 | exit=641.61 | reason=SL | net=-134.38 USD | equity=13303.79 USD
[OPEN]  SHORT | ts=2026-03-20 13:45:00+00:00 | entry=637.99 | sl=641.53 | tp=630.91 | pct_to_tp=1.11% | pct_to_sl=0.55%
[CLOSE] SHORT | entry=637.99 | exit=641.53 | reason=SL | net=-133.04 USD | equity=13170.76 USD
[OPEN]  SHORT | ts=2026-03-20 14:45:00+00:00 | entry=638.84 | sl=641.30 | tp=633.92 | pct_to_tp=0.77% | pct_to_sl=0.39%
[CLOSE] SHORT | entry=638.84 | exit=641.30 | reason=SL | net=-131.71 USD | equity=13039.05 USD
[OPEN]  SHORT | ts=2026-03-20 16:30:00+00:00 | entry=640.02 | sl=641.67 | tp=636.72 | pct_to_tp=0.52% | pct_to_sl=0.26%
[CLOSE] SHORT | entry=640.02 | exit=636.72 | reason=TP | net=+260.78 USD | equity=13299.83 USD
[OPEN]  SHORT | ts=2026-03-20 20:15:00+00:00 | entry=639.12 | sl=640.48 | tp=636.40 | pct_to_tp=0.43% | pct_to_sl=0.21%
[CLOSE] SHORT | entry=639.12 | exit=640.48 | reason=SL | net=-133.00 USD | equity=13166.83 USD
[OPEN]  SHORT | ts=2026-03-21 23:45:00+00:00 | entry=630.70 | sl=641.62 | tp=608.86 | pct_to_tp=3.46% | pct_to_sl=1.73%
[CLOSE] SHORT | entry=630.70 | exit=641.62 | reason=SL | net=-131.67 USD | equity=13035.16 USD
[OPEN]  SHORT | ts=2026-03-23 11:45:00+00:00 | entry=638.40 | sl=643.49 | tp=628.22 | pct_to_tp=1.59% | pct_to_sl=0.80%
[CLOSE] SHORT | entry=638.40 | exit=643.49 | reason=SL | net=-130.35 USD | equity=12904.81 USD
[OPEN]  LONG | ts=2026-03-23 17:45:00+00:00 | entry=637.98 | sl=636.09 | tp=641.76 | pct_to_tp=0.59% | pct_to_sl=0.30%
[CLOSE] LONG | entry=637.98 | exit=636.09 | reason=SL | net=-129.05 USD | equity=12775.76 USD
[OPEN]  SHORT | ts=2026-03-24 05:00:00+00:00 | entry=627.49 | sl=629.37 | tp=623.73 | pct_to_tp=0.60% | pct_to_sl=0.30%
[CLOSE] SHORT | entry=627.49 | exit=629.37 | reason=SL | net=-127.76 USD | equity=12648.01 USD

============================================================
SUMMARY — BNB_IN_SAMPLE
============================================================
Total trades       : 440
  Long             : 221
  Short            : 219
Win rate           : 35.5%
Total return       : 26.48%
Final equity       : 12648.01 USD
Max drawdown       : 18.07%
Profit factor      : 1.081
Expectancy         : 6.02 USD/trade
Max consec. losses : 9
Long PnL           : 191.35 USD
Short PnL          : 2456.66 USD

Monthly breakdown:
  2025-09  trades=  7  win%= 42.9  net=  +193.92 USD
  2025-10  trades= 78  win%= 33.3  net=   -78.69 USD
  2025-11  trades= 90  win%= 35.6  net=  +526.75 USD
  2025-12  trades= 55  win%= 36.4  net=  +481.94 USD
  2026-01  trades= 75  win%= 41.3  net= +2083.31 USD
  2026-02  trades= 71  win%= 33.8  net=   +38.32 USD
  2026-03  trades= 64  win%= 31.2  net=  -597.55 USD
============================================================

Filter rejections:
  No trend signal  : 0
  Trend strength   : 4858
  Pullback quality : 6578
  Candle quality   : 664
  Range floor      : 4
