
============================================================
EXP003-v2  |  IN_SAMPLE
1h data  : data/BTCUSDT_1h_last_200d.csv
15m data : data/BTCUSDT_15m_last_180d.csv
============================================================

[OPEN]  SHORT | ts=2025-09-26 10:00:00+00:00 | entry=109185.09 | sl=109568.72 | tp=108417.83 | pct_to_tp=0.70% | pct_to_sl=0.35%
[CLOSE] SHORT | entry=109185.09 | exit=109568.72 | reason=SL | net=-100.00 USD | equity=9900.00 USD
[OPEN]  SHORT | ts=2025-09-26 14:00:00+00:00 | entry=109309.00 | sl=109779.73 | tp=108367.54 | pct_to_tp=0.86% | pct_to_sl=0.43%
[CLOSE] SHORT | entry=109309.00 | exit=109779.73 | reason=SL | net=-99.00 USD | equity=9801.00 USD
[OPEN]  SHORT | ts=2025-09-26 18:30:00+00:00 | entry=109871.50 | sl=110203.14 | tp=109208.22 | pct_to_tp=0.60% | pct_to_sl=0.30%
[CLOSE] SHORT | entry=109871.50 | exit=109208.22 | reason=TP | net=+196.02 USD | equity=9997.02 USD
[OPEN]  LONG | ts=2025-09-29 14:00:00+00:00 | entry=113803.51 | sl=113220.21 | tp=114970.11 | pct_to_tp=1.03% | pct_to_sl=0.51%
[CLOSE] LONG | entry=113803.51 | exit=113220.21 | reason=SL | net=-99.97 USD | equity=9897.05 USD
[OPEN]  LONG | ts=2025-10-03 02:00:00+00:00 | entry=120132.51 | sl=119866.18 | tp=120665.17 | pct_to_tp=0.44% | pct_to_sl=0.22%
[CLOSE] LONG | entry=120132.51 | exit=119866.18 | reason=SL | net=-98.97 USD | equity=9798.08 USD
[OPEN]  LONG | ts=2025-10-03 08:30:00+00:00 | entry=119859.16 | sl=119648.60 | tp=120280.28 | pct_to_tp=0.35% | pct_to_sl=0.18%
[CLOSE] LONG | entry=119859.16 | exit=120280.28 | reason=TP | net=+195.96 USD | equity=9994.04 USD
[OPEN]  LONG | ts=2025-10-03 09:45:00+00:00 | entry=120300.00 | sl=120192.87 | tp=120514.26 | pct_to_tp=0.18% | pct_to_sl=0.09%
[CLOSE] LONG | entry=120300.00 | exit=120514.26 | reason=TP | net=+199.88 USD | equity=10193.92 USD
[OPEN]  LONG | ts=2025-10-03 15:15:00+00:00 | entry=121293.73 | sl=120849.99 | tp=122181.21 | pct_to_tp=0.73% | pct_to_sl=0.37%
[CLOSE] LONG | entry=121293.73 | exit=122181.21 | reason=TP | net=+203.88 USD | equity=10397.80 USD
[OPEN]  LONG | ts=2025-10-04 03:15:00+00:00 | entry=122051.16 | sl=121887.99 | tp=122377.50 | pct_to_tp=0.27% | pct_to_sl=0.13%
[CLOSE] LONG | entry=122051.16 | exit=122377.50 | reason=TP | net=+207.96 USD | equity=10605.76 USD
[OPEN]  LONG | ts=2025-10-04 04:30:00+00:00 | entry=122481.77 | sl=122296.00 | tp=122853.31 | pct_to_tp=0.30% | pct_to_sl=0.15%
[CLOSE] LONG | entry=122481.77 | exit=122296.00 | reason=SL | net=-106.06 USD | equity=10499.70 USD
[OPEN]  LONG | ts=2025-10-04 12:00:00+00:00 | entry=122100.00 | sl=121973.25 | tp=122353.50 | pct_to_tp=0.21% | pct_to_sl=0.10%
[CLOSE] LONG | entry=122100.00 | exit=121973.25 | reason=SL | net=-105.00 USD | equity=10394.70 USD
[OPEN]  LONG | ts=2025-10-04 13:00:00+00:00 | entry=122391.51 | sl=122005.62 | tp=123163.29 | pct_to_tp=0.63% | pct_to_sl=0.32%
[CLOSE] LONG | entry=122391.51 | exit=122005.62 | reason=SL | net=-103.95 USD | equity=10290.75 USD
[OPEN]  LONG | ts=2025-10-04 15:30:00+00:00 | entry=121894.35 | sl=121711.00 | tp=122261.05 | pct_to_tp=0.30% | pct_to_sl=0.15%
[CLOSE] LONG | entry=121894.35 | exit=121711.00 | reason=SL | net=-102.91 USD | equity=10187.85 USD
[OPEN]  SHORT | ts=2025-10-04 20:45:00+00:00 | entry=121892.89 | sl=122061.83 | tp=121555.01 | pct_to_tp=0.28% | pct_to_sl=0.14%
[CLOSE] SHORT | entry=121892.89 | exit=122061.83 | reason=SL | net=-101.88 USD | equity=10085.97 USD
[OPEN]  LONG | ts=2025-10-06 02:45:00+00:00 | entry=124110.61 | sl=123839.07 | tp=124653.69 | pct_to_tp=0.44% | pct_to_sl=0.22%
[CLOSE] LONG | entry=124110.61 | exit=123839.07 | reason=SL | net=-100.86 USD | equity=9985.11 USD
[OPEN]  LONG | ts=2025-10-06 05:15:00+00:00 | entry=123603.55 | sl=123317.00 | tp=124176.65 | pct_to_tp=0.46% | pct_to_sl=0.23%
[CLOSE] LONG | entry=123603.55 | exit=123317.00 | reason=SL | net=-99.85 USD | equity=9885.26 USD
[OPEN]  LONG | ts=2025-10-06 08:00:00+00:00 | entry=123635.79 | sl=123390.46 | tp=124126.45 | pct_to_tp=0.40% | pct_to_sl=0.20%
[CLOSE] LONG | entry=123635.79 | exit=124126.45 | reason=TP | net=+197.71 USD | equity=10082.96 USD
[OPEN]  LONG | ts=2025-10-06 22:45:00+00:00 | entry=125039.13 | sl=124890.94 | tp=125335.51 | pct_to_tp=0.24% | pct_to_sl=0.12%
[CLOSE] LONG | entry=125039.13 | exit=124890.94 | reason=SL | net=-100.83 USD | equity=9982.13 USD
[OPEN]  LONG | ts=2025-10-07 00:30:00+00:00 | entry=124882.51 | sl=124600.00 | tp=125447.53 | pct_to_tp=0.45% | pct_to_sl=0.23%
[CLOSE] LONG | entry=124882.51 | exit=124600.00 | reason=SL | net=-99.82 USD | equity=9882.31 USD
[OPEN]  SHORT | ts=2025-10-14 19:30:00+00:00 | entry=112104.75 | sl=113435.00 | tp=109444.25 | pct_to_tp=2.37% | pct_to_sl=1.19%
[CLOSE] SHORT | entry=112104.75 | exit=113435.00 | reason=SL | net=-98.82 USD | equity=9783.49 USD
[OPEN]  SHORT | ts=2025-10-15 11:45:00+00:00 | entry=111905.73 | sl=112100.00 | tp=111517.19 | pct_to_tp=0.35% | pct_to_sl=0.17%
[CLOSE] SHORT | entry=111905.73 | exit=111517.19 | reason=TP | net=+195.67 USD | equity=9979.16 USD
[OPEN]  SHORT | ts=2025-10-16 03:45:00+00:00 | entry=111329.48 | sl=111621.57 | tp=110745.30 | pct_to_tp=0.52% | pct_to_sl=0.26%
[CLOSE] SHORT | entry=111329.48 | exit=111621.57 | reason=SL | net=-99.79 USD | equity=9879.37 USD
[OPEN]  SHORT | ts=2025-10-16 05:45:00+00:00 | entry=110951.14 | sl=111365.02 | tp=110123.38 | pct_to_tp=0.75% | pct_to_sl=0.37%
[CLOSE] SHORT | entry=110951.14 | exit=111365.02 | reason=SL | net=-98.79 USD | equity=9780.57 USD
[OPEN]  SHORT | ts=2025-10-17 05:30:00+00:00 | entry=108553.40 | sl=108866.82 | tp=107926.56 | pct_to_tp=0.58% | pct_to_sl=0.29%
[CLOSE] SHORT | entry=108553.40 | exit=107926.56 | reason=TP | net=+195.61 USD | equity=9976.18 USD
[OPEN]  SHORT | ts=2025-10-17 17:15:00+00:00 | entry=106218.58 | sl=106729.00 | tp=105197.74 | pct_to_tp=0.96% | pct_to_sl=0.48%
[CLOSE] SHORT | entry=106218.58 | exit=106729.00 | reason=SL | net=-99.76 USD | equity=9876.42 USD
[OPEN]  LONG | ts=2025-10-18 01:00:00+00:00 | entry=106983.23 | sl=106824.00 | tp=107301.69 | pct_to_tp=0.30% | pct_to_sl=0.15%
[CLOSE] LONG | entry=106983.23 | exit=107301.69 | reason=TP | net=+197.53 USD | equity=10073.95 USD
[OPEN]  SHORT | ts=2025-10-18 04:00:00+00:00 | entry=106611.68 | sl=107070.41 | tp=105694.22 | pct_to_tp=0.86% | pct_to_sl=0.43%
[CLOSE] SHORT | entry=106611.68 | exit=107070.41 | reason=SL | net=-100.74 USD | equity=9973.21 USD
[OPEN]  LONG | ts=2025-10-18 11:30:00+00:00 | entry=107028.77 | sl=106868.00 | tp=107350.31 | pct_to_tp=0.30% | pct_to_sl=0.15%
[CLOSE] LONG | entry=107028.77 | exit=106868.00 | reason=SL | net=-99.73 USD | equity=9873.48 USD
[OPEN]  LONG | ts=2025-10-18 15:45:00+00:00 | entry=106948.75 | sl=106897.85 | tp=107050.55 | pct_to_tp=0.10% | pct_to_sl=0.05%
[CLOSE] LONG | entry=106948.75 | exit=106897.85 | reason=SL | net=-98.73 USD | equity=9774.75 USD
[OPEN]  LONG | ts=2025-10-19 14:15:00+00:00 | entry=108396.57 | sl=107940.00 | tp=109309.71 | pct_to_tp=0.84% | pct_to_sl=0.42%
[CLOSE] LONG | entry=108396.57 | exit=109309.71 | reason=TP | net=+195.49 USD | equity=9970.24 USD
[OPEN]  LONG | ts=2025-10-20 02:15:00+00:00 | entry=108441.58 | sl=107981.80 | tp=109361.14 | pct_to_tp=0.85% | pct_to_sl=0.42%
[CLOSE] LONG | entry=108441.58 | exit=109361.14 | reason=TP | net=+199.40 USD | equity=10169.64 USD
[OPEN]  LONG | ts=2025-10-20 04:30:00+00:00 | entry=110251.26 | sl=110062.10 | tp=110629.58 | pct_to_tp=0.34% | pct_to_sl=0.17%
[CLOSE] LONG | entry=110251.26 | exit=110629.58 | reason=TP | net=+203.39 USD | equity=10373.04 USD
[OPEN]  LONG | ts=2025-10-20 22:30:00+00:00 | entry=110842.24 | sl=110660.14 | tp=111206.44 | pct_to_tp=0.33% | pct_to_sl=0.16%
[CLOSE] LONG | entry=110842.24 | exit=110660.14 | reason=SL | net=-103.73 USD | equity=10269.31 USD
[OPEN]  LONG | ts=2025-10-20 23:15:00+00:00 | entry=110759.90 | sl=110535.97 | tp=111207.76 | pct_to_tp=0.40% | pct_to_sl=0.20%
[CLOSE] LONG | entry=110759.90 | exit=110535.97 | reason=SL | net=-102.69 USD | equity=10166.61 USD
[OPEN]  LONG | ts=2025-10-21 00:15:00+00:00 | entry=110331.47 | sl=110168.00 | tp=110658.41 | pct_to_tp=0.30% | pct_to_sl=0.15%
[CLOSE] LONG | entry=110331.47 | exit=110168.00 | reason=SL | net=-101.67 USD | equity=10064.95 USD
[OPEN]  LONG | ts=2025-10-21 01:15:00+00:00 | entry=110279.34 | sl=110128.08 | tp=110581.86 | pct_to_tp=0.27% | pct_to_sl=0.14%
[CLOSE] LONG | entry=110279.34 | exit=110128.08 | reason=SL | net=-100.65 USD | equity=9964.30 USD
[OPEN]  SHORT | ts=2025-10-22 15:00:00+00:00 | entry=108402.89 | sl=109163.88 | tp=106880.91 | pct_to_tp=1.40% | pct_to_sl=0.70%
[CLOSE] SHORT | entry=108402.89 | exit=106880.91 | reason=TP | net=+199.29 USD | equity=10163.58 USD
[OPEN]  LONG | ts=2025-10-23 22:00:00+00:00 | entry=109858.00 | sl=109517.37 | tp=110539.26 | pct_to_tp=0.62% | pct_to_sl=0.31%
[CLOSE] LONG | entry=109858.00 | exit=110539.26 | reason=TP | net=+203.27 USD | equity=10366.86 USD
[OPEN]  LONG | ts=2025-10-24 22:15:00+00:00 | entry=111073.11 | sl=110942.86 | tp=111333.61 | pct_to_tp=0.23% | pct_to_sl=0.12%
[CLOSE] LONG | entry=111073.11 | exit=110942.86 | reason=SL | net=-103.67 USD | equity=10263.19 USD
[OPEN]  LONG | ts=2025-10-25 15:15:00+00:00 | entry=111470.86 | sl=111418.11 | tp=111576.36 | pct_to_tp=0.09% | pct_to_sl=0.05%
[CLOSE] LONG | entry=111470.86 | exit=111418.11 | reason=SL | net=-102.63 USD | equity=10160.56 USD
[OPEN]  LONG | ts=2025-10-26 00:15:00+00:00 | entry=111742.26 | sl=111576.23 | tp=112074.32 | pct_to_tp=0.30% | pct_to_sl=0.15%
[CLOSE] LONG | entry=111742.26 | exit=111576.23 | reason=SL | net=-101.61 USD | equity=10058.95 USD
[OPEN]  LONG | ts=2025-10-26 02:15:00+00:00 | entry=111660.61 | sl=111540.96 | tp=111899.91 | pct_to_tp=0.21% | pct_to_sl=0.11%
[CLOSE] LONG | entry=111660.61 | exit=111540.96 | reason=SL | net=-100.59 USD | equity=9958.36 USD
[OPEN]  LONG | ts=2025-10-27 15:00:00+00:00 | entry=115055.99 | sl=114778.00 | tp=115611.97 | pct_to_tp=0.48% | pct_to_sl=0.24%
[CLOSE] LONG | entry=115055.99 | exit=115611.97 | reason=TP | net=+199.17 USD | equity=10157.53 USD
[OPEN]  LONG | ts=2025-10-27 17:30:00+00:00 | entry=115634.18 | sl=115311.19 | tp=116280.16 | pct_to_tp=0.56% | pct_to_sl=0.28%
[CLOSE] LONG | entry=115634.18 | exit=115311.19 | reason=SL | net=-101.58 USD | equity=10055.95 USD
[OPEN]  SHORT | ts=2025-10-29 09:00:00+00:00 | entry=112880.01 | sl=113105.08 | tp=112429.87 | pct_to_tp=0.40% | pct_to_sl=0.20%
[CLOSE] SHORT | entry=112880.01 | exit=113105.08 | reason=SL | net=-100.56 USD | equity=9955.39 USD
[OPEN]  SHORT | ts=2025-10-29 14:15:00+00:00 | entry=112317.10 | sl=112703.23 | tp=111544.84 | pct_to_tp=0.69% | pct_to_sl=0.34%
[CLOSE] SHORT | entry=112317.10 | exit=112703.23 | reason=SL | net=-99.55 USD | equity=9855.84 USD
[OPEN]  SHORT | ts=2025-10-30 08:00:00+00:00 | entry=110851.05 | sl=111467.01 | tp=109619.13 | pct_to_tp=1.11% | pct_to_sl=0.56%
[CLOSE] SHORT | entry=110851.05 | exit=109619.13 | reason=TP | net=+197.12 USD | equity=10052.96 USD
[OPEN]  LONG | ts=2025-11-02 07:30:00+00:00 | entry=110690.76 | sl=110473.91 | tp=111124.46 | pct_to_tp=0.39% | pct_to_sl=0.20%
[CLOSE] LONG | entry=110690.76 | exit=110473.91 | reason=SL | net=-100.53 USD | equity=9952.43 USD
[OPEN]  SHORT | ts=2025-11-03 15:00:00+00:00 | entry=107648.43 | sl=108148.81 | tp=106647.67 | pct_to_tp=0.93% | pct_to_sl=0.46%
[CLOSE] SHORT | entry=107648.43 | exit=106647.67 | reason=TP | net=+199.05 USD | equity=10151.47 USD
[OPEN]  SHORT | ts=2025-11-03 18:00:00+00:00 | entry=107190.00 | sl=107599.85 | tp=106370.30 | pct_to_tp=0.76% | pct_to_sl=0.38%
[CLOSE] SHORT | entry=107190.00 | exit=106370.30 | reason=TP | net=+203.03 USD | equity=10354.50 USD
[OPEN]  SHORT | ts=2025-11-04 02:45:00+00:00 | entry=106482.60 | sl=106763.31 | tp=105921.18 | pct_to_tp=0.53% | pct_to_sl=0.26%
[CLOSE] SHORT | entry=106482.60 | exit=106763.31 | reason=SL | net=-103.55 USD | equity=10250.96 USD
[OPEN]  SHORT | ts=2025-11-04 06:30:00+00:00 | entry=104541.00 | sl=104988.88 | tp=103645.24 | pct_to_tp=0.86% | pct_to_sl=0.43%
[CLOSE] SHORT | entry=104541.00 | exit=104988.88 | reason=SL | net=-102.51 USD | equity=10148.45 USD
[OPEN]  SHORT | ts=2025-11-05 04:15:00+00:00 | entry=101566.32 | sl=101999.99 | tp=100698.98 | pct_to_tp=0.85% | pct_to_sl=0.43%
[CLOSE] SHORT | entry=101566.32 | exit=101999.99 | reason=SL | net=-101.48 USD | equity=10046.97 USD
[OPEN]  SHORT | ts=2025-11-05 08:00:00+00:00 | entry=101706.58 | sl=102000.02 | tp=101119.70 | pct_to_tp=0.58% | pct_to_sl=0.29%
[CLOSE] SHORT | entry=101706.58 | exit=102000.02 | reason=SL | net=-100.47 USD | equity=9946.50 USD
[OPEN]  SHORT | ts=2025-11-05 10:00:00+00:00 | entry=101758.69 | sl=101995.29 | tp=101285.49 | pct_to_tp=0.47% | pct_to_sl=0.23%
[CLOSE] SHORT | entry=101758.69 | exit=101285.49 | reason=TP | net=+198.93 USD | equity=10145.43 USD
[OPEN]  SHORT | ts=2025-11-06 11:00:00+00:00 | entry=102878.58 | sl=103122.54 | tp=102390.66 | pct_to_tp=0.47% | pct_to_sl=0.24%
[CLOSE] SHORT | entry=102878.58 | exit=103122.54 | reason=SL | net=-101.45 USD | equity=10043.97 USD
[OPEN]  SHORT | ts=2025-11-06 12:00:00+00:00 | entry=103014.41 | sl=103333.18 | tp=102376.87 | pct_to_tp=0.62% | pct_to_sl=0.31%
[CLOSE] SHORT | entry=103014.41 | exit=103333.18 | reason=SL | net=-100.44 USD | equity=9943.53 USD
[OPEN]  SHORT | ts=2025-11-06 16:30:00+00:00 | entry=100593.45 | sl=101805.83 | tp=98168.69 | pct_to_tp=2.41% | pct_to_sl=1.21%
[CLOSE] SHORT | entry=100593.45 | exit=101805.83 | reason=SL | net=-99.44 USD | equity=9844.10 USD
[OPEN]  SHORT | ts=2025-11-07 02:15:00+00:00 | entry=101243.01 | sl=101699.91 | tp=100329.21 | pct_to_tp=0.90% | pct_to_sl=0.45%
[CLOSE] SHORT | entry=101243.01 | exit=101699.91 | reason=SL | net=-98.44 USD | equity=9745.66 USD
[OPEN]  SHORT | ts=2025-11-07 04:00:00+00:00 | entry=101582.93 | sl=101971.70 | tp=100805.39 | pct_to_tp=0.77% | pct_to_sl=0.38%
[CLOSE] SHORT | entry=101582.93 | exit=101971.70 | reason=SL | net=-97.46 USD | equity=9648.20 USD
[OPEN]  SHORT | ts=2025-11-07 04:30:00+00:00 | entry=101829.48 | sl=101995.57 | tp=101497.30 | pct_to_tp=0.33% | pct_to_sl=0.16%
[CLOSE] SHORT | entry=101829.48 | exit=101995.57 | reason=SL | net=-96.48 USD | equity=9551.72 USD
[OPEN]  LONG | ts=2025-11-07 07:45:00+00:00 | entry=102010.00 | sl=101816.68 | tp=102396.64 | pct_to_tp=0.38% | pct_to_sl=0.19%
[CLOSE] LONG | entry=102010.00 | exit=101816.68 | reason=SL | net=-95.52 USD | equity=9456.20 USD
[OPEN]  SHORT | ts=2025-11-07 09:15:00+00:00 | entry=101006.26 | sl=101493.99 | tp=100030.80 | pct_to_tp=0.97% | pct_to_sl=0.48%
[CLOSE] SHORT | entry=101006.26 | exit=100030.80 | reason=TP | net=+189.12 USD | equity=9645.32 USD
[OPEN]  SHORT | ts=2025-11-12 06:30:00+00:00 | entry=103432.58 | sl=103544.00 | tp=103209.74 | pct_to_tp=0.22% | pct_to_sl=0.11%
[CLOSE] SHORT | entry=103432.58 | exit=103209.74 | reason=TP | net=+192.91 USD | equity=9838.23 USD
[OPEN]  SHORT | ts=2025-11-15 03:30:00+00:00 | entry=96316.02 | sl=96689.22 | tp=95569.62 | pct_to_tp=0.77% | pct_to_sl=0.39%
[CLOSE] SHORT | entry=96316.02 | exit=95569.62 | reason=TP | net=+196.76 USD | equity=10034.99 USD
[OPEN]  LONG | ts=2025-11-16 14:30:00+00:00 | entry=95596.23 | sl=95366.01 | tp=96056.67 | pct_to_tp=0.48% | pct_to_sl=0.24%
[CLOSE] LONG | entry=95596.23 | exit=95366.01 | reason=SL | net=-100.35 USD | equity=9934.64 USD
[OPEN]  SHORT | ts=2025-11-18 11:00:00+00:00 | entry=91431.07 | sl=91615.43 | tp=91062.35 | pct_to_tp=0.40% | pct_to_sl=0.20%
[CLOSE] SHORT | entry=91431.07 | exit=91615.43 | reason=SL | net=-99.35 USD | equity=9835.30 USD
[OPEN]  SHORT | ts=2025-11-18 12:45:00+00:00 | entry=91518.54 | sl=91840.00 | tp=90875.62 | pct_to_tp=0.70% | pct_to_sl=0.35%
[CLOSE] SHORT | entry=91518.54 | exit=91840.00 | reason=SL | net=-98.35 USD | equity=9736.95 USD
[OPEN]  SHORT | ts=2025-11-19 16:15:00+00:00 | entry=89696.37 | sl=90232.56 | tp=88623.99 | pct_to_tp=1.20% | pct_to_sl=0.60%
[CLOSE] SHORT | entry=89696.37 | exit=88623.99 | reason=TP | net=+194.74 USD | equity=9931.68 USD
[OPEN]  SHORT | ts=2025-11-19 22:00:00+00:00 | entry=90344.50 | sl=90628.01 | tp=89777.48 | pct_to_tp=0.63% | pct_to_sl=0.31%
[CLOSE] SHORT | entry=90344.50 | exit=90628.01 | reason=SL | net=-99.32 USD | equity=9832.37 USD
[OPEN]  SHORT | ts=2025-11-21 15:00:00+00:00 | entry=84173.05 | sl=85103.42 | tp=82312.31 | pct_to_tp=2.21% | pct_to_sl=1.11%
[CLOSE] SHORT | entry=84173.05 | exit=85103.42 | reason=SL | net=-98.32 USD | equity=9734.04 USD
[OPEN]  LONG | ts=2025-11-23 08:00:00+00:00 | entry=85988.32 | sl=85768.22 | tp=86428.52 | pct_to_tp=0.51% | pct_to_sl=0.26%
[CLOSE] LONG | entry=85988.32 | exit=86428.52 | reason=TP | net=+194.68 USD | equity=9928.72 USD
[OPEN]  LONG | ts=2025-11-24 01:45:00+00:00 | entry=87068.51 | sl=86448.61 | tp=88308.31 | pct_to_tp=1.42% | pct_to_sl=0.71%
[CLOSE] LONG | entry=87068.51 | exit=86448.61 | reason=SL | net=-99.29 USD | equity=9829.44 USD
[OPEN]  LONG | ts=2025-11-24 18:45:00+00:00 | entry=88715.31 | sl=88407.14 | tp=89331.65 | pct_to_tp=0.69% | pct_to_sl=0.35%
[CLOSE] LONG | entry=88715.31 | exit=88407.14 | reason=SL | net=-98.29 USD | equity=9731.14 USD
[OPEN]  LONG | ts=2025-11-25 05:30:00+00:00 | entry=88208.34 | sl=88000.00 | tp=88625.02 | pct_to_tp=0.47% | pct_to_sl=0.24%
[CLOSE] LONG | entry=88208.34 | exit=88000.00 | reason=SL | net=-97.31 USD | equity=9633.83 USD
[OPEN]  LONG | ts=2025-11-27 15:15:00+00:00 | entry=90931.97 | sl=90692.69 | tp=91410.53 | pct_to_tp=0.53% | pct_to_sl=0.26%
[CLOSE] LONG | entry=90931.97 | exit=91410.53 | reason=TP | net=+192.68 USD | equity=9826.51 USD
[OPEN]  LONG | ts=2025-11-27 16:45:00+00:00 | entry=91467.13 | sl=91232.38 | tp=91936.63 | pct_to_tp=0.51% | pct_to_sl=0.26%
[CLOSE] LONG | entry=91467.13 | exit=91232.38 | reason=SL | net=-98.27 USD | equity=9728.24 USD
[OPEN]  LONG | ts=2025-11-27 22:15:00+00:00 | entry=91569.77 | sl=91466.66 | tp=91775.99 | pct_to_tp=0.23% | pct_to_sl=0.11%
[CLOSE] LONG | entry=91569.77 | exit=91466.66 | reason=SL | net=-97.28 USD | equity=9630.96 USD
[OPEN]  LONG | ts=2025-11-27 23:00:00+00:00 | entry=91510.00 | sl=91314.64 | tp=91900.72 | pct_to_tp=0.43% | pct_to_sl=0.21%
[CLOSE] LONG | entry=91510.00 | exit=91314.64 | reason=SL | net=-96.31 USD | equity=9534.65 USD
[OPEN]  LONG | ts=2025-11-28 14:15:00+00:00 | entry=92964.17 | sl=92330.00 | tp=94232.51 | pct_to_tp=1.36% | pct_to_sl=0.68%
[CLOSE] LONG | entry=92964.17 | exit=92330.00 | reason=SL | net=-95.35 USD | equity=9439.30 USD
[OPEN]  LONG | ts=2025-11-30 13:15:00+00:00 | entry=91851.19 | sl=91468.52 | tp=92616.53 | pct_to_tp=0.83% | pct_to_sl=0.42%
[CLOSE] LONG | entry=91851.19 | exit=91468.52 | reason=SL | net=-94.39 USD | equity=9344.91 USD
[OPEN]  LONG | ts=2025-11-30 15:15:00+00:00 | entry=91576.62 | sl=91354.85 | tp=92020.16 | pct_to_tp=0.48% | pct_to_sl=0.24%
[CLOSE] LONG | entry=91576.62 | exit=91354.85 | reason=SL | net=-93.45 USD | equity=9251.46 USD
[OPEN]  SHORT | ts=2025-12-01 23:30:00+00:00 | entry=86509.67 | sl=86833.55 | tp=85861.91 | pct_to_tp=0.75% | pct_to_sl=0.37%
[CLOSE] SHORT | entry=86509.67 | exit=86833.55 | reason=SL | net=-92.51 USD | equity=9158.95 USD
[OPEN]  LONG | ts=2025-12-02 14:00:00+00:00 | entry=88343.06 | sl=87600.00 | tp=89829.18 | pct_to_tp=1.68% | pct_to_sl=0.84%
[CLOSE] LONG | entry=88343.06 | exit=89829.18 | reason=TP | net=+183.18 USD | equity=9342.13 USD
[OPEN]  LONG | ts=2025-12-03 16:15:00+00:00 | entry=92268.45 | sl=91982.10 | tp=92841.15 | pct_to_tp=0.62% | pct_to_sl=0.31%
[CLOSE] LONG | entry=92268.45 | exit=92841.15 | reason=TP | net=+186.84 USD | equity=9528.97 USD
[OPEN]  LONG | ts=2025-12-03 18:00:00+00:00 | entry=93421.05 | sl=92956.22 | tp=94350.71 | pct_to_tp=1.00% | pct_to_sl=0.50%
[CLOSE] LONG | entry=93421.05 | exit=92956.22 | reason=SL | net=-95.29 USD | equity=9433.68 USD
[OPEN]  LONG | ts=2025-12-04 01:00:00+00:00 | entry=93691.82 | sl=92981.35 | tp=95112.76 | pct_to_tp=1.52% | pct_to_sl=0.76%
[CLOSE] LONG | entry=93691.82 | exit=92981.35 | reason=SL | net=-94.34 USD | equity=9339.34 USD
[OPEN]  SHORT | ts=2025-12-05 10:45:00+00:00 | entry=91272.85 | sl=91488.00 | tp=90842.55 | pct_to_tp=0.47% | pct_to_sl=0.24%
[CLOSE] SHORT | entry=91272.85 | exit=91488.00 | reason=SL | net=-93.39 USD | equity=9245.95 USD
[OPEN]  SHORT | ts=2025-12-05 16:00:00+00:00 | entry=89362.56 | sl=90498.59 | tp=87090.50 | pct_to_tp=2.54% | pct_to_sl=1.27%
[CLOSE] SHORT | entry=89362.56 | exit=90498.59 | reason=SL | net=-92.46 USD | equity=9153.49 USD
[OPEN]  LONG | ts=2025-12-07 18:00:00+00:00 | entry=91327.99 | sl=90945.17 | tp=92093.63 | pct_to_tp=0.84% | pct_to_sl=0.42%
[CLOSE] LONG | entry=91327.99 | exit=90945.17 | reason=SL | net=-91.53 USD | equity=9061.95 USD
[OPEN]  LONG | ts=2025-12-08 02:30:00+00:00 | entry=91206.06 | sl=90972.37 | tp=91673.44 | pct_to_tp=0.51% | pct_to_sl=0.26%
[CLOSE] LONG | entry=91206.06 | exit=91673.44 | reason=TP | net=+181.24 USD | equity=9243.19 USD
[OPEN]  SHORT | ts=2025-12-09 05:45:00+00:00 | entry=89899.35 | sl=90172.99 | tp=89352.07 | pct_to_tp=0.61% | pct_to_sl=0.30%
[CLOSE] SHORT | entry=89899.35 | exit=90172.99 | reason=SL | net=-92.43 USD | equity=9150.76 USD
[OPEN]  LONG | ts=2025-12-09 16:00:00+00:00 | entry=93442.26 | sl=92693.50 | tp=94939.78 | pct_to_tp=1.60% | pct_to_sl=0.80%
[CLOSE] LONG | entry=93442.26 | exit=92693.50 | reason=SL | net=-91.51 USD | equity=9059.25 USD
[OPEN]  LONG | ts=2025-12-10 02:15:00+00:00 | entry=92502.87 | sl=92217.09 | tp=93074.43 | pct_to_tp=0.62% | pct_to_sl=0.31%
[CLOSE] LONG | entry=92502.87 | exit=93074.43 | reason=TP | net=+181.19 USD | equity=9240.44 USD
[OPEN]  SHORT | ts=2025-12-10 19:15:00+00:00 | entry=92467.72 | sl=93168.00 | tp=91067.16 | pct_to_tp=1.51% | pct_to_sl=0.76%
[CLOSE] SHORT | entry=92467.72 | exit=93168.00 | reason=SL | net=-92.40 USD | equity=9148.04 USD
[OPEN]  SHORT | ts=2025-12-11 15:30:00+00:00 | entry=89806.84 | sl=90276.00 | tp=88868.52 | pct_to_tp=1.04% | pct_to_sl=0.52%
[CLOSE] SHORT | entry=89806.84 | exit=90276.00 | reason=SL | net=-91.48 USD | equity=9056.55 USD
[OPEN]  SHORT | ts=2025-12-13 09:15:00+00:00 | entry=90430.89 | sl=90481.79 | tp=90329.09 | pct_to_tp=0.11% | pct_to_sl=0.06%
[CLOSE] SHORT | entry=90430.89 | exit=90481.79 | reason=SL | net=-90.57 USD | equity=8965.99 USD
[OPEN]  SHORT | ts=2025-12-13 11:30:00+00:00 | entry=90358.77 | sl=90447.80 | tp=90180.71 | pct_to_tp=0.20% | pct_to_sl=0.10%
[CLOSE] SHORT | entry=90358.77 | exit=90447.80 | reason=SL | net=-89.66 USD | equity=8876.33 USD
[OPEN]  SHORT | ts=2025-12-13 12:15:00+00:00 | entry=90325.42 | sl=90427.89 | tp=90120.48 | pct_to_tp=0.23% | pct_to_sl=0.11%
[CLOSE] SHORT | entry=90325.42 | exit=90427.89 | reason=SL | net=-88.76 USD | equity=8787.57 USD
[OPEN]  SHORT | ts=2025-12-13 14:15:00+00:00 | entry=89961.12 | sl=90288.43 | tp=89306.50 | pct_to_tp=0.73% | pct_to_sl=0.36%
[CLOSE] SHORT | entry=89961.12 | exit=90288.43 | reason=SL | net=-87.88 USD | equity=8699.69 USD
[OPEN]  SHORT | ts=2025-12-13 14:45:00+00:00 | entry=90079.70 | sl=90214.73 | tp=89809.64 | pct_to_tp=0.30% | pct_to_sl=0.15%
[CLOSE] SHORT | entry=90079.70 | exit=90214.73 | reason=SL | net=-87.00 USD | equity=8612.69 USD
[OPEN]  SHORT | ts=2025-12-14 10:00:00+00:00 | entry=89802.55 | sl=90044.26 | tp=89319.13 | pct_to_tp=0.54% | pct_to_sl=0.27%
[CLOSE] SHORT | entry=89802.55 | exit=90044.26 | reason=SL | net=-86.13 USD | equity=8526.57 USD
[OPEN]  SHORT | ts=2025-12-14 10:45:00+00:00 | entry=89853.69 | sl=89922.86 | tp=89715.35 | pct_to_tp=0.15% | pct_to_sl=0.08%
[CLOSE] SHORT | entry=89853.69 | exit=89715.35 | reason=TP | net=+170.53 USD | equity=8697.10 USD
[OPEN]  SHORT | ts=2025-12-14 11:15:00+00:00 | entry=89514.85 | sl=89779.36 | tp=88985.83 | pct_to_tp=0.59% | pct_to_sl=0.30%
[CLOSE] SHORT | entry=89514.85 | exit=88985.83 | reason=TP | net=+173.94 USD | equity=8871.04 USD
[OPEN]  SHORT | ts=2025-12-15 15:00:00+00:00 | entry=87476.92 | sl=88184.28 | tp=86062.20 | pct_to_tp=1.62% | pct_to_sl=0.81%
[CLOSE] SHORT | entry=87476.92 | exit=86062.20 | reason=TP | net=+177.42 USD | equity=9048.46 USD
[OPEN]  SHORT | ts=2025-12-16 07:30:00+00:00 | entry=85896.35 | sl=86241.66 | tp=85205.73 | pct_to_tp=0.80% | pct_to_sl=0.40%
[CLOSE] SHORT | entry=85896.35 | exit=86241.66 | reason=SL | net=-90.48 USD | equity=8957.98 USD
[OPEN]  LONG | ts=2025-12-21 00:45:00+00:00 | entry=88387.92 | sl=88325.16 | tp=88513.44 | pct_to_tp=0.14% | pct_to_sl=0.07%
[CLOSE] LONG | entry=88387.92 | exit=88325.16 | reason=SL | net=-89.58 USD | equity=8868.40 USD
[OPEN]  LONG | ts=2025-12-22 04:15:00+00:00 | entry=88948.35 | sl=88777.92 | tp=89289.21 | pct_to_tp=0.38% | pct_to_sl=0.19%
[CLOSE] LONG | entry=88948.35 | exit=88777.92 | reason=SL | net=-88.68 USD | equity=8779.71 USD
[OPEN]  LONG | ts=2025-12-22 16:15:00+00:00 | entry=90084.06 | sl=89815.07 | tp=90622.04 | pct_to_tp=0.60% | pct_to_sl=0.30%
[CLOSE] LONG | entry=90084.06 | exit=89815.07 | reason=SL | net=-87.80 USD | equity=8691.92 USD
[OPEN]  SHORT | ts=2025-12-23 14:45:00+00:00 | entry=86874.00 | sl=87440.05 | tp=85741.90 | pct_to_tp=1.30% | pct_to_sl=0.65%
[CLOSE] SHORT | entry=86874.00 | exit=87440.05 | reason=SL | net=-86.92 USD | equity=8605.00 USD
[OPEN]  SHORT | ts=2025-12-23 17:45:00+00:00 | entry=87180.01 | sl=87816.10 | tp=85907.83 | pct_to_tp=1.46% | pct_to_sl=0.73%
[CLOSE] SHORT | entry=87180.01 | exit=87816.10 | reason=SL | net=-86.05 USD | equity=8518.95 USD
[OPEN]  LONG | ts=2025-12-26 12:00:00+00:00 | entry=88690.52 | sl=88533.42 | tp=89004.72 | pct_to_tp=0.35% | pct_to_sl=0.18%
[CLOSE] LONG | entry=88690.52 | exit=89004.72 | reason=TP | net=+170.38 USD | equity=8689.33 USD
[OPEN]  LONG | ts=2025-12-29 02:00:00+00:00 | entry=89265.33 | sl=88445.57 | tp=90904.85 | pct_to_tp=1.84% | pct_to_sl=0.92%
[CLOSE] LONG | entry=89265.33 | exit=88445.57 | reason=SL | net=-86.89 USD | equity=8602.43 USD
[OPEN]  SHORT | ts=2025-12-30 04:45:00+00:00 | entry=87300.00 | sl=87468.59 | tp=86962.82 | pct_to_tp=0.39% | pct_to_sl=0.19%
[CLOSE] SHORT | entry=87300.00 | exit=87468.59 | reason=SL | net=-86.02 USD | equity=8516.41 USD
[OPEN]  LONG | ts=2025-12-30 15:30:00+00:00 | entry=88775.89 | sl=88431.19 | tp=89465.29 | pct_to_tp=0.78% | pct_to_sl=0.39%
[CLOSE] LONG | entry=88775.89 | exit=88431.19 | reason=SL | net=-85.16 USD | equity=8431.24 USD
[OPEN]  LONG | ts=2025-12-30 22:00:00+00:00 | entry=88469.99 | sl=88287.28 | tp=88835.41 | pct_to_tp=0.41% | pct_to_sl=0.21%
[CLOSE] LONG | entry=88469.99 | exit=88287.28 | reason=SL | net=-84.31 USD | equity=8346.93 USD
[OPEN]  LONG | ts=2025-12-31 01:15:00+00:00 | entry=88588.57 | sl=88308.52 | tp=89148.67 | pct_to_tp=0.63% | pct_to_sl=0.32%
[CLOSE] LONG | entry=88588.57 | exit=89148.67 | reason=TP | net=+166.94 USD | equity=8513.87 USD
[OPEN]  SHORT | ts=2026-01-01 04:30:00+00:00 | entry=87550.48 | sl=87670.07 | tp=87311.30 | pct_to_tp=0.27% | pct_to_sl=0.14%
[CLOSE] SHORT | entry=87550.48 | exit=87670.07 | reason=SL | net=-85.14 USD | equity=8428.73 USD
[OPEN]  LONG | ts=2026-01-02 03:00:00+00:00 | entry=88963.05 | sl=88573.64 | tp=89741.87 | pct_to_tp=0.88% | pct_to_sl=0.44%
[CLOSE] LONG | entry=88963.05 | exit=89741.87 | reason=TP | net=+168.57 USD | equity=8597.31 USD
[OPEN]  LONG | ts=2026-01-02 15:30:00+00:00 | entry=89757.89 | sl=89066.00 | tp=91141.67 | pct_to_tp=1.54% | pct_to_sl=0.77%
[CLOSE] LONG | entry=89757.89 | exit=91141.67 | reason=TP | net=+171.95 USD | equity=8769.25 USD
[OPEN]  LONG | ts=2026-01-04 13:45:00+00:00 | entry=91264.00 | sl=91224.00 | tp=91344.00 | pct_to_tp=0.09% | pct_to_sl=0.04%
[CLOSE] LONG | entry=91264.00 | exit=91344.00 | reason=TP | net=+175.39 USD | equity=8944.64 USD
[OPEN]  LONG | ts=2026-01-04 14:45:00+00:00 | entry=91336.39 | sl=91146.86 | tp=91715.45 | pct_to_tp=0.42% | pct_to_sl=0.21%
[CLOSE] LONG | entry=91336.39 | exit=91146.86 | reason=SL | net=-89.45 USD | equity=8855.19 USD
[OPEN]  LONG | ts=2026-01-04 16:45:00+00:00 | entry=91321.00 | sl=91300.00 | tp=91363.00 | pct_to_tp=0.05% | pct_to_sl=0.02%
[CLOSE] LONG | entry=91321.00 | exit=91363.00 | reason=TP | net=+177.10 USD | equity=9032.29 USD
[OPEN]  LONG | ts=2026-01-04 19:45:00+00:00 | entry=91138.07 | sl=91068.00 | tp=91278.21 | pct_to_tp=0.15% | pct_to_sl=0.08%
[CLOSE] LONG | entry=91138.07 | exit=91278.21 | reason=TP | net=+180.65 USD | equity=9212.94 USD
[OPEN]  LONG | ts=2026-01-04 20:15:00+00:00 | entry=91339.99 | sl=91240.00 | tp=91539.97 | pct_to_tp=0.22% | pct_to_sl=0.11%
[CLOSE] LONG | entry=91339.99 | exit=91240.00 | reason=SL | net=-92.13 USD | equity=9120.81 USD
[OPEN]  LONG | ts=2026-01-04 21:45:00+00:00 | entry=91279.99 | sl=91182.71 | tp=91474.55 | pct_to_tp=0.21% | pct_to_sl=0.11%
[CLOSE] LONG | entry=91279.99 | exit=91182.71 | reason=SL | net=-91.21 USD | equity=9029.60 USD
[OPEN]  LONG | ts=2026-01-04 22:15:00+00:00 | entry=91285.37 | sl=91150.47 | tp=91555.17 | pct_to_tp=0.30% | pct_to_sl=0.15%
[CLOSE] LONG | entry=91285.37 | exit=91555.17 | reason=TP | net=+180.59 USD | equity=9210.19 USD
[OPEN]  LONG | ts=2026-01-05 00:00:00+00:00 | entry=91895.35 | sl=91514.81 | tp=92656.43 | pct_to_tp=0.83% | pct_to_sl=0.41%
[CLOSE] LONG | entry=91895.35 | exit=92656.43 | reason=TP | net=+184.20 USD | equity=9394.40 USD
[OPEN]  LONG | ts=2026-01-05 15:30:00+00:00 | entry=93857.89 | sl=93316.06 | tp=94941.55 | pct_to_tp=1.15% | pct_to_sl=0.58%
[CLOSE] LONG | entry=93857.89 | exit=93316.06 | reason=SL | net=-93.94 USD | equity=9300.45 USD
[OPEN]  LONG | ts=2026-01-06 01:15:00+00:00 | entry=94116.72 | sl=93883.88 | tp=94582.40 | pct_to_tp=0.49% | pct_to_sl=0.25%
[CLOSE] LONG | entry=94116.72 | exit=93883.88 | reason=SL | net=-93.00 USD | equity=9207.45 USD
[OPEN]  LONG | ts=2026-01-06 04:00:00+00:00 | entry=93962.98 | sl=93734.25 | tp=94420.44 | pct_to_tp=0.49% | pct_to_sl=0.24%
[CLOSE] LONG | entry=93962.98 | exit=93734.25 | reason=SL | net=-92.07 USD | equity=9115.38 USD
[OPEN]  LONG | ts=2026-01-06 06:00:00+00:00 | entry=93756.86 | sl=93538.83 | tp=94192.92 | pct_to_tp=0.47% | pct_to_sl=0.23%
[CLOSE] LONG | entry=93756.86 | exit=93538.83 | reason=SL | net=-91.15 USD | equity=9024.22 USD
[OPEN]  LONG | ts=2026-01-06 14:00:00+00:00 | entry=94092.62 | sl=93716.52 | tp=94844.82 | pct_to_tp=0.80% | pct_to_sl=0.40%
[CLOSE] LONG | entry=94092.62 | exit=93716.52 | reason=SL | net=-90.24 USD | equity=8933.98 USD
[OPEN]  SHORT | ts=2026-01-06 17:45:00+00:00 | entry=91589.24 | sl=92239.67 | tp=90288.38 | pct_to_tp=1.42% | pct_to_sl=0.71%
[CLOSE] SHORT | entry=91589.24 | exit=92239.67 | reason=SL | net=-89.34 USD | equity=8844.64 USD
[OPEN]  SHORT | ts=2026-01-08 01:30:00+00:00 | entry=91362.40 | sl=91525.59 | tp=91036.02 | pct_to_tp=0.36% | pct_to_sl=0.18%
[CLOSE] SHORT | entry=91362.40 | exit=91036.02 | reason=TP | net=+176.89 USD | equity=9021.53 USD
[OPEN]  SHORT | ts=2026-01-08 03:15:00+00:00 | entry=90949.88 | sl=91109.35 | tp=90630.94 | pct_to_tp=0.35% | pct_to_sl=0.18%
[CLOSE] SHORT | entry=90949.88 | exit=90630.94 | reason=TP | net=+180.43 USD | equity=9201.96 USD
[OPEN]  LONG | ts=2026-01-13 13:15:00+00:00 | entry=92139.99 | sl=92000.01 | tp=92419.95 | pct_to_tp=0.30% | pct_to_sl=0.15%
[CLOSE] LONG | entry=92139.99 | exit=92419.95 | reason=TP | net=+184.04 USD | equity=9386.00 USD
[OPEN]  LONG | ts=2026-01-13 15:30:00+00:00 | entry=92931.98 | sl=92371.74 | tp=94052.46 | pct_to_tp=1.21% | pct_to_sl=0.60%
[CLOSE] LONG | entry=92931.98 | exit=94052.46 | reason=TP | net=+187.72 USD | equity=9573.72 USD
[OPEN]  LONG | ts=2026-01-14 12:00:00+00:00 | entry=95019.00 | sl=94680.67 | tp=95695.66 | pct_to_tp=0.71% | pct_to_sl=0.36%
[CLOSE] LONG | entry=95019.00 | exit=95695.66 | reason=TP | net=+191.47 USD | equity=9765.20 USD
[OPEN]  LONG | ts=2026-01-14 15:45:00+00:00 | entry=96764.57 | sl=96300.00 | tp=97693.71 | pct_to_tp=0.96% | pct_to_sl=0.48%
[CLOSE] LONG | entry=96764.57 | exit=97693.71 | reason=TP | net=+195.30 USD | equity=9960.50 USD
[OPEN]  LONG | ts=2026-01-15 02:15:00+00:00 | entry=96527.45 | sl=96382.89 | tp=96816.57 | pct_to_tp=0.30% | pct_to_sl=0.15%
[CLOSE] LONG | entry=96527.45 | exit=96382.89 | reason=SL | net=-99.61 USD | equity=9860.90 USD
[OPEN]  LONG | ts=2026-01-15 07:15:00+00:00 | entry=96478.28 | sl=96206.69 | tp=97021.46 | pct_to_tp=0.56% | pct_to_sl=0.28%
[CLOSE] LONG | entry=96478.28 | exit=97021.46 | reason=TP | net=+197.22 USD | equity=10058.11 USD
[OPEN]  LONG | ts=2026-01-15 12:30:00+00:00 | entry=96746.99 | sl=96606.93 | tp=97027.11 | pct_to_tp=0.29% | pct_to_sl=0.14%
[CLOSE] LONG | entry=96746.99 | exit=97027.11 | reason=TP | net=+201.16 USD | equity=10259.28 USD
[OPEN]  LONG | ts=2026-01-15 14:00:00+00:00 | entry=97139.27 | sl=96846.74 | tp=97724.33 | pct_to_tp=0.60% | pct_to_sl=0.30%
[CLOSE] LONG | entry=97139.27 | exit=96846.74 | reason=SL | net=-102.59 USD | equity=10156.68 USD
[OPEN]  SHORT | ts=2026-01-16 19:15:00+00:00 | entry=94861.39 | sl=95000.95 | tp=94582.27 | pct_to_tp=0.29% | pct_to_sl=0.15%
[CLOSE] SHORT | entry=94861.39 | exit=95000.95 | reason=SL | net=-101.57 USD | equity=10055.12 USD
[OPEN]  SHORT | ts=2026-01-19 17:30:00+00:00 | entry=93196.39 | sl=93301.35 | tp=92986.47 | pct_to_tp=0.23% | pct_to_sl=0.11%
[CLOSE] SHORT | entry=93196.39 | exit=92986.47 | reason=TP | net=+201.10 USD | equity=10256.22 USD
[OPEN]  SHORT | ts=2026-01-19 20:30:00+00:00 | entry=93131.60 | sl=93251.56 | tp=92891.68 | pct_to_tp=0.26% | pct_to_sl=0.13%
[CLOSE] SHORT | entry=93131.60 | exit=93251.56 | reason=SL | net=-102.56 USD | equity=10153.66 USD
[OPEN]  SHORT | ts=2026-01-19 21:45:00+00:00 | entry=93003.42 | sl=93053.90 | tp=92902.46 | pct_to_tp=0.11% | pct_to_sl=0.05%
[CLOSE] SHORT | entry=93003.42 | exit=92902.46 | reason=TP | net=+203.07 USD | equity=10356.73 USD
[OPEN]  SHORT | ts=2026-01-19 22:30:00+00:00 | entry=92819.61 | sl=92983.85 | tp=92491.13 | pct_to_tp=0.35% | pct_to_sl=0.18%
[CLOSE] SHORT | entry=92819.61 | exit=92491.13 | reason=TP | net=+207.13 USD | equity=10563.86 USD
[OPEN]  SHORT | ts=2026-01-21 06:30:00+00:00 | entry=89616.78 | sl=89885.39 | tp=89079.56 | pct_to_tp=0.60% | pct_to_sl=0.30%
[CLOSE] SHORT | entry=89616.78 | exit=89079.56 | reason=TP | net=+211.28 USD | equity=10775.14 USD
[OPEN]  SHORT | ts=2026-01-22 18:45:00+00:00 | entry=89333.94 | sl=89715.61 | tp=88570.60 | pct_to_tp=0.85% | pct_to_sl=0.43%
[CLOSE] SHORT | entry=89333.94 | exit=89715.61 | reason=SL | net=-107.75 USD | equity=10667.39 USD
[OPEN]  SHORT | ts=2026-01-22 22:30:00+00:00 | entry=89265.50 | sl=89422.78 | tp=88950.94 | pct_to_tp=0.35% | pct_to_sl=0.18%
[CLOSE] SHORT | entry=89265.50 | exit=89422.78 | reason=SL | net=-106.67 USD | equity=10560.72 USD
[OPEN]  SHORT | ts=2026-01-25 04:45:00+00:00 | entry=89006.96 | sl=89086.68 | tp=88847.52 | pct_to_tp=0.18% | pct_to_sl=0.09%
[CLOSE] SHORT | entry=89006.96 | exit=88847.52 | reason=TP | net=+211.21 USD | equity=10771.93 USD
[OPEN]  SHORT | ts=2026-01-25 15:30:00+00:00 | entry=88682.81 | sl=88742.64 | tp=88563.15 | pct_to_tp=0.13% | pct_to_sl=0.07%
[CLOSE] SHORT | entry=88682.81 | exit=88563.15 | reason=TP | net=+215.44 USD | equity=10987.37 USD
[OPEN]  SHORT | ts=2026-01-25 16:00:00+00:00 | entry=87904.72 | sl=88448.85 | tp=86816.46 | pct_to_tp=1.24% | pct_to_sl=0.62%
[CLOSE] SHORT | entry=87904.72 | exit=86816.46 | reason=TP | net=+219.75 USD | equity=11207.12 USD
[OPEN]  SHORT | ts=2026-01-26 02:00:00+00:00 | entry=87509.31 | sl=87698.74 | tp=87130.45 | pct_to_tp=0.43% | pct_to_sl=0.22%
[CLOSE] SHORT | entry=87509.31 | exit=87698.74 | reason=SL | net=-112.07 USD | equity=11095.05 USD
[OPEN]  SHORT | ts=2026-01-26 02:30:00+00:00 | entry=87625.22 | sl=87973.11 | tp=86929.44 | pct_to_tp=0.79% | pct_to_sl=0.40%
[CLOSE] SHORT | entry=87625.22 | exit=87973.11 | reason=SL | net=-110.95 USD | equity=10984.09 USD
[OPEN]  LONG | ts=2026-01-28 10:30:00+00:00 | entry=89493.90 | sl=89341.07 | tp=89799.56 | pct_to_tp=0.34% | pct_to_sl=0.17%
[CLOSE] LONG | entry=89493.90 | exit=89341.07 | reason=SL | net=-109.84 USD | equity=10874.25 USD
[OPEN]  LONG | ts=2026-01-28 15:30:00+00:00 | entry=89500.01 | sl=89230.73 | tp=90038.57 | pct_to_tp=0.60% | pct_to_sl=0.30%
[CLOSE] LONG | entry=89500.01 | exit=90038.57 | reason=TP | net=+217.49 USD | equity=11091.74 USD
[OPEN]  SHORT | ts=2026-01-30 15:15:00+00:00 | entry=82620.28 | sl=83578.60 | tp=80703.64 | pct_to_tp=2.32% | pct_to_sl=1.16%
[CLOSE] SHORT | entry=82620.28 | exit=83578.60 | reason=SL | net=-110.92 USD | equity=10980.82 USD
[OPEN]  LONG | ts=2026-01-31 02:30:00+00:00 | entry=84138.66 | sl=83815.02 | tp=84785.94 | pct_to_tp=0.77% | pct_to_sl=0.38%
[CLOSE] LONG | entry=84138.66 | exit=83815.02 | reason=SL | net=-109.81 USD | equity=10871.01 USD
[OPEN]  LONG | ts=2026-01-31 06:30:00+00:00 | entry=83774.72 | sl=83670.64 | tp=83982.88 | pct_to_tp=0.25% | pct_to_sl=0.12%
[CLOSE] LONG | entry=83774.72 | exit=83670.64 | reason=SL | net=-108.71 USD | equity=10762.30 USD
[OPEN]  LONG | ts=2026-01-31 07:45:00+00:00 | entry=83546.81 | sl=83482.06 | tp=83676.31 | pct_to_tp=0.16% | pct_to_sl=0.08%
[CLOSE] LONG | entry=83546.81 | exit=83482.06 | reason=SL | net=-107.62 USD | equity=10654.68 USD
[OPEN]  SHORT | ts=2026-02-03 17:00:00+00:00 | entry=75699.08 | sl=76525.44 | tp=74046.36 | pct_to_tp=2.18% | pct_to_sl=1.09%
[CLOSE] SHORT | entry=75699.08 | exit=74046.36 | reason=TP | net=+213.09 USD | equity=10867.77 USD
[OPEN]  SHORT | ts=2026-02-04 05:30:00+00:00 | entry=76245.30 | sl=76466.27 | tp=75803.36 | pct_to_tp=0.58% | pct_to_sl=0.29%
[CLOSE] SHORT | entry=76245.30 | exit=76466.27 | reason=SL | net=-108.68 USD | equity=10759.10 USD
[OPEN]  SHORT | ts=2026-02-04 08:15:00+00:00 | entry=76126.07 | sl=76515.66 | tp=75346.89 | pct_to_tp=1.02% | pct_to_sl=0.51%
[CLOSE] SHORT | entry=76126.07 | exit=76515.66 | reason=SL | net=-107.59 USD | equity=10651.51 USD
[OPEN]  SHORT | ts=2026-02-04 14:45:00+00:00 | entry=74359.53 | sl=75520.23 | tp=72038.13 | pct_to_tp=3.12% | pct_to_sl=1.56%
[CLOSE] SHORT | entry=74359.53 | exit=72038.13 | reason=TP | net=+213.03 USD | equity=10864.54 USD
[OPEN]  SHORT | ts=2026-02-06 06:30:00+00:00 | entry=65082.62 | sl=65850.19 | tp=63547.48 | pct_to_tp=2.36% | pct_to_sl=1.18%
[CLOSE] SHORT | entry=65082.62 | exit=65850.19 | reason=SL | net=-108.65 USD | equity=10755.89 USD
[OPEN]  LONG | ts=2026-02-08 17:30:00+00:00 | entry=70813.00 | sl=70560.33 | tp=71318.34 | pct_to_tp=0.71% | pct_to_sl=0.36%
[CLOSE] LONG | entry=70813.00 | exit=71318.34 | reason=TP | net=+215.12 USD | equity=10971.01 USD
[OPEN]  LONG | ts=2026-02-08 22:00:00+00:00 | entry=70835.63 | sl=70692.44 | tp=71122.01 | pct_to_tp=0.40% | pct_to_sl=0.20%
[CLOSE] LONG | entry=70835.63 | exit=70692.44 | reason=SL | net=-109.71 USD | equity=10861.30 USD
[OPEN]  LONG | ts=2026-02-09 04:15:00+00:00 | entry=71251.26 | sl=71030.00 | tp=71693.78 | pct_to_tp=0.62% | pct_to_sl=0.31%
[CLOSE] LONG | entry=71251.26 | exit=71030.00 | reason=SL | net=-108.61 USD | equity=10752.68 USD
[OPEN]  LONG | ts=2026-02-09 06:30:00+00:00 | entry=70550.84 | sl=70379.43 | tp=70893.66 | pct_to_tp=0.49% | pct_to_sl=0.24%
[CLOSE] LONG | entry=70550.84 | exit=70893.66 | reason=TP | net=+215.05 USD | equity=10967.74 USD
[OPEN]  SHORT | ts=2026-02-09 15:15:00+00:00 | entry=68921.04 | sl=69670.09 | tp=67422.94 | pct_to_tp=2.17% | pct_to_sl=1.09%
[CLOSE] SHORT | entry=68921.04 | exit=69670.09 | reason=SL | net=-109.68 USD | equity=10858.06 USD
[OPEN]  SHORT | ts=2026-02-10 21:15:00+00:00 | entry=68652.27 | sl=68927.72 | tp=68101.37 | pct_to_tp=0.80% | pct_to_sl=0.40%
[CLOSE] SHORT | entry=68652.27 | exit=68927.72 | reason=SL | net=-108.58 USD | equity=10749.48 USD
[OPEN]  SHORT | ts=2026-02-11 02:30:00+00:00 | entry=68869.82 | sl=69129.67 | tp=68350.12 | pct_to_tp=0.75% | pct_to_sl=0.38%
[CLOSE] SHORT | entry=68869.82 | exit=68350.12 | reason=TP | net=+214.99 USD | equity=10964.47 USD
[OPEN]  SHORT | ts=2026-02-11 03:45:00+00:00 | entry=68187.99 | sl=68528.24 | tp=67507.49 | pct_to_tp=1.00% | pct_to_sl=0.50%
[CLOSE] SHORT | entry=68187.99 | exit=67507.49 | reason=TP | net=+219.29 USD | equity=11183.76 USD
[OPEN]  SHORT | ts=2026-02-11 14:15:00+00:00 | entry=68000.00 | sl=68582.42 | tp=66835.16 | pct_to_tp=1.71% | pct_to_sl=0.86%
[CLOSE] SHORT | entry=68000.00 | exit=66835.16 | reason=TP | net=+223.68 USD | equity=11407.43 USD
[OPEN]  SHORT | ts=2026-02-11 19:15:00+00:00 | entry=67436.32 | sl=67763.34 | tp=66782.28 | pct_to_tp=0.97% | pct_to_sl=0.48%
[CLOSE] SHORT | entry=67436.32 | exit=67763.34 | reason=SL | net=-114.07 USD | equity=11293.36 USD
[OPEN]  SHORT | ts=2026-02-11 19:45:00+00:00 | entry=67586.67 | sl=67830.82 | tp=67098.37 | pct_to_tp=0.72% | pct_to_sl=0.36%
[CLOSE] SHORT | entry=67586.67 | exit=67830.82 | reason=SL | net=-112.93 USD | equity=11180.43 USD
[OPEN]  SHORT | ts=2026-02-11 21:45:00+00:00 | entry=67811.17 | sl=68021.12 | tp=67391.27 | pct_to_tp=0.62% | pct_to_sl=0.31%
[CLOSE] SHORT | entry=67811.17 | exit=67391.27 | reason=TP | net=+223.61 USD | equity=11404.04 USD
[OPEN]  LONG | ts=2026-02-12 00:00:00+00:00 | entry=67365.56 | sl=67055.53 | tp=67985.62 | pct_to_tp=0.92% | pct_to_sl=0.46%
[CLOSE] LONG | entry=67365.56 | exit=67985.62 | reason=TP | net=+228.08 USD | equity=11632.12 USD
[OPEN]  LONG | ts=2026-02-12 11:15:00+00:00 | entry=68208.64 | sl=67836.83 | tp=68952.26 | pct_to_tp=1.09% | pct_to_sl=0.55%
[CLOSE] LONG | entry=68208.64 | exit=67836.83 | reason=SL | net=-116.32 USD | equity=11515.79 USD
[OPEN]  LONG | ts=2026-02-14 14:30:00+00:00 | entry=69673.60 | sl=69455.60 | tp=70109.60 | pct_to_tp=0.63% | pct_to_sl=0.31%
[CLOSE] LONG | entry=69673.60 | exit=69455.60 | reason=SL | net=-115.16 USD | equity=11400.64 USD
[OPEN]  LONG | ts=2026-02-15 01:00:00+00:00 | entry=69902.69 | sl=69753.80 | tp=70200.47 | pct_to_tp=0.43% | pct_to_sl=0.21%
[CLOSE] LONG | entry=69902.69 | exit=69753.80 | reason=SL | net=-114.01 USD | equity=11286.63 USD
[OPEN]  LONG | ts=2026-02-15 01:45:00+00:00 | entry=69717.65 | sl=69393.69 | tp=70365.57 | pct_to_tp=0.93% | pct_to_sl=0.46%
[CLOSE] LONG | entry=69717.65 | exit=69393.69 | reason=SL | net=-112.87 USD | equity=11173.76 USD
[OPEN]  SHORT | ts=2026-02-15 23:00:00+00:00 | entry=68490.80 | sl=68999.96 | tp=67472.48 | pct_to_tp=1.49% | pct_to_sl=0.74%
[CLOSE] SHORT | entry=68490.80 | exit=68999.96 | reason=SL | net=-111.74 USD | equity=11062.03 USD
[OPEN]  SHORT | ts=2026-02-16 02:15:00+00:00 | entry=68350.51 | sl=68574.94 | tp=67901.65 | pct_to_tp=0.66% | pct_to_sl=0.33%
[CLOSE] SHORT | entry=68350.51 | exit=68574.94 | reason=SL | net=-110.62 USD | equity=10951.41 USD
[OPEN]  SHORT | ts=2026-02-16 05:00:00+00:00 | entry=68473.16 | sl=68900.00 | tp=67619.48 | pct_to_tp=1.25% | pct_to_sl=0.62%
[CLOSE] SHORT | entry=68473.16 | exit=68900.00 | reason=SL | net=-109.51 USD | equity=10841.89 USD
[OPEN]  SHORT | ts=2026-02-16 11:00:00+00:00 | entry=68515.88 | sl=68848.49 | tp=67850.66 | pct_to_tp=0.97% | pct_to_sl=0.49%
[CLOSE] SHORT | entry=68515.88 | exit=68848.49 | reason=SL | net=-108.42 USD | equity=10733.47 USD
[OPEN]  SHORT | ts=2026-02-17 13:30:00+00:00 | entry=68019.92 | sl=68125.20 | tp=67809.36 | pct_to_tp=0.31% | pct_to_sl=0.15%
[CLOSE] SHORT | entry=68019.92 | exit=68125.20 | reason=SL | net=-107.33 USD | equity=10626.14 USD
[OPEN]  SHORT | ts=2026-02-17 22:45:00+00:00 | entry=67527.72 | sl=67644.69 | tp=67293.78 | pct_to_tp=0.35% | pct_to_sl=0.17%
[CLOSE] SHORT | entry=67527.72 | exit=67293.78 | reason=TP | net=+212.52 USD | equity=10838.66 USD
[OPEN]  LONG | ts=2026-02-19 11:00:00+00:00 | entry=66919.87 | sl=66823.50 | tp=67112.61 | pct_to_tp=0.29% | pct_to_sl=0.14%
[CLOSE] LONG | entry=66919.87 | exit=66823.50 | reason=SL | net=-108.39 USD | equity=10730.27 USD
[OPEN]  SHORT | ts=2026-02-19 12:45:00+00:00 | entry=66516.67 | sl=66634.04 | tp=66281.93 | pct_to_tp=0.35% | pct_to_sl=0.18%
[CLOSE] SHORT | entry=66516.67 | exit=66281.93 | reason=TP | net=+214.61 USD | equity=10944.88 USD
[OPEN]  LONG | ts=2026-02-20 22:15:00+00:00 | entry=67936.48 | sl=67659.40 | tp=68490.64 | pct_to_tp=0.82% | pct_to_sl=0.41%
[CLOSE] LONG | entry=67936.48 | exit=67659.40 | reason=SL | net=-109.45 USD | equity=10835.43 USD
[OPEN]  LONG | ts=2026-02-21 18:30:00+00:00 | entry=68546.03 | sl=68489.12 | tp=68659.85 | pct_to_tp=0.17% | pct_to_sl=0.08%
[CLOSE] LONG | entry=68546.03 | exit=68489.12 | reason=SL | net=-108.35 USD | equity=10727.08 USD
[OPEN]  SHORT | ts=2026-02-23 01:00:00+00:00 | entry=65481.74 | sl=66740.47 | tp=62964.28 | pct_to_tp=3.84% | pct_to_sl=1.92%
[CLOSE] SHORT | entry=65481.74 | exit=62964.28 | reason=TP | net=+214.54 USD | equity=10941.62 USD
[OPEN]  SHORT | ts=2026-02-24 16:15:00+00:00 | entry=63956.21 | sl=64219.38 | tp=63429.87 | pct_to_tp=0.82% | pct_to_sl=0.41%
[CLOSE] SHORT | entry=63956.21 | exit=64219.38 | reason=SL | net=-109.42 USD | equity=10832.20 USD
[OPEN]  LONG | ts=2026-02-25 02:00:00+00:00 | entry=66229.81 | sl=65890.62 | tp=66908.19 | pct_to_tp=1.02% | pct_to_sl=0.51%
[CLOSE] LONG | entry=66229.81 | exit=65890.62 | reason=SL | net=-108.32 USD | equity=10723.88 USD
[OPEN]  LONG | ts=2026-02-25 08:15:00+00:00 | entry=65192.31 | sl=65011.99 | tp=65552.95 | pct_to_tp=0.55% | pct_to_sl=0.28%
[CLOSE] LONG | entry=65192.31 | exit=65552.95 | reason=TP | net=+214.48 USD | equity=10938.36 USD
[OPEN]  LONG | ts=2026-02-26 08:00:00+00:00 | entry=68048.93 | sl=67792.00 | tp=68562.79 | pct_to_tp=0.76% | pct_to_sl=0.38%
[CLOSE] LONG | entry=68048.93 | exit=68562.79 | reason=TP | net=+218.77 USD | equity=11157.12 USD
[OPEN]  LONG | ts=2026-02-26 12:00:00+00:00 | entry=68202.45 | sl=68027.85 | tp=68551.65 | pct_to_tp=0.51% | pct_to_sl=0.26%
[CLOSE] LONG | entry=68202.45 | exit=68027.85 | reason=SL | net=-111.57 USD | equity=11045.55 USD
[OPEN]  SHORT | ts=2026-02-27 11:30:00+00:00 | entry=66002.58 | sl=66575.95 | tp=64855.84 | pct_to_tp=1.74% | pct_to_sl=0.87%
[CLOSE] SHORT | entry=66002.58 | exit=64855.84 | reason=TP | net=+220.91 USD | equity=11266.46 USD
[OPEN]  SHORT | ts=2026-03-01 23:15:00+00:00 | entry=65635.74 | sl=65884.00 | tp=65139.22 | pct_to_tp=0.76% | pct_to_sl=0.38%
[CLOSE] SHORT | entry=65635.74 | exit=65884.00 | reason=SL | net=-112.66 USD | equity=11153.80 USD
[OPEN]  SHORT | ts=2026-03-03 08:45:00+00:00 | entry=67003.30 | sl=67362.00 | tp=66285.90 | pct_to_tp=1.07% | pct_to_sl=0.54%
[CLOSE] SHORT | entry=67003.30 | exit=67362.00 | reason=SL | net=-111.54 USD | equity=11042.26 USD
[OPEN]  SHORT | ts=2026-03-03 16:30:00+00:00 | entry=67726.29 | sl=68828.96 | tp=65520.95 | pct_to_tp=3.26% | pct_to_sl=1.63%
[CLOSE] SHORT | entry=67726.29 | exit=68828.96 | reason=SL | net=-110.42 USD | equity=10931.84 USD
[OPEN]  LONG | ts=2026-03-03 22:30:00+00:00 | entry=68398.00 | sl=68187.77 | tp=68818.46 | pct_to_tp=0.61% | pct_to_sl=0.31%
[CLOSE] LONG | entry=68398.00 | exit=68818.46 | reason=TP | net=+218.64 USD | equity=11150.48 USD
[OPEN]  LONG | ts=2026-03-05 08:30:00+00:00 | entry=72178.73 | sl=71796.78 | tp=72942.63 | pct_to_tp=1.06% | pct_to_sl=0.53%
[CLOSE] LONG | entry=72178.73 | exit=72942.63 | reason=TP | net=+223.01 USD | equity=11373.49 USD
[OPEN]  SHORT | ts=2026-03-06 09:00:00+00:00 | entry=70572.00 | sl=70808.65 | tp=70098.70 | pct_to_tp=0.67% | pct_to_sl=0.34%
[CLOSE] SHORT | entry=70572.00 | exit=70098.70 | reason=TP | net=+227.47 USD | equity=11600.96 USD
[OPEN]  SHORT | ts=2026-03-07 12:30:00+00:00 | entry=67937.64 | sl=68034.31 | tp=67744.30 | pct_to_tp=0.28% | pct_to_sl=0.14%
[CLOSE] SHORT | entry=67937.64 | exit=68034.31 | reason=SL | net=-116.01 USD | equity=11484.95 USD
[OPEN]  LONG | ts=2026-03-08 14:45:00+00:00 | entry=67339.76 | sl=67055.73 | tp=67907.82 | pct_to_tp=0.84% | pct_to_sl=0.42%
[CLOSE] LONG | entry=67339.76 | exit=67055.73 | reason=SL | net=-114.85 USD | equity=11370.10 USD
[OPEN]  SHORT | ts=2026-03-08 17:15:00+00:00 | entry=67070.24 | sl=67162.37 | tp=66885.98 | pct_to_tp=0.27% | pct_to_sl=0.14%
[CLOSE] SHORT | entry=67070.24 | exit=66885.98 | reason=TP | net=+227.40 USD | equity=11597.50 USD
[OPEN]  LONG | ts=2026-03-10 00:15:00+00:00 | entry=68980.01 | sl=68396.16 | tp=70147.71 | pct_to_tp=1.69% | pct_to_sl=0.85%
[CLOSE] LONG | entry=68980.01 | exit=70147.71 | reason=TP | net=+231.95 USD | equity=11829.45 USD
[OPEN]  SHORT | ts=2026-03-11 00:30:00+00:00 | entry=69838.71 | sl=70055.16 | tp=69405.81 | pct_to_tp=0.62% | pct_to_sl=0.31%
[CLOSE] SHORT | entry=69838.71 | exit=70055.16 | reason=SL | net=-118.29 USD | equity=11711.15 USD
[OPEN]  LONG | ts=2026-03-11 16:00:00+00:00 | entry=70455.06 | sl=70161.78 | tp=71041.62 | pct_to_tp=0.83% | pct_to_sl=0.42%
[CLOSE] LONG | entry=70455.06 | exit=71041.62 | reason=TP | net=+234.22 USD | equity=11945.38 USD
[OPEN]  LONG | ts=2026-03-13 16:30:00+00:00 | entry=71830.49 | sl=71379.70 | tp=72732.07 | pct_to_tp=1.26% | pct_to_sl=0.63%
[CLOSE] LONG | entry=71830.49 | exit=71379.70 | reason=SL | net=-119.45 USD | equity=11825.92 USD
[OPEN]  LONG | ts=2026-03-15 14:45:00+00:00 | entry=71622.03 | sl=71431.83 | tp=72002.43 | pct_to_tp=0.53% | pct_to_sl=0.27%
[CLOSE] LONG | entry=71622.03 | exit=71431.83 | reason=SL | net=-118.26 USD | equity=11707.66 USD
[OPEN]  LONG | ts=2026-03-15 17:45:00+00:00 | entry=71819.95 | sl=71521.37 | tp=72417.11 | pct_to_tp=0.83% | pct_to_sl=0.42%
[CLOSE] LONG | entry=71819.95 | exit=71521.37 | reason=SL | net=-117.08 USD | equity=11590.59 USD
[OPEN]  LONG | ts=2026-03-15 20:30:00+00:00 | entry=71846.68 | sl=71485.61 | tp=72568.82 | pct_to_tp=1.01% | pct_to_sl=0.50%
[CLOSE] LONG | entry=71846.68 | exit=72568.82 | reason=TP | net=+231.81 USD | equity=11822.40 USD
[OPEN]  LONG | ts=2026-03-15 23:30:00+00:00 | entry=72701.07 | sl=72420.44 | tp=73262.33 | pct_to_tp=0.77% | pct_to_sl=0.39%
[CLOSE] LONG | entry=72701.07 | exit=72420.44 | reason=SL | net=-118.22 USD | equity=11704.18 USD
[OPEN]  LONG | ts=2026-03-16 16:30:00+00:00 | entry=73657.29 | sl=73322.98 | tp=74325.91 | pct_to_tp=0.91% | pct_to_sl=0.45%
[CLOSE] LONG | entry=73657.29 | exit=74325.91 | reason=TP | net=+234.08 USD | equity=11938.26 USD
[OPEN]  SHORT | ts=2026-03-17 09:00:00+00:00 | entry=74047.64 | sl=74257.92 | tp=73627.08 | pct_to_tp=0.57% | pct_to_sl=0.28%
[CLOSE] SHORT | entry=74047.64 | exit=74257.92 | reason=SL | net=-119.38 USD | equity=11818.88 USD
[OPEN]  SHORT | ts=2026-03-17 09:30:00+00:00 | entry=74194.85 | sl=74330.81 | tp=73922.93 | pct_to_tp=0.37% | pct_to_sl=0.18%
[CLOSE] SHORT | entry=74194.85 | exit=73922.93 | reason=TP | net=+236.38 USD | equity=12055.25 USD
[OPEN]  LONG | ts=2026-03-18 01:30:00+00:00 | entry=74141.73 | sl=74019.65 | tp=74385.89 | pct_to_tp=0.33% | pct_to_sl=0.16%
[CLOSE] LONG | entry=74141.73 | exit=74019.65 | reason=SL | net=-120.55 USD | equity=11934.70 USD
[OPEN]  SHORT | ts=2026-03-19 23:30:00+00:00 | entry=69845.66 | sl=70183.68 | tp=69169.62 | pct_to_tp=0.97% | pct_to_sl=0.48%
[CLOSE] SHORT | entry=69845.66 | exit=70183.68 | reason=SL | net=-119.35 USD | equity=11815.35 USD
[OPEN]  SHORT | ts=2026-03-21 23:00:00+00:00 | entry=70153.13 | sl=70293.82 | tp=69871.75 | pct_to_tp=0.40% | pct_to_sl=0.20%
[CLOSE] SHORT | entry=70153.13 | exit=69871.75 | reason=TP | net=+236.31 USD | equity=12051.66 USD
[OPEN]  SHORT | ts=2026-03-23 03:45:00+00:00 | entry=68074.60 | sl=68235.29 | tp=67753.22 | pct_to_tp=0.47% | pct_to_sl=0.24%
[CLOSE] SHORT | entry=68074.60 | exit=68235.29 | reason=SL | net=-120.52 USD | equity=11931.14 USD
[OPEN]  LONG | ts=2026-03-23 12:15:00+00:00 | entry=70350.93 | sl=69967.88 | tp=71117.03 | pct_to_tp=1.09% | pct_to_sl=0.54%
[CLOSE] LONG | entry=70350.93 | exit=71117.03 | reason=TP | net=+238.62 USD | equity=12169.77 USD
[OPEN]  LONG | ts=2026-03-24 05:30:00+00:00 | entry=70326.12 | sl=70152.00 | tp=70674.36 | pct_to_tp=0.50% | pct_to_sl=0.25%
[CLOSE] LONG | entry=70326.12 | exit=70674.36 | reason=TP | net=+243.40 USD | equity=12413.16 USD
[OPEN]  LONG | ts=2026-03-24 07:45:00+00:00 | entry=71291.70 | sl=70828.74 | tp=72217.62 | pct_to_tp=1.30% | pct_to_sl=0.65%
[CLOSE] LONG | entry=71291.70 | exit=70828.74 | reason=SL | net=-124.13 USD | equity=12289.03 USD

============================================================
SUMMARY — IN_SAMPLE
============================================================
Total trades       : 229
  Long             : 121
  Short            : 108
Win rate           : 36.7%
Total return       : 22.89%
Final equity       : 12289.03 USD
Max drawdown       : 21.3%
Profit factor      : 1.155
Expectancy         : 10.0 USD/trade
Max consec. losses : 9
Long PnL           : 1597.24 USD
Short PnL          : 691.8 USD

Monthly breakdown:
  2025-09  trades=  4  win%= 25.0  net=  -102.95 USD
  2025-10  trades= 43  win%= 34.9  net=  +155.91 USD
  2025-11  trades= 35  win%= 25.7  net=  -801.49 USD
  2025-12  trades= 35  win%= 25.7  net=  -737.59 USD
  2026-01  trades= 46  win%= 50.0  net= +2140.81 USD
  2026-02  trades= 39  win%= 38.5  net=  +611.78 USD
  2026-03  trades= 27  win%= 44.4  net= +1022.57 USD
============================================================

Filter rejections:
  No trend signal  : 0
  Efficiency (ER)  : 6712
  Trend strength   : 1858
  Pullback quality : 5583
  Candle quality   : 395
  Range floor      : 7
