
============================================================
EXP010-v2  |  ETH  |  BOTH DIRECTIONS
Filters: EXP009 + ATR regime gate (ATR>2x + price<EMA200)
============================================================

[OPEN]  SHORT | ts=2025-09-26 06:45:00+00:00 | entry=3921.14 | sl=3944.23 | tp=3874.96 | pct_to_tp=1.18% | pct_to_sl=0.59%
[CLOSE] SHORT | entry=3921.14 | exit=3944.23 | reason=SL | net=-100.00 USD | equity=9900.00 USD
[OPEN]  SHORT | ts=2025-09-26 10:00:00+00:00 | entry=3886.97 | sl=3916.27 | tp=3828.37 | pct_to_tp=1.51% | pct_to_sl=0.75%
[CLOSE] SHORT | entry=3886.97 | exit=3916.27 | reason=SL | net=-99.00 USD | equity=9801.00 USD
[OPEN]  LONG | ts=2025-09-29 08:15:00+00:00 | entry=4121.30 | sl=4108.32 | tp=4147.26 | pct_to_tp=0.63% | pct_to_sl=0.31%
[CLOSE] LONG | entry=4121.30 | exit=4108.32 | reason=SL | net=-98.01 USD | equity=9702.99 USD
[OPEN]  LONG | ts=2025-09-29 12:00:00+00:00 | entry=4110.84 | sl=4098.97 | tp=4134.58 | pct_to_tp=0.58% | pct_to_sl=0.29%
[CLOSE] LONG | entry=4110.84 | exit=4098.97 | reason=SL | net=-97.03 USD | equity=9605.96 USD
[OPEN]  LONG | ts=2025-09-29 13:30:00+00:00 | entry=4147.76 | sl=4105.08 | tp=4233.12 | pct_to_tp=2.06% | pct_to_sl=1.03%
[CLOSE] LONG | entry=4147.76 | exit=4233.12 | reason=TP | net=+192.12 USD | equity=9798.08 USD
[OPEN]  SHORT | ts=2025-09-30 12:45:00+00:00 | entry=4158.42 | sl=4170.40 | tp=4134.46 | pct_to_tp=0.58% | pct_to_sl=0.29%
[CLOSE] SHORT | entry=4158.42 | exit=4170.40 | reason=SL | net=-97.98 USD | equity=9700.10 USD
[OPEN]  LONG | ts=2025-10-01 01:45:00+00:00 | entry=4171.33 | sl=4164.01 | tp=4185.97 | pct_to_tp=0.35% | pct_to_sl=0.18%
[CLOSE] LONG | entry=4171.33 | exit=4164.01 | reason=SL | net=-97.00 USD | equity=9603.10 USD
[OPEN]  LONG | ts=2025-10-02 16:45:00+00:00 | entry=4448.40 | sl=4432.77 | tp=4479.66 | pct_to_tp=0.70% | pct_to_sl=0.35%
[CLOSE] LONG | entry=4448.40 | exit=4479.66 | reason=TP | net=+192.06 USD | equity=9795.16 USD
[OPEN]  LONG | ts=2025-10-03 08:45:00+00:00 | entry=4466.23 | sl=4455.53 | tp=4487.63 | pct_to_tp=0.48% | pct_to_sl=0.24%
[CLOSE] LONG | entry=4466.23 | exit=4487.63 | reason=TP | net=+195.90 USD | equity=9991.06 USD
[OPEN]  LONG | ts=2025-10-03 13:15:00+00:00 | entry=4491.48 | sl=4465.21 | tp=4544.02 | pct_to_tp=1.17% | pct_to_sl=0.58%
[CLOSE] LONG | entry=4491.48 | exit=4465.21 | reason=SL | net=-99.91 USD | equity=9891.15 USD
[OPEN]  LONG | ts=2025-10-03 15:30:00+00:00 | entry=4501.37 | sl=4478.46 | tp=4547.19 | pct_to_tp=1.02% | pct_to_sl=0.51%
[CLOSE] LONG | entry=4501.37 | exit=4547.19 | reason=TP | net=+197.82 USD | equity=10088.98 USD
[OPEN]  LONG | ts=2025-10-03 16:30:00+00:00 | entry=4581.03 | sl=4543.91 | tp=4655.27 | pct_to_tp=1.62% | pct_to_sl=0.81%
[CLOSE] LONG | entry=4581.03 | exit=4543.91 | reason=SL | net=-100.89 USD | equity=9988.09 USD
[OPEN]  LONG | ts=2025-10-05 03:30:00+00:00 | entry=4559.20 | sl=4544.52 | tp=4588.56 | pct_to_tp=0.64% | pct_to_sl=0.32%
[CLOSE] LONG | entry=4559.20 | exit=4544.52 | reason=SL | net=-99.88 USD | equity=9888.20 USD
[OPEN]  LONG | ts=2025-10-06 08:00:00+00:00 | entry=4546.58 | sl=4533.20 | tp=4573.34 | pct_to_tp=0.59% | pct_to_sl=0.29%
[CLOSE] LONG | entry=4546.58 | exit=4573.34 | reason=TP | net=+197.76 USD | equity=10085.97 USD
[OPEN]  LONG | ts=2025-10-07 08:30:00+00:00 | entry=4671.37 | sl=4638.92 | tp=4736.27 | pct_to_tp=1.39% | pct_to_sl=0.69%
[CLOSE] LONG | entry=4671.37 | exit=4736.27 | reason=TP | net=+201.72 USD | equity=10287.69 USD
[OPEN]  SHORT | ts=2025-10-08 11:15:00+00:00 | entry=4493.30 | sl=4504.54 | tp=4470.82 | pct_to_tp=0.50% | pct_to_sl=0.25%
[CLOSE] SHORT | entry=4493.30 | exit=4470.82 | reason=TP | net=+205.75 USD | equity=10493.44 USD
[OPEN]  SHORT | ts=2025-10-08 13:30:00+00:00 | entry=4456.21 | sl=4481.59 | tp=4405.45 | pct_to_tp=1.14% | pct_to_sl=0.57%
[CLOSE] SHORT | entry=4456.21 | exit=4481.59 | reason=SL | net=-104.93 USD | equity=10388.51 USD
[OPEN]  SHORT | ts=2025-10-09 23:00:00+00:00 | entry=4367.65 | sl=4379.24 | tp=4344.47 | pct_to_tp=0.53% | pct_to_sl=0.27%
[CLOSE] SHORT | entry=4367.65 | exit=4379.24 | reason=SL | net=-103.89 USD | equity=10284.62 USD
[OPEN]  SHORT | ts=2025-10-10 01:30:00+00:00 | entry=4373.70 | sl=4392.74 | tp=4335.62 | pct_to_tp=0.87% | pct_to_sl=0.44%
[CLOSE] SHORT | entry=4373.70 | exit=4335.62 | reason=TP | net=+205.69 USD | equity=10490.31 USD
[OPEN]  SHORT | ts=2025-10-10 06:15:00+00:00 | entry=4351.61 | sl=4372.20 | tp=4310.43 | pct_to_tp=0.95% | pct_to_sl=0.47%
[CLOSE] SHORT | entry=4351.61 | exit=4372.20 | reason=SL | net=-104.90 USD | equity=10385.41 USD
[REGIME] 2025-10-10 22:00:00+00:00  →  BLOCKED (ATR spike + price < EMA200)  |  ATR_ratio=3.55  close=3950  EMA200=4405
[REGIME] 2025-10-13 18:00:00+00:00  →  OPEN (regime normalized)  |  ATR_ratio=1.08  close=4235  EMA200=4188
[OPEN]  LONG | ts=2025-10-14 20:15:00+00:00 | entry=4107.20 | sl=4085.40 | tp=4150.80 | pct_to_tp=1.06% | pct_to_sl=0.53%
[CLOSE] LONG | entry=4107.20 | exit=4085.40 | reason=SL | net=-103.85 USD | equity=10281.56 USD
[OPEN]  LONG | ts=2025-10-15 01:45:00+00:00 | entry=4113.41 | sl=4092.10 | tp=4156.03 | pct_to_tp=1.04% | pct_to_sl=0.52%
[CLOSE] LONG | entry=4113.41 | exit=4092.10 | reason=SL | net=-102.82 USD | equity=10178.74 USD
[OPEN]  LONG | ts=2025-10-15 08:00:00+00:00 | entry=4138.01 | sl=4119.08 | tp=4175.87 | pct_to_tp=0.91% | pct_to_sl=0.46%
[CLOSE] LONG | entry=4138.01 | exit=4175.87 | reason=TP | net=+203.57 USD | equity=10382.32 USD
[OPEN]  SHORT | ts=2025-10-16 03:45:00+00:00 | entry=4014.85 | sl=4028.00 | tp=3988.55 | pct_to_tp=0.66% | pct_to_sl=0.33%
[CLOSE] SHORT | entry=4014.85 | exit=4028.00 | reason=SL | net=-103.82 USD | equity=10278.49 USD
[OPEN]  SHORT | ts=2025-10-16 08:15:00+00:00 | entry=3996.02 | sl=4007.13 | tp=3973.80 | pct_to_tp=0.56% | pct_to_sl=0.28%
[CLOSE] SHORT | entry=3996.02 | exit=4007.13 | reason=SL | net=-102.78 USD | equity=10175.71 USD
[OPEN]  LONG | ts=2025-10-20 02:15:00+00:00 | entry=3946.70 | sl=3926.13 | tp=3987.84 | pct_to_tp=1.04% | pct_to_sl=0.52%
[CLOSE] LONG | entry=3946.70 | exit=3987.84 | reason=TP | net=+203.51 USD | equity=10379.22 USD
[OPEN]  LONG | ts=2025-10-20 04:30:00+00:00 | entry=4041.01 | sl=4031.00 | tp=4061.03 | pct_to_tp=0.50% | pct_to_sl=0.25%
[CLOSE] LONG | entry=4041.01 | exit=4061.03 | reason=TP | net=+207.58 USD | equity=10586.81 USD
[OPEN]  LONG | ts=2025-10-20 12:45:00+00:00 | entry=4037.64 | sl=4026.54 | tp=4059.84 | pct_to_tp=0.55% | pct_to_sl=0.27%
[CLOSE] LONG | entry=4037.64 | exit=4026.54 | reason=SL | net=-105.87 USD | equity=10480.94 USD
[OPEN]  SHORT | ts=2025-10-22 15:00:00+00:00 | entry=3826.98 | sl=3864.23 | tp=3752.48 | pct_to_tp=1.95% | pct_to_sl=0.97%
[CLOSE] SHORT | entry=3826.98 | exit=3752.48 | reason=TP | net=+209.62 USD | equity=10690.56 USD
[OPEN]  LONG | ts=2025-10-24 22:15:00+00:00 | entry=3941.49 | sl=3935.09 | tp=3954.29 | pct_to_tp=0.32% | pct_to_sl=0.16%
[CLOSE] LONG | entry=3941.49 | exit=3935.09 | reason=SL | net=-106.91 USD | equity=10583.65 USD
[OPEN]  LONG | ts=2025-10-25 07:15:00+00:00 | entry=3941.61 | sl=3932.79 | tp=3959.25 | pct_to_tp=0.45% | pct_to_sl=0.22%
[CLOSE] LONG | entry=3941.61 | exit=3932.79 | reason=SL | net=-105.84 USD | equity=10477.82 USD
[OPEN]  LONG | ts=2025-10-25 18:15:00+00:00 | entry=3945.56 | sl=3936.40 | tp=3963.88 | pct_to_tp=0.46% | pct_to_sl=0.23%
[CLOSE] LONG | entry=3945.56 | exit=3963.88 | reason=TP | net=+209.56 USD | equity=10687.37 USD
[OPEN]  LONG | ts=2025-10-27 13:00:00+00:00 | entry=4161.31 | sl=4143.52 | tp=4196.89 | pct_to_tp=0.86% | pct_to_sl=0.43%
[CLOSE] LONG | entry=4161.31 | exit=4143.52 | reason=SL | net=-106.87 USD | equity=10580.50 USD
[OPEN]  LONG | ts=2025-10-27 13:45:00+00:00 | entry=4178.02 | sl=4142.50 | tp=4249.06 | pct_to_tp=1.70% | pct_to_sl=0.85%
[CLOSE] LONG | entry=4178.02 | exit=4142.50 | reason=SL | net=-105.80 USD | equity=10474.69 USD
[OPEN]  LONG | ts=2025-10-27 15:00:00+00:00 | entry=4169.69 | sl=4147.56 | tp=4213.95 | pct_to_tp=1.06% | pct_to_sl=0.53%
[CLOSE] LONG | entry=4169.69 | exit=4213.95 | reason=TP | net=+209.49 USD | equity=10684.19 USD
[OPEN]  LONG | ts=2025-10-27 16:45:00+00:00 | entry=4214.55 | sl=4204.34 | tp=4234.97 | pct_to_tp=0.48% | pct_to_sl=0.24%
[CLOSE] LONG | entry=4214.55 | exit=4204.34 | reason=SL | net=-106.84 USD | equity=10577.35 USD
[OPEN]  SHORT | ts=2025-10-28 03:00:00+00:00 | entry=4073.22 | sl=4100.80 | tp=4018.06 | pct_to_tp=1.35% | pct_to_sl=0.68%
[CLOSE] SHORT | entry=4073.22 | exit=4100.80 | reason=SL | net=-105.77 USD | equity=10471.57 USD
[OPEN]  SHORT | ts=2025-10-28 19:15:00+00:00 | entry=4055.68 | sl=4103.81 | tp=3959.42 | pct_to_tp=2.37% | pct_to_sl=1.19%
[CLOSE] SHORT | entry=4055.68 | exit=3959.42 | reason=TP | net=+209.43 USD | equity=10681.00 USD
[OPEN]  SHORT | ts=2025-10-29 07:30:00+00:00 | entry=4015.78 | sl=4030.45 | tp=3986.44 | pct_to_tp=0.73% | pct_to_sl=0.37%
[CLOSE] SHORT | entry=4015.78 | exit=3986.44 | reason=TP | net=+213.62 USD | equity=10894.62 USD
[OPEN]  SHORT | ts=2025-10-29 14:15:00+00:00 | entry=3977.02 | sl=3991.65 | tp=3947.76 | pct_to_tp=0.74% | pct_to_sl=0.37%
[CLOSE] SHORT | entry=3977.02 | exit=3991.65 | reason=SL | net=-108.95 USD | equity=10785.68 USD
[OPEN]  SHORT | ts=2025-10-29 18:00:00+00:00 | entry=3983.13 | sl=4018.46 | tp=3912.47 | pct_to_tp=1.77% | pct_to_sl=0.89%
[CLOSE] SHORT | entry=3983.13 | exit=3912.47 | reason=TP | net=+215.71 USD | equity=11001.39 USD
[OPEN]  SHORT | ts=2025-10-29 19:15:00+00:00 | entry=3929.00 | sl=3953.28 | tp=3880.44 | pct_to_tp=1.24% | pct_to_sl=0.62%
[CLOSE] SHORT | entry=3929.00 | exit=3953.28 | reason=SL | net=-110.01 USD | equity=10891.38 USD
[OPEN]  LONG | ts=2025-10-31 04:00:00+00:00 | entry=3863.89 | sl=3826.91 | tp=3937.85 | pct_to_tp=1.91% | pct_to_sl=0.96%
[CLOSE] LONG | entry=3863.89 | exit=3826.91 | reason=SL | net=-108.91 USD | equity=10782.46 USD
[OPEN]  LONG | ts=2025-10-31 08:15:00+00:00 | entry=3838.84 | sl=3819.63 | tp=3877.26 | pct_to_tp=1.00% | pct_to_sl=0.50%
[CLOSE] LONG | entry=3838.84 | exit=3877.26 | reason=TP | net=+215.65 USD | equity=10998.11 USD
[OPEN]  SHORT | ts=2025-11-04 15:30:00+00:00 | entry=3550.36 | sl=3564.02 | tp=3523.04 | pct_to_tp=0.77% | pct_to_sl=0.38%
[CLOSE] SHORT | entry=3550.36 | exit=3523.04 | reason=TP | net=+219.96 USD | equity=11218.07 USD
[REGIME] 2025-11-04 23:00:00+00:00  →  BLOCKED (ATR spike + price < EMA200)  |  ATR_ratio=2.06  close=3247  EMA200=3786
[REGIME] 2025-11-09 17:00:00+00:00  →  OPEN (regime normalized)  |  ATR_ratio=0.81  close=3528  EMA200=3516
[OPEN]  SHORT | ts=2025-11-14 15:00:00+00:00 | entry=3169.41 | sl=3199.49 | tp=3109.25 | pct_to_tp=1.90% | pct_to_sl=0.95%
[CLOSE] SHORT | entry=3169.41 | exit=3199.49 | reason=SL | net=-112.18 USD | equity=11105.89 USD
[OPEN]  SHORT | ts=2025-11-16 00:15:00+00:00 | entry=3150.06 | sl=3160.22 | tp=3129.74 | pct_to_tp=0.65% | pct_to_sl=0.32%
[CLOSE] SHORT | entry=3150.06 | exit=3160.22 | reason=SL | net=-111.06 USD | equity=10994.83 USD
[OPEN]  SHORT | ts=2025-11-16 00:45:00+00:00 | entry=3152.59 | sl=3163.91 | tp=3129.95 | pct_to_tp=0.72% | pct_to_sl=0.36%
[CLOSE] SHORT | entry=3152.59 | exit=3163.91 | reason=SL | net=-109.95 USD | equity=10884.89 USD
[OPEN]  SHORT | ts=2025-11-16 16:15:00+00:00 | entry=3078.24 | sl=3100.50 | tp=3033.72 | pct_to_tp=1.45% | pct_to_sl=0.72%
[CLOSE] SHORT | entry=3078.24 | exit=3033.72 | reason=TP | net=+217.70 USD | equity=11102.58 USD
[OPEN]  LONG | ts=2025-11-18 12:30:00+00:00 | entry=3064.38 | sl=3046.53 | tp=3100.08 | pct_to_tp=1.16% | pct_to_sl=0.58%
[CLOSE] LONG | entry=3064.38 | exit=3046.53 | reason=SL | net=-111.03 USD | equity=10991.56 USD
[OPEN]  LONG | ts=2025-11-18 13:45:00+00:00 | entry=3048.34 | sl=3038.46 | tp=3068.10 | pct_to_tp=0.65% | pct_to_sl=0.32%
[CLOSE] LONG | entry=3048.34 | exit=3038.46 | reason=SL | net=-109.92 USD | equity=10881.64 USD
[OPEN]  LONG | ts=2025-11-18 15:15:00+00:00 | entry=3109.23 | sl=3074.00 | tp=3179.69 | pct_to_tp=2.27% | pct_to_sl=1.13%
[CLOSE] LONG | entry=3109.23 | exit=3074.00 | reason=SL | net=-108.82 USD | equity=10772.83 USD
[OPEN]  SHORT | ts=2025-11-19 16:15:00+00:00 | entry=2960.91 | sl=2986.19 | tp=2910.35 | pct_to_tp=1.71% | pct_to_sl=0.85%
[CLOSE] SHORT | entry=2960.91 | exit=2910.35 | reason=TP | net=+215.46 USD | equity=10988.28 USD
[OPEN]  SHORT | ts=2025-11-21 22:15:00+00:00 | entry=2751.92 | sl=2769.91 | tp=2715.94 | pct_to_tp=1.31% | pct_to_sl=0.65%
[CLOSE] SHORT | entry=2751.92 | exit=2715.94 | reason=TP | net=+219.77 USD | equity=11208.05 USD
[OPEN]  LONG | ts=2025-11-23 20:00:00+00:00 | entry=2830.49 | sl=2821.42 | tp=2848.63 | pct_to_tp=0.64% | pct_to_sl=0.32%
[CLOSE] LONG | entry=2830.49 | exit=2821.42 | reason=SL | net=-112.08 USD | equity=11095.97 USD
[OPEN]  LONG | ts=2025-11-23 22:45:00+00:00 | entry=2838.70 | sl=2830.79 | tp=2854.52 | pct_to_tp=0.56% | pct_to_sl=0.28%
[CLOSE] LONG | entry=2838.70 | exit=2830.79 | reason=SL | net=-110.96 USD | equity=10985.01 USD
[OPEN]  LONG | ts=2025-11-25 05:30:00+00:00 | entry=2932.33 | sl=2921.21 | tp=2954.57 | pct_to_tp=0.76% | pct_to_sl=0.38%
[CLOSE] LONG | entry=2932.33 | exit=2921.21 | reason=SL | net=-109.85 USD | equity=10875.16 USD
[OPEN]  LONG | ts=2025-11-26 18:45:00+00:00 | entry=3034.22 | sl=3015.27 | tp=3072.12 | pct_to_tp=1.25% | pct_to_sl=0.62%
[CLOSE] LONG | entry=3034.22 | exit=3015.27 | reason=SL | net=-108.75 USD | equity=10766.41 USD
[OPEN]  LONG | ts=2025-11-28 13:15:00+00:00 | entry=3035.75 | sl=3028.68 | tp=3049.89 | pct_to_tp=0.47% | pct_to_sl=0.23%
[CLOSE] LONG | entry=3035.75 | exit=3049.89 | reason=TP | net=+215.33 USD | equity=10981.73 USD
[OPEN]  LONG | ts=2025-11-28 14:15:00+00:00 | entry=3092.36 | sl=3070.25 | tp=3136.58 | pct_to_tp=1.43% | pct_to_sl=0.71%
[CLOSE] LONG | entry=3092.36 | exit=3070.25 | reason=SL | net=-109.82 USD | equity=10871.92 USD
[OPEN]  LONG | ts=2025-11-28 14:45:00+00:00 | entry=3067.38 | sl=3052.06 | tp=3098.02 | pct_to_tp=1.00% | pct_to_sl=0.50%
[CLOSE] LONG | entry=3067.38 | exit=3052.06 | reason=SL | net=-108.72 USD | equity=10763.20 USD
[OPEN]  SHORT | ts=2025-11-29 21:00:00+00:00 | entry=2988.37 | sl=2999.17 | tp=2966.77 | pct_to_tp=0.72% | pct_to_sl=0.36%
[CLOSE] SHORT | entry=2988.37 | exit=2999.17 | reason=SL | net=-107.63 USD | equity=10655.57 USD
[OPEN]  SHORT | ts=2025-11-30 02:45:00+00:00 | entry=2990.96 | sl=2998.58 | tp=2975.72 | pct_to_tp=0.51% | pct_to_sl=0.25%
[CLOSE] SHORT | entry=2990.96 | exit=2975.72 | reason=TP | net=+213.11 USD | equity=10868.68 USD
[OPEN]  SHORT | ts=2025-11-30 05:15:00+00:00 | entry=2986.03 | sl=2998.51 | tp=2961.07 | pct_to_tp=0.84% | pct_to_sl=0.42%
[CLOSE] SHORT | entry=2986.03 | exit=2998.51 | reason=SL | net=-108.69 USD | equity=10759.99 USD
[OPEN]  LONG | ts=2025-11-30 22:00:00+00:00 | entry=3031.61 | sl=3022.35 | tp=3050.13 | pct_to_tp=0.61% | pct_to_sl=0.31%
[CLOSE] LONG | entry=3031.61 | exit=3022.35 | reason=SL | net=-107.60 USD | equity=10652.39 USD
[OPEN]  SHORT | ts=2025-12-01 23:45:00+00:00 | entry=2799.07 | sl=2807.47 | tp=2782.27 | pct_to_tp=0.60% | pct_to_sl=0.30%
[CLOSE] SHORT | entry=2799.07 | exit=2807.47 | reason=SL | net=-106.52 USD | equity=10545.87 USD
[OPEN]  SHORT | ts=2025-12-02 02:45:00+00:00 | entry=2801.14 | sl=2814.00 | tp=2775.42 | pct_to_tp=0.92% | pct_to_sl=0.46%
[CLOSE] SHORT | entry=2801.14 | exit=2814.00 | reason=SL | net=-105.46 USD | equity=10440.41 USD
[OPEN]  SHORT | ts=2025-12-02 09:30:00+00:00 | entry=2797.39 | sl=2806.42 | tp=2779.33 | pct_to_tp=0.65% | pct_to_sl=0.32%
[CLOSE] SHORT | entry=2797.39 | exit=2806.42 | reason=SL | net=-104.40 USD | equity=10336.00 USD
[OPEN]  LONG | ts=2025-12-04 13:15:00+00:00 | entry=3185.64 | sl=3164.13 | tp=3228.66 | pct_to_tp=1.35% | pct_to_sl=0.68%
[CLOSE] LONG | entry=3185.64 | exit=3164.13 | reason=SL | net=-103.36 USD | equity=10232.64 USD
[OPEN]  SHORT | ts=2025-12-05 16:00:00+00:00 | entry=3061.03 | sl=3108.73 | tp=2965.63 | pct_to_tp=3.12% | pct_to_sl=1.56%
[CLOSE] SHORT | entry=3061.03 | exit=2965.63 | reason=TP | net=+204.65 USD | equity=10437.30 USD
[OPEN]  LONG | ts=2025-12-08 16:15:00+00:00 | entry=3121.21 | sl=3094.02 | tp=3175.59 | pct_to_tp=1.74% | pct_to_sl=0.87%
[CLOSE] LONG | entry=3121.21 | exit=3094.02 | reason=SL | net=-104.37 USD | equity=10332.92 USD
[OPEN]  LONG | ts=2025-12-09 00:00:00+00:00 | entry=3131.00 | sl=3122.01 | tp=3148.98 | pct_to_tp=0.57% | pct_to_sl=0.29%
[CLOSE] LONG | entry=3131.00 | exit=3122.01 | reason=SL | net=-103.33 USD | equity=10229.60 USD
[OPEN]  LONG | ts=2025-12-09 16:00:00+00:00 | entry=3292.50 | sl=3245.63 | tp=3386.24 | pct_to_tp=2.85% | pct_to_sl=1.42%
[CLOSE] LONG | entry=3292.50 | exit=3386.24 | reason=TP | net=+204.59 USD | equity=10434.19 USD
[OPEN]  LONG | ts=2025-12-10 15:00:00+00:00 | entry=3335.04 | sl=3315.49 | tp=3374.14 | pct_to_tp=1.17% | pct_to_sl=0.59%
[CLOSE] LONG | entry=3335.04 | exit=3315.49 | reason=SL | net=-104.34 USD | equity=10329.85 USD
[OPEN]  LONG | ts=2025-12-10 16:15:00+00:00 | entry=3357.20 | sl=3337.37 | tp=3396.86 | pct_to_tp=1.18% | pct_to_sl=0.59%
[CLOSE] LONG | entry=3357.20 | exit=3396.86 | reason=TP | net=+206.60 USD | equity=10536.44 USD
[OPEN]  SHORT | ts=2025-12-11 19:45:00+00:00 | entry=3194.51 | sl=3221.25 | tp=3141.03 | pct_to_tp=1.67% | pct_to_sl=0.84%
[CLOSE] SHORT | entry=3194.51 | exit=3221.25 | reason=SL | net=-105.36 USD | equity=10431.08 USD
[OPEN]  SHORT | ts=2025-12-11 21:45:00+00:00 | entry=3249.41 | sl=3269.66 | tp=3208.91 | pct_to_tp=1.25% | pct_to_sl=0.62%
[CLOSE] SHORT | entry=3249.41 | exit=3208.91 | reason=TP | net=+208.62 USD | equity=10639.70 USD
[OPEN]  SHORT | ts=2025-12-12 16:30:00+00:00 | entry=3054.80 | sl=3086.55 | tp=2991.30 | pct_to_tp=2.08% | pct_to_sl=1.04%
[CLOSE] SHORT | entry=3054.80 | exit=3086.55 | reason=SL | net=-106.40 USD | equity=10533.30 USD
[OPEN]  SHORT | ts=2025-12-13 09:15:00+00:00 | entry=3114.33 | sl=3119.60 | tp=3103.79 | pct_to_tp=0.34% | pct_to_sl=0.17%
[CLOSE] SHORT | entry=3114.33 | exit=3119.60 | reason=SL | net=-105.33 USD | equity=10427.97 USD
[OPEN]  SHORT | ts=2025-12-13 11:30:00+00:00 | entry=3119.52 | sl=3124.77 | tp=3109.02 | pct_to_tp=0.34% | pct_to_sl=0.17%
[CLOSE] SHORT | entry=3119.52 | exit=3124.77 | reason=SL | net=-104.28 USD | equity=10323.69 USD
[OPEN]  LONG | ts=2025-12-13 12:45:00+00:00 | entry=3115.15 | sl=3109.79 | tp=3125.87 | pct_to_tp=0.34% | pct_to_sl=0.17%
[CLOSE] LONG | entry=3115.15 | exit=3109.79 | reason=SL | net=-103.24 USD | equity=10220.45 USD
[OPEN]  LONG | ts=2025-12-13 13:30:00+00:00 | entry=3106.30 | sl=3095.12 | tp=3128.66 | pct_to_tp=0.72% | pct_to_sl=0.36%
[CLOSE] LONG | entry=3106.30 | exit=3095.12 | reason=SL | net=-102.20 USD | equity=10118.25 USD
[OPEN]  LONG | ts=2025-12-14 05:30:00+00:00 | entry=3113.12 | sl=3105.78 | tp=3127.80 | pct_to_tp=0.47% | pct_to_sl=0.24%
[CLOSE] LONG | entry=3113.12 | exit=3105.78 | reason=SL | net=-101.18 USD | equity=10017.07 USD
[OPEN]  SHORT | ts=2025-12-14 08:45:00+00:00 | entry=3111.02 | sl=3116.60 | tp=3099.86 | pct_to_tp=0.36% | pct_to_sl=0.18%
[CLOSE] SHORT | entry=3111.02 | exit=3099.86 | reason=TP | net=+200.34 USD | equity=10217.41 USD
[OPEN]  SHORT | ts=2025-12-14 11:15:00+00:00 | entry=3093.79 | sl=3103.48 | tp=3074.41 | pct_to_tp=0.63% | pct_to_sl=0.31%
[CLOSE] SHORT | entry=3093.79 | exit=3074.41 | reason=TP | net=+204.35 USD | equity=10421.75 USD
[OPEN]  SHORT | ts=2025-12-14 15:00:00+00:00 | entry=3075.38 | sl=3087.86 | tp=3050.42 | pct_to_tp=0.81% | pct_to_sl=0.41%
[CLOSE] SHORT | entry=3075.38 | exit=3087.86 | reason=SL | net=-104.22 USD | equity=10317.54 USD
[OPEN]  SHORT | ts=2025-12-16 12:15:00+00:00 | entry=2950.13 | sl=2960.60 | tp=2929.19 | pct_to_tp=0.71% | pct_to_sl=0.35%
[CLOSE] SHORT | entry=2950.13 | exit=2960.60 | reason=SL | net=-103.18 USD | equity=10214.36 USD
[OPEN]  SHORT | ts=2025-12-16 13:45:00+00:00 | entry=2910.67 | sl=2939.31 | tp=2853.39 | pct_to_tp=1.97% | pct_to_sl=0.98%
[CLOSE] SHORT | entry=2910.67 | exit=2939.31 | reason=SL | net=-102.14 USD | equity=10112.22 USD
[OPEN]  SHORT | ts=2025-12-17 16:15:00+00:00 | entry=2848.46 | sl=2885.47 | tp=2774.44 | pct_to_tp=2.60% | pct_to_sl=1.30%
[CLOSE] SHORT | entry=2848.46 | exit=2885.47 | reason=SL | net=-101.12 USD | equity=10011.10 USD
[OPEN]  LONG | ts=2025-12-19 18:00:00+00:00 | entry=2950.00 | sl=2937.67 | tp=2974.66 | pct_to_tp=0.84% | pct_to_sl=0.42%
[CLOSE] LONG | entry=2950.00 | exit=2974.66 | reason=TP | net=+200.22 USD | equity=10211.32 USD
[OPEN]  LONG | ts=2025-12-19 19:00:00+00:00 | entry=2971.50 | sl=2966.32 | tp=2981.86 | pct_to_tp=0.35% | pct_to_sl=0.17%
[CLOSE] LONG | entry=2971.50 | exit=2981.86 | reason=TP | net=+204.23 USD | equity=10415.54 USD
[OPEN]  LONG | ts=2025-12-19 19:30:00+00:00 | entry=2992.08 | sl=2977.19 | tp=3021.86 | pct_to_tp=1.00% | pct_to_sl=0.50%
[CLOSE] LONG | entry=2992.08 | exit=2977.19 | reason=SL | net=-104.16 USD | equity=10311.39 USD
[OPEN]  LONG | ts=2025-12-22 03:15:00+00:00 | entry=3027.02 | sl=3014.28 | tp=3052.50 | pct_to_tp=0.84% | pct_to_sl=0.42%
[CLOSE] LONG | entry=3027.02 | exit=3052.50 | reason=TP | net=+206.23 USD | equity=10517.62 USD
[OPEN]  SHORT | ts=2025-12-23 17:45:00+00:00 | entry=2910.96 | sl=2939.90 | tp=2853.08 | pct_to_tp=1.99% | pct_to_sl=0.99%
[CLOSE] SHORT | entry=2910.96 | exit=2939.90 | reason=SL | net=-105.18 USD | equity=10412.44 USD
[OPEN]  LONG | ts=2025-12-29 01:30:00+00:00 | entry=2977.67 | sl=2958.31 | tp=3016.39 | pct_to_tp=1.30% | pct_to_sl=0.65%
[CLOSE] LONG | entry=2977.67 | exit=3016.39 | reason=TP | net=+208.25 USD | equity=10620.69 USD
[OPEN]  SHORT | ts=2025-12-30 03:00:00+00:00 | entry=2924.01 | sl=2928.89 | tp=2914.25 | pct_to_tp=0.33% | pct_to_sl=0.17%
[CLOSE] SHORT | entry=2924.01 | exit=2928.89 | reason=SL | net=-106.21 USD | equity=10514.48 USD
[OPEN]  LONG | ts=2025-12-30 16:15:00+00:00 | entry=2991.56 | sl=2980.20 | tp=3014.28 | pct_to_tp=0.76% | pct_to_sl=0.38%
[CLOSE] LONG | entry=2991.56 | exit=2980.20 | reason=SL | net=-105.14 USD | equity=10409.34 USD
[OPEN]  LONG | ts=2026-01-01 19:30:00+00:00 | entry=2993.78 | sl=2987.78 | tp=3005.78 | pct_to_tp=0.40% | pct_to_sl=0.20%
[CLOSE] LONG | entry=2993.78 | exit=2987.78 | reason=SL | net=-104.09 USD | equity=10305.24 USD
[OPEN]  LONG | ts=2026-01-01 23:15:00+00:00 | entry=3004.89 | sl=2997.54 | tp=3019.59 | pct_to_tp=0.49% | pct_to_sl=0.24%
[CLOSE] LONG | entry=3004.89 | exit=2997.54 | reason=SL | net=-103.05 USD | equity=10202.19 USD
[OPEN]  LONG | ts=2026-01-02 00:45:00+00:00 | entry=3006.14 | sl=2999.02 | tp=3020.38 | pct_to_tp=0.47% | pct_to_sl=0.24%
[CLOSE] LONG | entry=3006.14 | exit=2999.02 | reason=SL | net=-102.02 USD | equity=10100.17 USD
[OPEN]  LONG | ts=2026-01-02 03:00:00+00:00 | entry=3015.92 | sl=3000.00 | tp=3047.76 | pct_to_tp=1.06% | pct_to_sl=0.53%
[CLOSE] LONG | entry=3015.92 | exit=3047.76 | reason=TP | net=+202.00 USD | equity=10302.17 USD
[OPEN]  LONG | ts=2026-01-02 15:30:00+00:00 | entry=3095.45 | sl=3068.57 | tp=3149.21 | pct_to_tp=1.74% | pct_to_sl=0.87%
[CLOSE] LONG | entry=3095.45 | exit=3149.21 | reason=TP | net=+206.04 USD | equity=10508.22 USD
[OPEN]  LONG | ts=2026-01-03 08:15:00+00:00 | entry=3100.23 | sl=3090.56 | tp=3119.57 | pct_to_tp=0.62% | pct_to_sl=0.31%
[CLOSE] LONG | entry=3100.23 | exit=3119.57 | reason=TP | net=+210.16 USD | equity=10718.38 USD
[OPEN]  LONG | ts=2026-01-04 08:30:00+00:00 | entry=3138.52 | sl=3133.00 | tp=3149.56 | pct_to_tp=0.35% | pct_to_sl=0.18%
[CLOSE] LONG | entry=3138.52 | exit=3133.00 | reason=SL | net=-107.18 USD | equity=10611.20 USD
[OPEN]  LONG | ts=2026-01-04 20:00:00+00:00 | entry=3138.70 | sl=3130.85 | tp=3154.40 | pct_to_tp=0.50% | pct_to_sl=0.25%
[CLOSE] LONG | entry=3138.70 | exit=3154.40 | reason=TP | net=+212.22 USD | equity=10823.42 USD
[OPEN]  LONG | ts=2026-01-04 21:45:00+00:00 | entry=3145.44 | sl=3137.75 | tp=3160.82 | pct_to_tp=0.49% | pct_to_sl=0.24%
[CLOSE] LONG | entry=3145.44 | exit=3137.75 | reason=SL | net=-108.23 USD | equity=10715.19 USD
[OPEN]  LONG | ts=2026-01-05 17:30:00+00:00 | entry=3187.43 | sl=3166.17 | tp=3229.95 | pct_to_tp=1.33% | pct_to_sl=0.67%
[CLOSE] LONG | entry=3187.43 | exit=3229.95 | reason=TP | net=+214.30 USD | equity=10929.49 USD
[OPEN]  LONG | ts=2026-01-05 18:45:00+00:00 | entry=3228.30 | sl=3201.35 | tp=3282.20 | pct_to_tp=1.67% | pct_to_sl=0.83%
[CLOSE] LONG | entry=3228.30 | exit=3282.20 | reason=TP | net=+218.59 USD | equity=11148.08 USD
[OPEN]  SHORT | ts=2026-01-08 02:30:00+00:00 | entry=3155.44 | sl=3169.45 | tp=3127.42 | pct_to_tp=0.89% | pct_to_sl=0.44%
[CLOSE] SHORT | entry=3155.44 | exit=3127.42 | reason=TP | net=+222.96 USD | equity=11371.04 USD
[OPEN]  SHORT | ts=2026-01-09 00:15:00+00:00 | entry=3105.05 | sl=3112.01 | tp=3091.13 | pct_to_tp=0.45% | pct_to_sl=0.22%
[CLOSE] SHORT | entry=3105.05 | exit=3112.01 | reason=SL | net=-113.71 USD | equity=11257.33 USD
[OPEN]  SHORT | ts=2026-01-09 01:30:00+00:00 | entry=3098.99 | sl=3148.41 | tp=3000.15 | pct_to_tp=3.19% | pct_to_sl=1.59%
[CLOSE] SHORT | entry=3098.99 | exit=3148.41 | reason=SL | net=-112.57 USD | equity=11144.76 USD
[OPEN]  LONG | ts=2026-01-12 03:00:00+00:00 | entry=3169.38 | sl=3153.59 | tp=3200.96 | pct_to_tp=1.00% | pct_to_sl=0.50%
[CLOSE] LONG | entry=3169.38 | exit=3153.59 | reason=SL | net=-111.45 USD | equity=11033.31 USD
[OPEN]  LONG | ts=2026-01-13 14:15:00+00:00 | entry=3156.24 | sl=3140.58 | tp=3187.56 | pct_to_tp=0.99% | pct_to_sl=0.50%
[CLOSE] LONG | entry=3156.24 | exit=3140.58 | reason=SL | net=-110.33 USD | equity=10922.98 USD
[OPEN]  LONG | ts=2026-01-13 15:30:00+00:00 | entry=3162.07 | sl=3142.21 | tp=3201.79 | pct_to_tp=1.26% | pct_to_sl=0.63%
[CLOSE] LONG | entry=3162.07 | exit=3201.79 | reason=TP | net=+218.46 USD | equity=11141.44 USD
[OPEN]  LONG | ts=2026-01-14 13:15:00+00:00 | entry=3306.09 | sl=3293.58 | tp=3331.11 | pct_to_tp=0.76% | pct_to_sl=0.38%
[CLOSE] LONG | entry=3306.09 | exit=3331.11 | reason=TP | net=+222.83 USD | equity=11364.27 USD
[OPEN]  LONG | ts=2026-01-14 19:15:00+00:00 | entry=3390.84 | sl=3348.31 | tp=3475.90 | pct_to_tp=2.51% | pct_to_sl=1.25%
[CLOSE] LONG | entry=3390.84 | exit=3348.31 | reason=SL | net=-113.64 USD | equity=11250.62 USD
[OPEN]  LONG | ts=2026-01-18 09:15:00+00:00 | entry=3322.65 | sl=3316.65 | tp=3334.65 | pct_to_tp=0.36% | pct_to_sl=0.18%
[CLOSE] LONG | entry=3322.65 | exit=3316.65 | reason=SL | net=-112.51 USD | equity=11138.12 USD
[OPEN]  LONG | ts=2026-01-18 13:30:00+00:00 | entry=3328.59 | sl=3316.82 | tp=3352.13 | pct_to_tp=0.71% | pct_to_sl=0.35%
[CLOSE] LONG | entry=3328.59 | exit=3352.13 | reason=TP | net=+222.76 USD | equity=11360.88 USD
[OPEN]  SHORT | ts=2026-01-19 22:30:00+00:00 | entry=3201.17 | sl=3206.90 | tp=3189.71 | pct_to_tp=0.36% | pct_to_sl=0.18%
[CLOSE] SHORT | entry=3201.17 | exit=3189.71 | reason=TP | net=+227.22 USD | equity=11588.10 USD
[REGIME] 2026-01-21 20:00:00+00:00  →  BLOCKED (ATR spike + price < EMA200)  |  ATR_ratio=2.14  close=3056  EMA200=3166
[REGIME] 2026-01-27 17:00:00+00:00  →  OPEN (regime normalized)  |  ATR_ratio=0.83  close=2991  EMA200=2988
[OPEN]  LONG | ts=2026-01-28 09:30:00+00:00 | entry=3010.01 | sl=2994.38 | tp=3041.27 | pct_to_tp=1.04% | pct_to_sl=0.52%
[CLOSE] LONG | entry=3010.01 | exit=3041.27 | reason=TP | net=+231.76 USD | equity=11819.86 USD
[OPEN]  LONG | ts=2026-01-28 15:30:00+00:00 | entry=3010.40 | sl=2997.11 | tp=3036.98 | pct_to_tp=0.88% | pct_to_sl=0.44%
[CLOSE] LONG | entry=3010.40 | exit=2997.11 | reason=SL | net=-118.20 USD | equity=11701.66 USD
[OPEN]  LONG | ts=2026-01-28 16:15:00+00:00 | entry=3015.73 | sl=2996.75 | tp=3053.69 | pct_to_tp=1.26% | pct_to_sl=0.63%
[CLOSE] LONG | entry=3015.73 | exit=2996.75 | reason=SL | net=-117.02 USD | equity=11584.64 USD
[OPEN]  LONG | ts=2026-01-28 19:45:00+00:00 | entry=3016.60 | sl=2999.43 | tp=3050.94 | pct_to_tp=1.14% | pct_to_sl=0.57%
[CLOSE] LONG | entry=3016.60 | exit=2999.43 | reason=SL | net=-115.85 USD | equity=11468.80 USD
[OPEN]  SHORT | ts=2026-01-29 03:15:00+00:00 | entry=2954.66 | sl=2969.30 | tp=2925.38 | pct_to_tp=0.99% | pct_to_sl=0.50%
[CLOSE] SHORT | entry=2954.66 | exit=2969.30 | reason=SL | net=-114.69 USD | equity=11354.11 USD
[OPEN]  SHORT | ts=2026-01-30 15:15:00+00:00 | entry=2710.35 | sl=2744.96 | tp=2641.13 | pct_to_tp=2.55% | pct_to_sl=1.28%
[CLOSE] SHORT | entry=2710.35 | exit=2641.13 | reason=TP | net=+227.08 USD | equity=11581.19 USD
[OPEN]  SHORT | ts=2026-01-30 20:00:00+00:00 | entry=2719.61 | sl=2742.87 | tp=2673.09 | pct_to_tp=1.71% | pct_to_sl=0.86%
[CLOSE] SHORT | entry=2719.61 | exit=2673.09 | reason=TP | net=+231.62 USD | equity=11812.82 USD
[REGIME] 2026-01-31 19:00:00+00:00  →  BLOCKED (ATR spike + price < EMA200)  |  ATR_ratio=2.09  close=2381  EMA200=2868
[REGIME] 2026-02-14 09:00:00+00:00  →  OPEN (regime normalized)  |  ATR_ratio=0.38  close=2082  EMA200=2061
[OPEN]  LONG | ts=2026-02-15 01:45:00+00:00 | entry=2064.19 | sl=2055.68 | tp=2081.21 | pct_to_tp=0.82% | pct_to_sl=0.41%
[CLOSE] LONG | entry=2064.19 | exit=2055.68 | reason=SL | net=-118.13 USD | equity=11694.69 USD
[OPEN]  SHORT | ts=2026-02-16 10:15:00+00:00 | entry=1981.14 | sl=1987.85 | tp=1967.72 | pct_to_tp=0.68% | pct_to_sl=0.34%
[CLOSE] SHORT | entry=1981.14 | exit=1967.72 | reason=TP | net=+233.89 USD | equity=11928.58 USD
[OPEN]  SHORT | ts=2026-02-16 11:30:00+00:00 | entry=1967.88 | sl=1973.00 | tp=1957.64 | pct_to_tp=0.52% | pct_to_sl=0.26%
[CLOSE] SHORT | entry=1967.88 | exit=1973.00 | reason=SL | net=-119.29 USD | equity=11809.30 USD
[OPEN]  LONG | ts=2026-02-19 11:00:00+00:00 | entry=1963.58 | sl=1958.44 | tp=1973.86 | pct_to_tp=0.52% | pct_to_sl=0.26%
[CLOSE] LONG | entry=1963.58 | exit=1958.44 | reason=SL | net=-118.09 USD | equity=11691.20 USD
[OPEN]  SHORT | ts=2026-02-19 12:45:00+00:00 | entry=1947.30 | sl=1953.90 | tp=1934.10 | pct_to_tp=0.68% | pct_to_sl=0.34%
[CLOSE] SHORT | entry=1947.30 | exit=1934.10 | reason=TP | net=+233.82 USD | equity=11925.03 USD
[OPEN]  LONG | ts=2026-02-20 05:15:00+00:00 | entry=1944.05 | sl=1938.06 | tp=1956.03 | pct_to_tp=0.62% | pct_to_sl=0.31%
[CLOSE] LONG | entry=1944.05 | exit=1956.03 | reason=TP | net=+238.50 USD | equity=12163.53 USD
[OPEN]  LONG | ts=2026-02-21 13:45:00+00:00 | entry=1981.18 | sl=1977.65 | tp=1988.24 | pct_to_tp=0.36% | pct_to_sl=0.18%
[CLOSE] LONG | entry=1981.18 | exit=1988.24 | reason=TP | net=+243.27 USD | equity=12406.80 USD
[OPEN]  SHORT | ts=2026-02-22 23:30:00+00:00 | entry=1949.23 | sl=1953.80 | tp=1940.09 | pct_to_tp=0.47% | pct_to_sl=0.23%
[CLOSE] SHORT | entry=1949.23 | exit=1953.80 | reason=SL | net=-124.07 USD | equity=12282.73 USD
[OPEN]  SHORT | ts=2026-02-23 00:15:00+00:00 | entry=1948.40 | sl=1955.54 | tp=1934.12 | pct_to_tp=0.73% | pct_to_sl=0.37%
[CLOSE] SHORT | entry=1948.40 | exit=1934.12 | reason=TP | net=+245.65 USD | equity=12528.38 USD
[OPEN]  SHORT | ts=2026-02-23 01:00:00+00:00 | entry=1886.19 | sl=1929.42 | tp=1799.73 | pct_to_tp=4.58% | pct_to_sl=2.29%
[CLOSE] SHORT | entry=1886.19 | exit=1929.42 | reason=SL | net=-125.28 USD | equity=12403.10 USD
[OPEN]  SHORT | ts=2026-02-23 13:45:00+00:00 | entry=1921.90 | sl=1934.31 | tp=1897.08 | pct_to_tp=1.29% | pct_to_sl=0.65%
[CLOSE] SHORT | entry=1921.90 | exit=1897.08 | reason=TP | net=+248.06 USD | equity=12651.16 USD
[OPEN]  SHORT | ts=2026-02-24 15:30:00+00:00 | entry=1842.92 | sl=1850.29 | tp=1828.18 | pct_to_tp=0.80% | pct_to_sl=0.40%
[CLOSE] SHORT | entry=1842.92 | exit=1850.29 | reason=SL | net=-126.51 USD | equity=12524.65 USD
[OPEN]  SHORT | ts=2026-02-26 23:30:00+00:00 | entry=2027.31 | sl=2032.27 | tp=2017.39 | pct_to_tp=0.49% | pct_to_sl=0.24%
[CLOSE] SHORT | entry=2027.31 | exit=2017.39 | reason=TP | net=+250.49 USD | equity=12775.14 USD
[OPEN]  SHORT | ts=2026-02-27 10:00:00+00:00 | entry=1986.58 | sl=2013.69 | tp=1932.36 | pct_to_tp=2.73% | pct_to_sl=1.36%
[CLOSE] SHORT | entry=1986.58 | exit=1932.36 | reason=TP | net=+255.50 USD | equity=13030.65 USD
[OPEN]  SHORT | ts=2026-02-28 14:45:00+00:00 | entry=1887.75 | sl=1909.12 | tp=1845.01 | pct_to_tp=2.26% | pct_to_sl=1.13%
[CLOSE] SHORT | entry=1887.75 | exit=1909.12 | reason=SL | net=-130.31 USD | equity=12900.34 USD
[OPEN]  SHORT | ts=2026-03-02 02:00:00+00:00 | entry=1945.18 | sl=1966.16 | tp=1903.22 | pct_to_tp=2.16% | pct_to_sl=1.08%
[CLOSE] SHORT | entry=1945.18 | exit=1966.16 | reason=SL | net=-129.00 USD | equity=12771.34 USD
[OPEN]  SHORT | ts=2026-03-03 08:30:00+00:00 | entry=1961.66 | sl=1984.52 | tp=1915.94 | pct_to_tp=2.33% | pct_to_sl=1.17%
[CLOSE] SHORT | entry=1961.66 | exit=1984.52 | reason=SL | net=-127.71 USD | equity=12643.62 USD
[OPEN]  LONG | ts=2026-03-05 04:15:00+00:00 | entry=2134.41 | sl=2121.64 | tp=2159.95 | pct_to_tp=1.20% | pct_to_sl=0.60%
[CLOSE] LONG | entry=2134.41 | exit=2121.64 | reason=SL | net=-126.44 USD | equity=12517.19 USD
[OPEN]  LONG | ts=2026-03-05 08:30:00+00:00 | entry=2114.10 | sl=2095.86 | tp=2150.58 | pct_to_tp=1.73% | pct_to_sl=0.86%
[CLOSE] LONG | entry=2114.10 | exit=2150.58 | reason=TP | net=+250.34 USD | equity=12767.53 USD
[OPEN]  LONG | ts=2026-03-05 11:45:00+00:00 | entry=2137.92 | sl=2133.50 | tp=2146.76 | pct_to_tp=0.41% | pct_to_sl=0.21%
[CLOSE] LONG | entry=2137.92 | exit=2133.50 | reason=SL | net=-127.68 USD | equity=12639.86 USD
[OPEN]  SHORT | ts=2026-03-06 09:00:00+00:00 | entry=2064.96 | sl=2077.50 | tp=2039.88 | pct_to_tp=1.21% | pct_to_sl=0.61%
[CLOSE] SHORT | entry=2064.96 | exit=2039.88 | reason=TP | net=+252.80 USD | equity=12892.65 USD
[OPEN]  SHORT | ts=2026-03-07 10:15:00+00:00 | entry=1984.86 | sl=1988.65 | tp=1977.28 | pct_to_tp=0.38% | pct_to_sl=0.19%
[CLOSE] SHORT | entry=1984.86 | exit=1988.65 | reason=SL | net=-128.93 USD | equity=12763.73 USD
[OPEN]  SHORT | ts=2026-03-07 11:15:00+00:00 | entry=1989.07 | sl=1994.44 | tp=1978.33 | pct_to_tp=0.54% | pct_to_sl=0.27%
[CLOSE] SHORT | entry=1989.07 | exit=1978.33 | reason=TP | net=+255.27 USD | equity=13019.00 USD
[OPEN]  SHORT | ts=2026-03-08 08:00:00+00:00 | entry=1951.24 | sl=1956.21 | tp=1941.30 | pct_to_tp=0.51% | pct_to_sl=0.25%
[CLOSE] SHORT | entry=1951.24 | exit=1956.21 | reason=SL | net=-130.19 USD | equity=12888.81 USD
[OPEN]  SHORT | ts=2026-03-08 12:00:00+00:00 | entry=1935.48 | sl=1954.67 | tp=1897.10 | pct_to_tp=1.98% | pct_to_sl=0.99%
[CLOSE] SHORT | entry=1935.48 | exit=1954.67 | reason=SL | net=-128.89 USD | equity=12759.92 USD
[OPEN]  LONG | ts=2026-03-10 02:30:00+00:00 | entry=2047.44 | sl=2020.85 | tp=2100.62 | pct_to_tp=2.60% | pct_to_sl=1.30%
[CLOSE] LONG | entry=2047.44 | exit=2020.85 | reason=SL | net=-127.60 USD | equity=12632.32 USD
[OPEN]  LONG | ts=2026-03-10 15:45:00+00:00 | entry=2079.35 | sl=2067.04 | tp=2103.97 | pct_to_tp=1.18% | pct_to_sl=0.59%
[CLOSE] LONG | entry=2079.35 | exit=2067.04 | reason=SL | net=-126.32 USD | equity=12506.00 USD
[OPEN]  LONG | ts=2026-03-13 09:00:00+00:00 | entry=2104.15 | sl=2099.74 | tp=2112.97 | pct_to_tp=0.42% | pct_to_sl=0.21%
[CLOSE] LONG | entry=2104.15 | exit=2099.74 | reason=SL | net=-125.06 USD | equity=12380.94 USD
[OPEN]  LONG | ts=2026-03-13 09:30:00+00:00 | entry=2108.53 | sl=2102.38 | tp=2120.83 | pct_to_tp=0.58% | pct_to_sl=0.29%
[CLOSE] LONG | entry=2108.53 | exit=2120.83 | reason=TP | net=+247.62 USD | equity=12628.56 USD
[OPEN]  LONG | ts=2026-03-13 17:00:00+00:00 | entry=2137.58 | sl=2133.39 | tp=2145.96 | pct_to_tp=0.39% | pct_to_sl=0.20%
[CLOSE] LONG | entry=2137.58 | exit=2133.39 | reason=SL | net=-126.29 USD | equity=12502.27 USD
[OPEN]  SHORT | ts=2026-03-13 21:15:00+00:00 | entry=2105.80 | sl=2113.68 | tp=2090.04 | pct_to_tp=0.75% | pct_to_sl=0.37%
[CLOSE] SHORT | entry=2105.80 | exit=2090.04 | reason=TP | net=+250.05 USD | equity=12752.32 USD
[OPEN]  LONG | ts=2026-03-15 20:30:00+00:00 | entry=2130.91 | sl=2114.22 | tp=2164.29 | pct_to_tp=1.57% | pct_to_sl=0.78%
[CLOSE] LONG | entry=2130.91 | exit=2164.29 | reason=TP | net=+255.05 USD | equity=13007.37 USD
[OPEN]  LONG | ts=2026-03-17 04:00:00+00:00 | entry=2327.93 | sl=2318.69 | tp=2346.41 | pct_to_tp=0.79% | pct_to_sl=0.40%
[CLOSE] LONG | entry=2327.93 | exit=2318.69 | reason=SL | net=-130.07 USD | equity=12877.29 USD
[OPEN]  LONG | ts=2026-03-17 04:45:00+00:00 | entry=2311.50 | sl=2304.13 | tp=2326.24 | pct_to_tp=0.64% | pct_to_sl=0.32%
[CLOSE] LONG | entry=2311.50 | exit=2304.13 | reason=SL | net=-128.77 USD | equity=12748.52 USD
[OPEN]  LONG | ts=2026-03-17 07:00:00+00:00 | entry=2324.90 | sl=2315.35 | tp=2344.00 | pct_to_tp=0.82% | pct_to_sl=0.41%
[CLOSE] LONG | entry=2324.90 | exit=2315.35 | reason=SL | net=-127.49 USD | equity=12621.03 USD
[OPEN]  LONG | ts=2026-03-17 09:15:00+00:00 | entry=2325.00 | sl=2307.00 | tp=2361.00 | pct_to_tp=1.55% | pct_to_sl=0.77%
[CLOSE] LONG | entry=2325.00 | exit=2307.00 | reason=SL | net=-126.21 USD | equity=12494.82 USD
[OPEN]  LONG | ts=2026-03-17 14:30:00+00:00 | entry=2342.95 | sl=2333.96 | tp=2360.93 | pct_to_tp=0.77% | pct_to_sl=0.38%
[CLOSE] LONG | entry=2342.95 | exit=2333.96 | reason=SL | net=-124.95 USD | equity=12369.87 USD
[OPEN]  LONG | ts=2026-03-17 16:15:00+00:00 | entry=2331.41 | sl=2316.69 | tp=2360.85 | pct_to_tp=1.26% | pct_to_sl=0.63%
[CLOSE] LONG | entry=2331.41 | exit=2316.69 | reason=SL | net=-123.70 USD | equity=12246.18 USD
[OPEN]  SHORT | ts=2026-03-18 12:30:00+00:00 | entry=2241.82 | sl=2263.53 | tp=2198.40 | pct_to_tp=1.94% | pct_to_sl=0.97%
[CLOSE] SHORT | entry=2241.82 | exit=2198.40 | reason=TP | net=+244.92 USD | equity=12491.10 USD
[OPEN]  SHORT | ts=2026-03-19 04:00:00+00:00 | entry=2201.13 | sl=2213.11 | tp=2177.17 | pct_to_tp=1.09% | pct_to_sl=0.54%
[CLOSE] SHORT | entry=2201.13 | exit=2177.17 | reason=TP | net=+249.82 USD | equity=12740.92 USD
[OPEN]  SHORT | ts=2026-03-19 22:30:00+00:00 | entry=2138.80 | sl=2150.76 | tp=2114.88 | pct_to_tp=1.12% | pct_to_sl=0.56%
[CLOSE] SHORT | entry=2138.80 | exit=2150.76 | reason=SL | net=-127.41 USD | equity=12613.51 USD
[OPEN]  SHORT | ts=2026-03-20 01:45:00+00:00 | entry=2150.88 | sl=2160.55 | tp=2131.54 | pct_to_tp=0.90% | pct_to_sl=0.45%
[CLOSE] SHORT | entry=2150.88 | exit=2131.54 | reason=TP | net=+252.27 USD | equity=12865.78 USD
[OPEN]  SHORT | ts=2026-03-20 10:00:00+00:00 | entry=2135.32 | sl=2141.51 | tp=2122.94 | pct_to_tp=0.58% | pct_to_sl=0.29%
[CLOSE] SHORT | entry=2135.32 | exit=2141.51 | reason=SL | net=-128.66 USD | equity=12737.12 USD
[OPEN]  SHORT | ts=2026-03-23 06:00:00+00:00 | entry=2058.74 | sl=2069.26 | tp=2037.70 | pct_to_tp=1.02% | pct_to_sl=0.51%
[CLOSE] SHORT | entry=2058.74 | exit=2037.70 | reason=TP | net=+254.74 USD | equity=12991.87 USD
[OPEN]  LONG | ts=2026-03-23 12:30:00+00:00 | entry=2145.30 | sl=2120.88 | tp=2194.14 | pct_to_tp=2.28% | pct_to_sl=1.14%
[CLOSE] LONG | entry=2145.30 | exit=2120.88 | reason=SL | net=-129.92 USD | equity=12861.95 USD
[OPEN]  LONG | ts=2026-03-24 03:15:00+00:00 | entry=2139.16 | sl=2134.37 | tp=2148.74 | pct_to_tp=0.45% | pct_to_sl=0.22%
[CLOSE] LONG | entry=2139.16 | exit=2148.74 | reason=TP | net=+257.24 USD | equity=13119.19 USD
[OPEN]  LONG | ts=2026-03-24 05:30:00+00:00 | entry=2135.70 | sl=2129.55 | tp=2148.00 | pct_to_tp=0.58% | pct_to_sl=0.29%
[CLOSE] LONG | entry=2135.70 | exit=2148.00 | reason=TP | net=+262.38 USD | equity=13381.57 USD

Rejected by regime filter  : 2596
Rejected by direction filter: 0
