
============================================================
EXP003-v2  |  OUT_OF_SAMPLE
1h data  : data/BTCUSDT_1h_oos_200d.csv
15m data : data/BTCUSDT_15m_oos_180d.csv
============================================================

[OPEN]  LONG | ts=2025-03-30 04:00:00+00:00 | entry=83204.01 | sl=83088.81 | tp=83434.41 | pct_to_tp=0.28% | pct_to_sl=0.14%
[CLOSE] LONG | entry=83204.01 | exit=83088.81 | reason=SL | net=-100.00 USD | equity=9900.00 USD
[OPEN]  LONG | ts=2025-03-30 04:30:00+00:00 | entry=83206.10 | sl=83113.17 | tp=83391.96 | pct_to_tp=0.22% | pct_to_sl=0.11%
[CLOSE] LONG | entry=83206.10 | exit=83113.17 | reason=SL | net=-99.00 USD | equity=9801.00 USD
[OPEN]  LONG | ts=2025-03-30 06:30:00+00:00 | entry=83163.86 | sl=82868.96 | tp=83753.66 | pct_to_tp=0.71% | pct_to_sl=0.35%
[CLOSE] LONG | entry=83163.86 | exit=82868.96 | reason=SL | net=-98.01 USD | equity=9702.99 USD
[OPEN]  SHORT | ts=2025-03-31 07:30:00+00:00 | entry=81825.69 | sl=82056.53 | tp=81364.01 | pct_to_tp=0.56% | pct_to_sl=0.28%
[CLOSE] SHORT | entry=81825.69 | exit=82056.53 | reason=SL | net=-97.03 USD | equity=9605.96 USD
[OPEN]  SHORT | ts=2025-03-31 08:45:00+00:00 | entry=81899.15 | sl=82152.87 | tp=81391.71 | pct_to_tp=0.62% | pct_to_sl=0.31%
[CLOSE] SHORT | entry=81899.15 | exit=81391.71 | reason=TP | net=+192.12 USD | equity=9798.08 USD
[OPEN]  SHORT | ts=2025-03-31 12:00:00+00:00 | entry=82003.66 | sl=82284.00 | tp=81442.98 | pct_to_tp=0.68% | pct_to_sl=0.34%
[CLOSE] SHORT | entry=82003.66 | exit=82284.00 | reason=SL | net=-97.98 USD | equity=9700.10 USD
[OPEN]  LONG | ts=2025-04-01 14:30:00+00:00 | entry=83507.99 | sl=82940.00 | tp=84643.97 | pct_to_tp=1.36% | pct_to_sl=0.68%
[CLOSE] LONG | entry=83507.99 | exit=84643.97 | reason=TP | net=+194.00 USD | equity=9894.10 USD
[OPEN]  LONG | ts=2025-04-02 03:00:00+00:00 | entry=84839.99 | sl=84706.21 | tp=85107.55 | pct_to_tp=0.32% | pct_to_sl=0.16%
[CLOSE] LONG | entry=84839.99 | exit=84706.21 | reason=SL | net=-98.94 USD | equity=9795.16 USD
[OPEN]  LONG | ts=2025-04-02 04:00:00+00:00 | entry=84696.53 | sl=84517.00 | tp=85055.59 | pct_to_tp=0.42% | pct_to_sl=0.21%
[CLOSE] LONG | entry=84696.53 | exit=84517.00 | reason=SL | net=-97.95 USD | equity=9697.21 USD
[OPEN]  LONG | ts=2025-04-02 04:45:00+00:00 | entry=84607.00 | sl=84460.11 | tp=84900.78 | pct_to_tp=0.35% | pct_to_sl=0.17%
[CLOSE] LONG | entry=84607.00 | exit=84460.11 | reason=SL | net=-96.97 USD | equity=9600.24 USD
[OPEN]  LONG | ts=2025-04-02 13:30:00+00:00 | entry=85470.15 | sl=84471.76 | tp=87466.93 | pct_to_tp=2.34% | pct_to_sl=1.17%
[CLOSE] LONG | entry=85470.15 | exit=87466.93 | reason=TP | net=+192.00 USD | equity=9792.24 USD
[OPEN]  SHORT | ts=2025-04-05 19:30:00+00:00 | entry=82908.00 | sl=83100.00 | tp=82524.00 | pct_to_tp=0.46% | pct_to_sl=0.23%
[CLOSE] SHORT | entry=82908.00 | exit=83100.00 | reason=SL | net=-97.92 USD | equity=9694.32 USD
[OPEN]  SHORT | ts=2025-04-05 21:45:00+00:00 | entry=82913.89 | sl=83084.42 | tp=82572.83 | pct_to_tp=0.41% | pct_to_sl=0.21%
[CLOSE] SHORT | entry=82913.89 | exit=83084.42 | reason=SL | net=-96.94 USD | equity=9597.37 USD
[OPEN]  SHORT | ts=2025-04-06 11:00:00+00:00 | entry=82752.63 | sl=82921.48 | tp=82414.93 | pct_to_tp=0.41% | pct_to_sl=0.20%
[CLOSE] SHORT | entry=82752.63 | exit=82921.48 | reason=SL | net=-95.97 USD | equity=9501.40 USD
[OPEN]  SHORT | ts=2025-04-07 16:45:00+00:00 | entry=77434.01 | sl=77916.00 | tp=76470.03 | pct_to_tp=1.24% | pct_to_sl=0.62%
[CLOSE] SHORT | entry=77434.01 | exit=77916.00 | reason=SL | net=-95.01 USD | equity=9406.39 USD
[OPEN]  SHORT | ts=2025-04-09 07:45:00+00:00 | entry=77694.12 | sl=77930.44 | tp=77221.48 | pct_to_tp=0.61% | pct_to_sl=0.30%
[CLOSE] SHORT | entry=77694.12 | exit=77221.48 | reason=TP | net=+188.13 USD | equity=9594.51 USD
[OPEN]  SHORT | ts=2025-04-09 09:15:00+00:00 | entry=77246.52 | sl=77380.00 | tp=76979.56 | pct_to_tp=0.35% | pct_to_sl=0.17%
[CLOSE] SHORT | entry=77246.52 | exit=77380.00 | reason=SL | net=-95.95 USD | equity=9498.57 USD
[OPEN]  LONG | ts=2025-04-10 10:45:00+00:00 | entry=81766.05 | sl=81565.43 | tp=82167.29 | pct_to_tp=0.49% | pct_to_sl=0.25%
[CLOSE] LONG | entry=81766.05 | exit=81565.43 | reason=SL | net=-94.99 USD | equity=9403.58 USD
[OPEN]  LONG | ts=2025-04-10 12:15:00+00:00 | entry=82007.94 | sl=81600.41 | tp=82823.00 | pct_to_tp=0.99% | pct_to_sl=0.50%
[CLOSE] LONG | entry=82007.94 | exit=81600.41 | reason=SL | net=-94.04 USD | equity=9309.55 USD
[OPEN]  LONG | ts=2025-04-12 03:00:00+00:00 | entry=82943.99 | sl=82792.95 | tp=83246.07 | pct_to_tp=0.36% | pct_to_sl=0.18%
[CLOSE] LONG | entry=82943.99 | exit=83246.07 | reason=TP | net=+186.19 USD | equity=9495.74 USD
[OPEN]  LONG | ts=2025-04-13 03:30:00+00:00 | entry=85499.99 | sl=85315.35 | tp=85869.27 | pct_to_tp=0.43% | pct_to_sl=0.22%
[CLOSE] LONG | entry=85499.99 | exit=85315.35 | reason=SL | net=-94.96 USD | equity=9400.78 USD
[OPEN]  LONG | ts=2025-04-13 05:15:00+00:00 | entry=84639.08 | sl=84456.27 | tp=85004.70 | pct_to_tp=0.43% | pct_to_sl=0.22%
[CLOSE] LONG | entry=84639.08 | exit=84456.27 | reason=SL | net=-94.01 USD | equity=9306.77 USD
[OPEN]  LONG | ts=2025-04-13 07:00:00+00:00 | entry=84759.89 | sl=84601.81 | tp=85076.05 | pct_to_tp=0.37% | pct_to_sl=0.19%
[CLOSE] LONG | entry=84759.89 | exit=84601.81 | reason=SL | net=-93.07 USD | equity=9213.71 USD
[OPEN]  SHORT | ts=2025-04-13 09:00:00+00:00 | entry=84582.31 | sl=84714.00 | tp=84318.93 | pct_to_tp=0.31% | pct_to_sl=0.16%
[CLOSE] SHORT | entry=84582.31 | exit=84714.00 | reason=SL | net=-92.14 USD | equity=9121.57 USD
[OPEN]  SHORT | ts=2025-04-13 10:15:00+00:00 | entry=84563.98 | sl=84830.88 | tp=84030.18 | pct_to_tp=0.63% | pct_to_sl=0.32%
[CLOSE] SHORT | entry=84563.98 | exit=84030.18 | reason=TP | net=+182.43 USD | equity=9304.00 USD
[OPEN]  SHORT | ts=2025-04-16 09:30:00+00:00 | entry=83733.92 | sl=83820.00 | tp=83561.76 | pct_to_tp=0.21% | pct_to_sl=0.10%
[CLOSE] SHORT | entry=83733.92 | exit=83820.00 | reason=SL | net=-93.04 USD | equity=9210.96 USD
[OPEN]  SHORT | ts=2025-04-16 12:45:00+00:00 | entry=83757.72 | sl=83928.91 | tp=83415.34 | pct_to_tp=0.41% | pct_to_sl=0.20%
[CLOSE] SHORT | entry=83757.72 | exit=83928.91 | reason=SL | net=-92.11 USD | equity=9118.85 USD
[OPEN]  SHORT | ts=2025-04-16 13:45:00+00:00 | entry=83736.37 | sl=84079.46 | tp=83050.19 | pct_to_tp=0.82% | pct_to_sl=0.41%
[CLOSE] SHORT | entry=83736.37 | exit=84079.46 | reason=SL | net=-91.19 USD | equity=9027.66 USD
[OPEN]  LONG | ts=2025-04-19 08:15:00+00:00 | entry=85227.25 | sl=85115.45 | tp=85450.85 | pct_to_tp=0.26% | pct_to_sl=0.13%
[CLOSE] LONG | entry=85227.25 | exit=85450.85 | reason=TP | net=+180.55 USD | equity=9208.22 USD
[OPEN]  LONG | ts=2025-04-19 21:00:00+00:00 | entry=85320.75 | sl=85183.20 | tp=85595.85 | pct_to_tp=0.32% | pct_to_sl=0.16%
[CLOSE] LONG | entry=85320.75 | exit=85183.20 | reason=SL | net=-92.08 USD | equity=9116.13 USD
[OPEN]  SHORT | ts=2025-04-20 15:15:00+00:00 | entry=84381.11 | sl=84546.58 | tp=84050.17 | pct_to_tp=0.39% | pct_to_sl=0.20%
[CLOSE] SHORT | entry=84381.11 | exit=84546.58 | reason=SL | net=-91.16 USD | equity=9024.97 USD
[OPEN]  LONG | ts=2025-04-21 12:00:00+00:00 | entry=87320.76 | sl=86962.46 | tp=88037.36 | pct_to_tp=0.82% | pct_to_sl=0.41%
[CLOSE] LONG | entry=87320.76 | exit=86962.46 | reason=SL | net=-90.25 USD | equity=8934.72 USD
[OPEN]  LONG | ts=2025-04-21 14:00:00+00:00 | entry=87673.01 | sl=86943.39 | tp=89132.25 | pct_to_tp=1.66% | pct_to_sl=0.83%
[CLOSE] LONG | entry=87673.01 | exit=86943.39 | reason=SL | net=-89.35 USD | equity=8845.38 USD
[OPEN]  LONG | ts=2025-04-21 19:00:00+00:00 | entry=87048.85 | sl=86712.50 | tp=87721.55 | pct_to_tp=0.77% | pct_to_sl=0.39%
[CLOSE] LONG | entry=87048.85 | exit=87721.55 | reason=TP | net=+176.91 USD | equity=9022.28 USD
[OPEN]  LONG | ts=2025-04-23 15:45:00+00:00 | entry=93195.28 | sl=92551.89 | tp=94482.06 | pct_to_tp=1.38% | pct_to_sl=0.69%
[CLOSE] LONG | entry=93195.28 | exit=92551.89 | reason=SL | net=-90.22 USD | equity=8932.06 USD
[OPEN]  LONG | ts=2025-04-24 18:00:00+00:00 | entry=93315.39 | sl=92999.07 | tp=93948.03 | pct_to_tp=0.68% | pct_to_sl=0.34%
[CLOSE] LONG | entry=93315.39 | exit=93948.03 | reason=TP | net=+178.64 USD | equity=9110.70 USD
[OPEN]  LONG | ts=2025-04-25 08:15:00+00:00 | entry=93808.38 | sl=93624.63 | tp=94175.88 | pct_to_tp=0.39% | pct_to_sl=0.20%
[CLOSE] LONG | entry=93808.38 | exit=93624.63 | reason=SL | net=-91.11 USD | equity=9019.59 USD
[OPEN]  LONG | ts=2025-04-25 11:00:00+00:00 | entry=94015.88 | sl=93634.02 | tp=94779.60 | pct_to_tp=0.81% | pct_to_sl=0.41%
[CLOSE] LONG | entry=94015.88 | exit=94779.60 | reason=TP | net=+180.39 USD | equity=9199.99 USD
[OPEN]  LONG | ts=2025-04-25 12:30:00+00:00 | entry=94766.59 | sl=94395.31 | tp=95509.15 | pct_to_tp=0.78% | pct_to_sl=0.39%
[CLOSE] LONG | entry=94766.59 | exit=94395.31 | reason=SL | net=-92.00 USD | equity=9107.99 USD
[OPEN]  LONG | ts=2025-04-25 22:00:00+00:00 | entry=94803.11 | sl=94587.21 | tp=95234.91 | pct_to_tp=0.46% | pct_to_sl=0.23%
[CLOSE] LONG | entry=94803.11 | exit=94587.21 | reason=SL | net=-91.08 USD | equity=9016.91 USD
[OPEN]  LONG | ts=2025-04-26 06:00:00+00:00 | entry=94698.99 | sl=94583.91 | tp=94929.15 | pct_to_tp=0.24% | pct_to_sl=0.12%
[CLOSE] LONG | entry=94698.99 | exit=94583.91 | reason=SL | net=-90.17 USD | equity=8926.74 USD
[OPEN]  LONG | ts=2025-04-28 11:15:00+00:00 | entry=95487.20 | sl=95257.15 | tp=95947.30 | pct_to_tp=0.48% | pct_to_sl=0.24%
[CLOSE] LONG | entry=95487.20 | exit=95257.15 | reason=SL | net=-89.27 USD | equity=8837.47 USD
[OPEN]  LONG | ts=2025-04-29 16:15:00+00:00 | entry=95143.28 | sl=94900.00 | tp=95629.84 | pct_to_tp=0.51% | pct_to_sl=0.26%
[CLOSE] LONG | entry=95143.28 | exit=94900.00 | reason=SL | net=-88.37 USD | equity=8749.10 USD
[OPEN]  LONG | ts=2025-04-29 17:15:00+00:00 | entry=95221.19 | sl=95013.76 | tp=95636.05 | pct_to_tp=0.44% | pct_to_sl=0.22%
[CLOSE] LONG | entry=95221.19 | exit=95013.76 | reason=SL | net=-87.49 USD | equity=8661.60 USD
[OPEN]  SHORT | ts=2025-04-30 19:15:00+00:00 | entry=93797.90 | sl=94110.00 | tp=93173.70 | pct_to_tp=0.67% | pct_to_sl=0.33%
[CLOSE] SHORT | entry=93797.90 | exit=94110.00 | reason=SL | net=-86.62 USD | equity=8574.99 USD
[OPEN]  LONG | ts=2025-05-02 00:00:00+00:00 | entry=96619.04 | sl=96466.21 | tp=96924.70 | pct_to_tp=0.32% | pct_to_sl=0.16%
[CLOSE] LONG | entry=96619.04 | exit=96924.70 | reason=TP | net=+171.50 USD | equity=8746.49 USD
[OPEN]  LONG | ts=2025-05-02 00:45:00+00:00 | entry=97042.97 | sl=96792.45 | tp=97544.01 | pct_to_tp=0.52% | pct_to_sl=0.26%
[CLOSE] LONG | entry=97042.97 | exit=96792.45 | reason=SL | net=-87.46 USD | equity=8659.02 USD
[OPEN]  LONG | ts=2025-05-02 08:00:00+00:00 | entry=96567.54 | sl=96350.00 | tp=97002.62 | pct_to_tp=0.45% | pct_to_sl=0.23%
[CLOSE] LONG | entry=96567.54 | exit=97002.62 | reason=TP | net=+173.18 USD | equity=8832.20 USD
[OPEN]  LONG | ts=2025-05-02 13:15:00+00:00 | entry=96962.27 | sl=96768.69 | tp=97349.43 | pct_to_tp=0.40% | pct_to_sl=0.20%
[CLOSE] LONG | entry=96962.27 | exit=96768.69 | reason=SL | net=-88.32 USD | equity=8743.88 USD
[OPEN]  LONG | ts=2025-05-02 14:15:00+00:00 | entry=97162.70 | sl=96804.99 | tp=97878.12 | pct_to_tp=0.74% | pct_to_sl=0.37%
[CLOSE] LONG | entry=97162.70 | exit=97878.12 | reason=TP | net=+174.88 USD | equity=8918.76 USD
[OPEN]  LONG | ts=2025-05-02 15:30:00+00:00 | entry=97429.51 | sl=97092.90 | tp=98102.73 | pct_to_tp=0.69% | pct_to_sl=0.35%
[CLOSE] LONG | entry=97429.51 | exit=97092.90 | reason=SL | net=-89.19 USD | equity=8829.57 USD
[OPEN]  SHORT | ts=2025-05-04 09:15:00+00:00 | entry=95495.99 | sl=95650.01 | tp=95187.95 | pct_to_tp=0.32% | pct_to_sl=0.16%
[CLOSE] SHORT | entry=95495.99 | exit=95650.01 | reason=SL | net=-88.30 USD | equity=8741.28 USD
[OPEN]  SHORT | ts=2025-05-04 15:30:00+00:00 | entry=95460.41 | sl=95598.54 | tp=95184.15 | pct_to_tp=0.29% | pct_to_sl=0.14%
[CLOSE] SHORT | entry=95460.41 | exit=95598.54 | reason=SL | net=-87.41 USD | equity=8653.86 USD
[OPEN]  SHORT | ts=2025-05-04 22:00:00+00:00 | entry=95207.16 | sl=95690.48 | tp=94240.52 | pct_to_tp=1.02% | pct_to_sl=0.51%
[CLOSE] SHORT | entry=95207.16 | exit=94240.52 | reason=TP | net=+173.08 USD | equity=8826.94 USD
[OPEN]  SHORT | ts=2025-05-05 07:00:00+00:00 | entry=94591.79 | sl=94825.46 | tp=94124.45 | pct_to_tp=0.49% | pct_to_sl=0.25%
[CLOSE] SHORT | entry=94591.79 | exit=94124.45 | reason=TP | net=+176.54 USD | equity=9003.48 USD
[OPEN]  LONG | ts=2025-05-06 23:15:00+00:00 | entry=96628.25 | sl=96193.95 | tp=97496.85 | pct_to_tp=0.90% | pct_to_sl=0.45%
[CLOSE] LONG | entry=96628.25 | exit=97496.85 | reason=TP | net=+180.07 USD | equity=9183.55 USD
[OPEN]  LONG | ts=2025-05-07 20:00:00+00:00 | entry=96403.99 | sl=96076.92 | tp=97058.13 | pct_to_tp=0.68% | pct_to_sl=0.34%
[CLOSE] LONG | entry=96403.99 | exit=97058.13 | reason=TP | net=+183.67 USD | equity=9367.22 USD
[OPEN]  LONG | ts=2025-05-07 22:30:00+00:00 | entry=97239.36 | sl=97020.54 | tp=97677.00 | pct_to_tp=0.45% | pct_to_sl=0.23%
[CLOSE] LONG | entry=97239.36 | exit=97020.54 | reason=SL | net=-93.67 USD | equity=9273.55 USD
[OPEN]  LONG | ts=2025-05-09 18:30:00+00:00 | entry=103317.12 | sl=103146.44 | tp=103658.48 | pct_to_tp=0.33% | pct_to_sl=0.17%
[CLOSE] LONG | entry=103317.12 | exit=103146.44 | reason=SL | net=-92.74 USD | equity=9180.81 USD
[OPEN]  SHORT | ts=2025-05-10 22:00:00+00:00 | entry=103588.60 | sl=103793.66 | tp=103178.48 | pct_to_tp=0.40% | pct_to_sl=0.20%
[CLOSE] SHORT | entry=103588.60 | exit=103793.66 | reason=SL | net=-91.81 USD | equity=9089.00 USD
[OPEN]  LONG | ts=2025-05-10 23:00:00+00:00 | entry=103988.99 | sl=103571.42 | tp=104824.13 | pct_to_tp=0.80% | pct_to_sl=0.40%
[CLOSE] LONG | entry=103988.99 | exit=104824.13 | reason=TP | net=+181.78 USD | equity=9270.78 USD
[OPEN]  LONG | ts=2025-05-10 23:45:00+00:00 | entry=104809.53 | sl=104362.11 | tp=105704.37 | pct_to_tp=0.85% | pct_to_sl=0.43%
[CLOSE] LONG | entry=104809.53 | exit=104362.11 | reason=SL | net=-92.71 USD | equity=9178.08 USD
[OPEN]  LONG | ts=2025-05-11 00:30:00+00:00 | entry=104414.84 | sl=103926.48 | tp=105391.56 | pct_to_tp=0.94% | pct_to_sl=0.47%
[CLOSE] LONG | entry=104414.84 | exit=103926.48 | reason=SL | net=-91.78 USD | equity=9086.30 USD
[OPEN]  LONG | ts=2025-05-12 08:30:00+00:00 | entry=104524.99 | sl=104222.22 | tp=105130.53 | pct_to_tp=0.58% | pct_to_sl=0.29%
[CLOSE] LONG | entry=104524.99 | exit=104222.22 | reason=SL | net=-90.86 USD | equity=8995.43 USD
[OPEN]  SHORT | ts=2025-05-13 00:00:00+00:00 | entry=102584.04 | sl=102791.32 | tp=102169.48 | pct_to_tp=0.40% | pct_to_sl=0.20%
[CLOSE] SHORT | entry=102584.04 | exit=102169.48 | reason=TP | net=+179.91 USD | equity=9175.34 USD
[OPEN]  SHORT | ts=2025-05-13 03:15:00+00:00 | entry=101602.31 | sl=102058.05 | tp=100690.83 | pct_to_tp=0.90% | pct_to_sl=0.45%
[CLOSE] SHORT | entry=101602.31 | exit=102058.05 | reason=SL | net=-91.75 USD | equity=9083.59 USD
[OPEN]  SHORT | ts=2025-05-13 08:15:00+00:00 | entry=102571.99 | sl=102958.81 | tp=101798.35 | pct_to_tp=0.75% | pct_to_sl=0.38%
[CLOSE] SHORT | entry=102571.99 | exit=102958.81 | reason=SL | net=-90.84 USD | equity=8992.75 USD
[OPEN]  SHORT | ts=2025-05-15 13:15:00+00:00 | entry=102582.23 | sl=102769.38 | tp=102207.93 | pct_to_tp=0.36% | pct_to_sl=0.18%
[CLOSE] SHORT | entry=102582.23 | exit=102207.93 | reason=TP | net=+179.86 USD | equity=9172.61 USD
[OPEN]  SHORT | ts=2025-05-15 14:30:00+00:00 | entry=101680.01 | sl=102080.00 | tp=100880.03 | pct_to_tp=0.79% | pct_to_sl=0.39%
[CLOSE] SHORT | entry=101680.01 | exit=102080.00 | reason=SL | net=-91.73 USD | equity=9080.88 USD
[OPEN]  LONG | ts=2025-05-16 15:00:00+00:00 | entry=104099.89 | sl=103578.71 | tp=105142.25 | pct_to_tp=1.00% | pct_to_sl=0.50%
[CLOSE] LONG | entry=104099.89 | exit=103578.71 | reason=SL | net=-90.81 USD | equity=8990.07 USD
[OPEN]  LONG | ts=2025-05-18 13:30:00+00:00 | entry=104459.99 | sl=103902.01 | tp=105575.95 | pct_to_tp=1.07% | pct_to_sl=0.53%
[CLOSE] LONG | entry=104459.99 | exit=105575.95 | reason=TP | net=+179.80 USD | equity=9169.87 USD
[OPEN]  LONG | ts=2025-05-18 19:00:00+00:00 | entry=104654.71 | sl=104440.21 | tp=105083.71 | pct_to_tp=0.41% | pct_to_sl=0.20%
[CLOSE] LONG | entry=104654.71 | exit=104440.21 | reason=SL | net=-91.70 USD | equity=9078.17 USD
[OPEN]  LONG | ts=2025-05-18 22:15:00+00:00 | entry=105051.87 | sl=104001.09 | tp=107153.43 | pct_to_tp=2.00% | pct_to_sl=1.00%
[CLOSE] LONG | entry=105051.87 | exit=104001.09 | reason=SL | net=-90.78 USD | equity=8987.39 USD
[OPEN]  LONG | ts=2025-05-20 09:30:00+00:00 | entry=105359.20 | sl=105317.42 | tp=105442.76 | pct_to_tp=0.08% | pct_to_sl=0.04%
[CLOSE] LONG | entry=105359.20 | exit=105317.42 | reason=SL | net=-89.87 USD | equity=8897.52 USD
[OPEN]  LONG | ts=2025-05-21 08:00:00+00:00 | entry=106765.34 | sl=106458.36 | tp=107379.30 | pct_to_tp=0.58% | pct_to_sl=0.29%
[CLOSE] LONG | entry=106765.34 | exit=106458.36 | reason=SL | net=-88.98 USD | equity=8808.54 USD
[OPEN]  LONG | ts=2025-05-21 14:45:00+00:00 | entry=108999.99 | sl=107691.29 | tp=111617.39 | pct_to_tp=2.40% | pct_to_sl=1.20%
[CLOSE] LONG | entry=108999.99 | exit=107691.29 | reason=SL | net=-88.09 USD | equity=8720.46 USD
[OPEN]  LONG | ts=2025-05-22 21:30:00+00:00 | entry=110967.43 | sl=110763.78 | tp=111374.73 | pct_to_tp=0.37% | pct_to_sl=0.18%
[CLOSE] LONG | entry=110967.43 | exit=110763.78 | reason=SL | net=-87.20 USD | equity=8633.25 USD
[OPEN]  LONG | ts=2025-05-22 22:00:00+00:00 | entry=111074.02 | sl=110831.36 | tp=111559.34 | pct_to_tp=0.44% | pct_to_sl=0.22%
[CLOSE] LONG | entry=111074.02 | exit=111559.34 | reason=TP | net=+172.67 USD | equity=8805.92 USD
[OPEN]  SHORT | ts=2025-05-23 12:00:00+00:00 | entry=108127.98 | sl=109096.39 | tp=106191.16 | pct_to_tp=1.79% | pct_to_sl=0.90%
[CLOSE] SHORT | entry=108127.98 | exit=109096.39 | reason=SL | net=-88.06 USD | equity=8717.86 USD
[OPEN]  SHORT | ts=2025-05-25 14:30:00+00:00 | entry=107203.26 | sl=107644.01 | tp=106321.76 | pct_to_tp=0.82% | pct_to_sl=0.41%
[CLOSE] SHORT | entry=107203.26 | exit=107644.01 | reason=SL | net=-87.18 USD | equity=8630.68 USD
[OPEN]  SHORT | ts=2025-05-25 20:00:00+00:00 | entry=107527.28 | sl=107754.24 | tp=107073.36 | pct_to_tp=0.42% | pct_to_sl=0.21%
[CLOSE] SHORT | entry=107527.28 | exit=107754.24 | reason=SL | net=-86.31 USD | equity=8544.37 USD
[OPEN]  SHORT | ts=2025-05-25 21:15:00+00:00 | entry=107460.00 | sl=107866.91 | tp=106646.18 | pct_to_tp=0.76% | pct_to_sl=0.38%
[CLOSE] SHORT | entry=107460.00 | exit=107866.91 | reason=SL | net=-85.44 USD | equity=8458.93 USD
[OPEN]  LONG | ts=2025-05-26 15:15:00+00:00 | entry=109874.07 | sl=109611.38 | tp=110399.45 | pct_to_tp=0.48% | pct_to_sl=0.24%
[CLOSE] LONG | entry=109874.07 | exit=110399.45 | reason=TP | net=+169.18 USD | equity=8628.11 USD
[OPEN]  LONG | ts=2025-05-26 20:45:00+00:00 | entry=109606.50 | sl=109378.56 | tp=110062.38 | pct_to_tp=0.42% | pct_to_sl=0.21%
[CLOSE] LONG | entry=109606.50 | exit=109378.56 | reason=SL | net=-86.28 USD | equity=8541.83 USD
[OPEN]  SHORT | ts=2025-05-28 10:00:00+00:00 | entry=108562.63 | sl=108800.00 | tp=108087.89 | pct_to_tp=0.44% | pct_to_sl=0.22%
[CLOSE] SHORT | entry=108562.63 | exit=108800.00 | reason=SL | net=-85.42 USD | equity=8456.41 USD
[OPEN]  SHORT | ts=2025-05-28 14:30:00+00:00 | entry=107603.85 | sl=107954.55 | tp=106902.45 | pct_to_tp=0.65% | pct_to_sl=0.33%
[CLOSE] SHORT | entry=107603.85 | exit=106902.45 | reason=TP | net=+169.13 USD | equity=8625.54 USD
[OPEN]  SHORT | ts=2025-05-29 00:30:00+00:00 | entry=107801.91 | sl=108032.92 | tp=107339.89 | pct_to_tp=0.43% | pct_to_sl=0.21%
[CLOSE] SHORT | entry=107801.91 | exit=108032.92 | reason=SL | net=-86.26 USD | equity=8539.28 USD
[OPEN]  LONG | ts=2025-05-29 05:30:00+00:00 | entry=107727.27 | sl=107600.96 | tp=107979.89 | pct_to_tp=0.23% | pct_to_sl=0.12%
[CLOSE] LONG | entry=107727.27 | exit=107979.89 | reason=TP | net=+170.79 USD | equity=8710.07 USD
[OPEN]  SHORT | ts=2025-05-30 06:15:00+00:00 | entry=105949.49 | sl=106080.04 | tp=105688.39 | pct_to_tp=0.25% | pct_to_sl=0.12%
[CLOSE] SHORT | entry=105949.49 | exit=105688.39 | reason=TP | net=+174.20 USD | equity=8884.27 USD
[OPEN]  SHORT | ts=2025-05-30 11:00:00+00:00 | entry=105815.90 | sl=105981.75 | tp=105484.20 | pct_to_tp=0.31% | pct_to_sl=0.16%
[CLOSE] SHORT | entry=105815.90 | exit=105484.20 | reason=TP | net=+177.69 USD | equity=9061.95 USD
[OPEN]  SHORT | ts=2025-05-30 12:45:00+00:00 | entry=105684.96 | sl=106000.00 | tp=105054.88 | pct_to_tp=0.60% | pct_to_sl=0.30%
[CLOSE] SHORT | entry=105684.96 | exit=105054.88 | reason=TP | net=+181.24 USD | equity=9243.19 USD
[OPEN]  SHORT | ts=2025-05-30 15:45:00+00:00 | entry=105543.00 | sl=105760.23 | tp=105108.54 | pct_to_tp=0.41% | pct_to_sl=0.21%
[CLOSE] SHORT | entry=105543.00 | exit=105108.54 | reason=TP | net=+184.86 USD | equity=9428.06 USD
[OPEN]  SHORT | ts=2025-05-30 16:45:00+00:00 | entry=103898.75 | sl=104400.01 | tp=102896.23 | pct_to_tp=0.96% | pct_to_sl=0.48%
[CLOSE] SHORT | entry=103898.75 | exit=104400.01 | reason=SL | net=-94.28 USD | equity=9333.78 USD
[OPEN]  LONG | ts=2025-06-01 03:30:00+00:00 | entry=104297.29 | sl=104137.32 | tp=104617.23 | pct_to_tp=0.31% | pct_to_sl=0.15%
[CLOSE] LONG | entry=104297.29 | exit=104617.23 | reason=TP | net=+186.68 USD | equity=9520.45 USD
[OPEN]  SHORT | ts=2025-06-01 06:45:00+00:00 | entry=104258.93 | sl=104358.24 | tp=104060.31 | pct_to_tp=0.19% | pct_to_sl=0.10%
[CLOSE] SHORT | entry=104258.93 | exit=104358.24 | reason=SL | net=-95.20 USD | equity=9425.25 USD
[OPEN]  LONG | ts=2025-06-03 14:15:00+00:00 | entry=105789.96 | sl=105201.72 | tp=106966.44 | pct_to_tp=1.11% | pct_to_sl=0.56%
[CLOSE] LONG | entry=105789.96 | exit=105201.72 | reason=SL | net=-94.25 USD | equity=9331.00 USD
[OPEN]  SHORT | ts=2025-06-05 17:45:00+00:00 | entry=103240.04 | sl=103348.84 | tp=103022.44 | pct_to_tp=0.21% | pct_to_sl=0.11%
[CLOSE] SHORT | entry=103240.04 | exit=103022.44 | reason=TP | net=+186.62 USD | equity=9517.62 USD
[OPEN]  SHORT | ts=2025-06-06 05:15:00+00:00 | entry=102737.63 | sl=102917.07 | tp=102378.75 | pct_to_tp=0.35% | pct_to_sl=0.17%
[CLOSE] SHORT | entry=102737.63 | exit=102917.07 | reason=SL | net=-95.18 USD | equity=9422.44 USD
[OPEN]  LONG | ts=2025-06-06 20:30:00+00:00 | entry=104578.75 | sl=104305.25 | tp=105125.75 | pct_to_tp=0.52% | pct_to_sl=0.26%
[CLOSE] LONG | entry=104578.75 | exit=104305.25 | reason=SL | net=-94.22 USD | equity=9328.22 USD
[OPEN]  LONG | ts=2025-06-07 03:00:00+00:00 | entry=104746.05 | sl=104484.52 | tp=105269.11 | pct_to_tp=0.50% | pct_to_sl=0.25%
[CLOSE] LONG | entry=104746.05 | exit=105269.11 | reason=TP | net=+186.56 USD | equity=9514.78 USD
[OPEN]  LONG | ts=2025-06-07 09:00:00+00:00 | entry=104884.07 | sl=104746.43 | tp=105159.35 | pct_to_tp=0.26% | pct_to_sl=0.13%
[CLOSE] LONG | entry=104884.07 | exit=105159.35 | reason=TP | net=+190.30 USD | equity=9705.08 USD
[OPEN]  LONG | ts=2025-06-08 00:15:00+00:00 | entry=105507.87 | sl=105446.79 | tp=105630.03 | pct_to_tp=0.12% | pct_to_sl=0.06%
[CLOSE] LONG | entry=105507.87 | exit=105630.03 | reason=TP | net=+194.10 USD | equity=9899.18 USD
[OPEN]  LONG | ts=2025-06-08 01:30:00+00:00 | entry=105655.07 | sl=105535.75 | tp=105893.71 | pct_to_tp=0.23% | pct_to_sl=0.11%
[CLOSE] LONG | entry=105655.07 | exit=105535.75 | reason=SL | net=-98.99 USD | equity=9800.18 USD
[OPEN]  LONG | ts=2025-06-09 10:00:00+00:00 | entry=107176.38 | sl=106565.30 | tp=108398.54 | pct_to_tp=1.14% | pct_to_sl=0.57%
[CLOSE] LONG | entry=107176.38 | exit=108398.54 | reason=TP | net=+196.00 USD | equity=9996.19 USD
[OPEN]  LONG | ts=2025-06-10 09:45:00+00:00 | entry=109508.78 | sl=109352.43 | tp=109821.48 | pct_to_tp=0.29% | pct_to_sl=0.14%
[CLOSE] LONG | entry=109508.78 | exit=109352.43 | reason=SL | net=-99.96 USD | equity=9896.23 USD
[OPEN]  LONG | ts=2025-06-10 10:45:00+00:00 | entry=109303.61 | sl=109275.43 | tp=109359.97 | pct_to_tp=0.05% | pct_to_sl=0.03%
[CLOSE] LONG | entry=109303.61 | exit=109359.97 | reason=TP | net=+197.92 USD | equity=10094.15 USD
[OPEN]  LONG | ts=2025-06-10 12:45:00+00:00 | entry=109697.76 | sl=109546.73 | tp=109999.82 | pct_to_tp=0.28% | pct_to_sl=0.14%
[CLOSE] LONG | entry=109697.76 | exit=109546.73 | reason=SL | net=-100.94 USD | equity=9993.21 USD
[OPEN]  LONG | ts=2025-06-10 15:00:00+00:00 | entry=109099.99 | sl=108481.75 | tp=110336.47 | pct_to_tp=1.13% | pct_to_sl=0.57%
[CLOSE] LONG | entry=109099.99 | exit=108481.75 | reason=SL | net=-99.93 USD | equity=9893.28 USD
[OPEN]  LONG | ts=2025-06-10 15:45:00+00:00 | entry=109015.42 | sl=108679.02 | tp=109688.22 | pct_to_tp=0.62% | pct_to_sl=0.31%
[CLOSE] LONG | entry=109015.42 | exit=108679.02 | reason=SL | net=-98.93 USD | equity=9794.34 USD
[OPEN]  LONG | ts=2025-06-11 15:15:00+00:00 | entry=109787.88 | sl=109663.64 | tp=110036.36 | pct_to_tp=0.23% | pct_to_sl=0.11%
[CLOSE] LONG | entry=109787.88 | exit=109663.64 | reason=SL | net=-97.94 USD | equity=9696.40 USD
[OPEN]  SHORT | ts=2025-06-12 03:15:00+00:00 | entry=107882.27 | sl=108330.01 | tp=106986.79 | pct_to_tp=0.83% | pct_to_sl=0.42%
[CLOSE] SHORT | entry=107882.27 | exit=106986.79 | reason=TP | net=+193.93 USD | equity=9890.33 USD
[OPEN]  SHORT | ts=2025-06-12 15:15:00+00:00 | entry=107211.31 | sl=107719.15 | tp=106195.63 | pct_to_tp=0.95% | pct_to_sl=0.47%
[CLOSE] SHORT | entry=107211.31 | exit=107719.15 | reason=SL | net=-98.90 USD | equity=9791.43 USD
[OPEN]  SHORT | ts=2025-06-12 19:30:00+00:00 | entry=107541.01 | sl=107836.91 | tp=106949.21 | pct_to_tp=0.55% | pct_to_sl=0.28%
[CLOSE] SHORT | entry=107541.01 | exit=106949.21 | reason=TP | net=+195.83 USD | equity=9987.25 USD
[OPEN]  SHORT | ts=2025-06-12 20:30:00+00:00 | entry=106013.25 | sl=106957.70 | tp=104124.35 | pct_to_tp=1.78% | pct_to_sl=0.89%
[CLOSE] SHORT | entry=106013.25 | exit=104124.35 | reason=TP | net=+199.75 USD | equity=10187.00 USD
[OPEN]  SHORT | ts=2025-06-13 13:45:00+00:00 | entry=104732.44 | sl=105235.80 | tp=103725.72 | pct_to_tp=0.96% | pct_to_sl=0.48%
[CLOSE] SHORT | entry=104732.44 | exit=105235.80 | reason=SL | net=-101.87 USD | equity=10085.13 USD
[OPEN]  SHORT | ts=2025-06-13 17:00:00+00:00 | entry=105376.88 | sl=105783.65 | tp=104563.34 | pct_to_tp=0.77% | pct_to_sl=0.39%
[CLOSE] SHORT | entry=105376.88 | exit=105783.65 | reason=SL | net=-100.85 USD | equity=9984.28 USD
[OPEN]  LONG | ts=2025-06-14 03:15:00+00:00 | entry=105352.94 | sl=105246.04 | tp=105566.74 | pct_to_tp=0.20% | pct_to_sl=0.10%
[CLOSE] LONG | entry=105352.94 | exit=105246.04 | reason=SL | net=-99.84 USD | equity=9884.44 USD
[OPEN]  SHORT | ts=2025-06-14 16:15:00+00:00 | entry=104711.71 | sl=104865.52 | tp=104404.09 | pct_to_tp=0.29% | pct_to_sl=0.15%
[CLOSE] SHORT | entry=104711.71 | exit=104404.09 | reason=TP | net=+197.69 USD | equity=10082.12 USD
[OPEN]  SHORT | ts=2025-06-14 17:30:00+00:00 | entry=104507.32 | sl=104705.19 | tp=104111.58 | pct_to_tp=0.38% | pct_to_sl=0.19%
[CLOSE] SHORT | entry=104507.32 | exit=104705.19 | reason=SL | net=-100.82 USD | equity=9981.30 USD
[OPEN]  LONG | ts=2025-06-16 14:15:00+00:00 | entry=107356.00 | sl=106844.66 | tp=108378.68 | pct_to_tp=0.95% | pct_to_sl=0.48%
[CLOSE] LONG | entry=107356.00 | exit=108378.68 | reason=TP | net=+199.63 USD | equity=10180.93 USD
[OPEN]  LONG | ts=2025-06-17 02:45:00+00:00 | entry=107482.39 | sl=106711.84 | tp=109023.49 | pct_to_tp=1.43% | pct_to_sl=0.72%
[CLOSE] LONG | entry=107482.39 | exit=106711.84 | reason=SL | net=-101.81 USD | equity=10079.12 USD
[OPEN]  SHORT | ts=2025-06-17 20:45:00+00:00 | entry=104362.39 | sl=104576.15 | tp=103934.87 | pct_to_tp=0.41% | pct_to_sl=0.20%
[CLOSE] SHORT | entry=104362.39 | exit=104576.15 | reason=SL | net=-100.79 USD | equity=9978.33 USD
[OPEN]  SHORT | ts=2025-06-18 02:30:00+00:00 | entry=104919.07 | sl=105099.99 | tp=104557.23 | pct_to_tp=0.34% | pct_to_sl=0.17%
[CLOSE] SHORT | entry=104919.07 | exit=105099.99 | reason=SL | net=-99.78 USD | equity=9878.55 USD
[OPEN]  LONG | ts=2025-06-18 07:45:00+00:00 | entry=104973.24 | sl=104914.93 | tp=105089.86 | pct_to_tp=0.11% | pct_to_sl=0.06%
[CLOSE] LONG | entry=104973.24 | exit=105089.86 | reason=TP | net=+197.57 USD | equity=10076.12 USD
[OPEN]  LONG | ts=2025-06-18 08:45:00+00:00 | entry=104949.90 | sl=104807.50 | tp=105234.70 | pct_to_tp=0.27% | pct_to_sl=0.14%
[CLOSE] LONG | entry=104949.90 | exit=104807.50 | reason=SL | net=-100.76 USD | equity=9975.36 USD
[OPEN]  SHORT | ts=2025-06-21 07:00:00+00:00 | entry=103380.55 | sl=103572.69 | tp=102996.27 | pct_to_tp=0.37% | pct_to_sl=0.19%
[CLOSE] SHORT | entry=103380.55 | exit=103572.69 | reason=SL | net=-99.75 USD | equity=9875.60 USD
[OPEN]  SHORT | ts=2025-06-21 16:30:00+00:00 | entry=103467.51 | sl=103639.15 | tp=103124.23 | pct_to_tp=0.33% | pct_to_sl=0.17%
[CLOSE] SHORT | entry=103467.51 | exit=103124.23 | reason=TP | net=+197.51 USD | equity=10073.11 USD
[OPEN]  SHORT | ts=2025-06-22 03:15:00+00:00 | entry=102158.05 | sl=102471.35 | tp=101531.45 | pct_to_tp=0.61% | pct_to_sl=0.31%
[CLOSE] SHORT | entry=102158.05 | exit=102471.35 | reason=SL | net=-100.73 USD | equity=9972.38 USD
[OPEN]  SHORT | ts=2025-06-22 09:15:00+00:00 | entry=102366.98 | sl=102639.03 | tp=101822.88 | pct_to_tp=0.53% | pct_to_sl=0.27%
[CLOSE] SHORT | entry=102366.98 | exit=102639.03 | reason=SL | net=-99.72 USD | equity=9872.66 USD
[OPEN]  SHORT | ts=2025-06-22 14:15:00+00:00 | entry=99537.71 | sl=100547.22 | tp=97518.69 | pct_to_tp=2.03% | pct_to_sl=1.01%
[CLOSE] SHORT | entry=99537.71 | exit=100547.22 | reason=SL | net=-98.73 USD | equity=9773.93 USD
[OPEN]  SHORT | ts=2025-06-23 01:15:00+00:00 | entry=100610.95 | sl=100906.69 | tp=100019.47 | pct_to_tp=0.59% | pct_to_sl=0.29%
[CLOSE] SHORT | entry=100610.95 | exit=100906.69 | reason=SL | net=-97.74 USD | equity=9676.19 USD
[OPEN]  LONG | ts=2025-06-24 20:15:00+00:00 | entry=105813.86 | sl=105469.11 | tp=106503.36 | pct_to_tp=0.65% | pct_to_sl=0.33%
[CLOSE] LONG | entry=105813.86 | exit=106503.36 | reason=TP | net=+193.52 USD | equity=9869.72 USD
[OPEN]  LONG | ts=2025-06-25 16:00:00+00:00 | entry=107358.29 | sl=107007.46 | tp=108059.95 | pct_to_tp=0.65% | pct_to_sl=0.33%
[CLOSE] LONG | entry=107358.29 | exit=107007.46 | reason=SL | net=-98.70 USD | equity=9771.02 USD
[OPEN]  LONG | ts=2025-06-25 23:45:00+00:00 | entry=107340.58 | sl=107133.89 | tp=107753.96 | pct_to_tp=0.39% | pct_to_sl=0.19%
[CLOSE] LONG | entry=107340.58 | exit=107133.89 | reason=SL | net=-97.71 USD | equity=9673.31 USD
[OPEN]  SHORT | ts=2025-07-01 09:30:00+00:00 | entry=106509.91 | sl=106696.08 | tp=106137.57 | pct_to_tp=0.35% | pct_to_sl=0.17%
[CLOSE] SHORT | entry=106509.91 | exit=106696.08 | reason=SL | net=-96.73 USD | equity=9576.58 USD
[OPEN]  LONG | ts=2025-07-03 04:00:00+00:00 | entry=108816.17 | sl=108566.14 | tp=109316.23 | pct_to_tp=0.46% | pct_to_sl=0.23%
[CLOSE] LONG | entry=108816.17 | exit=109316.23 | reason=TP | net=+191.53 USD | equity=9768.11 USD
[OPEN]  LONG | ts=2025-07-03 06:15:00+00:00 | entry=109450.00 | sl=109265.99 | tp=109818.02 | pct_to_tp=0.34% | pct_to_sl=0.17%
[CLOSE] LONG | entry=109450.00 | exit=109265.99 | reason=SL | net=-97.68 USD | equity=9670.43 USD
[OPEN]  LONG | ts=2025-07-03 13:00:00+00:00 | entry=109339.84 | sl=109133.30 | tp=109752.92 | pct_to_tp=0.38% | pct_to_sl=0.19%
[CLOSE] LONG | entry=109339.84 | exit=109752.92 | reason=TP | net=+193.41 USD | equity=9863.84 USD
[OPEN]  SHORT | ts=2025-07-05 01:15:00+00:00 | entry=107935.72 | sl=108081.41 | tp=107644.34 | pct_to_tp=0.27% | pct_to_sl=0.13%
[CLOSE] SHORT | entry=107935.72 | exit=108081.41 | reason=SL | net=-98.64 USD | equity=9765.20 USD
[OPEN]  LONG | ts=2025-07-06 21:00:00+00:00 | entry=108921.67 | sl=108665.47 | tp=109434.07 | pct_to_tp=0.47% | pct_to_sl=0.24%
[CLOSE] LONG | entry=108921.67 | exit=109434.07 | reason=TP | net=+195.30 USD | equity=9960.50 USD
[OPEN]  LONG | ts=2025-07-07 01:30:00+00:00 | entry=109026.80 | sl=108901.90 | tp=109276.60 | pct_to_tp=0.23% | pct_to_sl=0.11%
[CLOSE] LONG | entry=109026.80 | exit=109276.60 | reason=TP | net=+199.21 USD | equity=10159.71 USD
[OPEN]  SHORT | ts=2025-07-07 18:15:00+00:00 | entry=107538.95 | sl=108062.55 | tp=106491.75 | pct_to_tp=0.97% | pct_to_sl=0.49%
[CLOSE] SHORT | entry=107538.95 | exit=108062.55 | reason=SL | net=-101.60 USD | equity=10058.11 USD
[OPEN]  SHORT | ts=2025-07-08 02:30:00+00:00 | entry=107732.01 | sl=107945.00 | tp=107306.03 | pct_to_tp=0.40% | pct_to_sl=0.20%
[CLOSE] SHORT | entry=107732.01 | exit=107945.00 | reason=SL | net=-100.58 USD | equity=9957.53 USD
[OPEN]  SHORT | ts=2025-07-08 04:00:00+00:00 | entry=107821.18 | sl=107901.52 | tp=107660.50 | pct_to_tp=0.15% | pct_to_sl=0.07%
[CLOSE] SHORT | entry=107821.18 | exit=107901.52 | reason=SL | net=-99.58 USD | equity=9857.96 USD
[OPEN]  LONG | ts=2025-07-09 16:30:00+00:00 | entry=109314.20 | sl=109203.84 | tp=109534.92 | pct_to_tp=0.20% | pct_to_sl=0.10%
[CLOSE] LONG | entry=109314.20 | exit=109203.84 | reason=SL | net=-98.58 USD | equity=9759.38 USD
[OPEN]  LONG | ts=2025-07-10 11:15:00+00:00 | entry=111165.25 | sl=111048.52 | tp=111398.71 | pct_to_tp=0.21% | pct_to_sl=0.11%
[CLOSE] LONG | entry=111165.25 | exit=111048.52 | reason=SL | net=-97.59 USD | equity=9661.78 USD
[OPEN]  LONG | ts=2025-07-10 13:15:00+00:00 | entry=111039.99 | sl=110884.00 | tp=111351.97 | pct_to_tp=0.28% | pct_to_sl=0.14%
[CLOSE] LONG | entry=111039.99 | exit=110884.00 | reason=SL | net=-96.62 USD | equity=9565.17 USD
[OPEN]  LONG | ts=2025-07-10 14:00:00+00:00 | entry=111095.11 | sl=110642.30 | tp=112000.73 | pct_to_tp=0.82% | pct_to_sl=0.41%
[CLOSE] LONG | entry=111095.11 | exit=112000.73 | reason=TP | net=+191.30 USD | equity=9756.47 USD
[OPEN]  LONG | ts=2025-07-10 16:30:00+00:00 | entry=112637.66 | sl=112376.92 | tp=113159.14 | pct_to_tp=0.46% | pct_to_sl=0.23%
[CLOSE] LONG | entry=112637.66 | exit=113159.14 | reason=TP | net=+195.13 USD | equity=9951.60 USD
[OPEN]  LONG | ts=2025-07-11 16:15:00+00:00 | entry=117261.07 | sl=116631.00 | tp=118521.21 | pct_to_tp=1.07% | pct_to_sl=0.54%
[CLOSE] LONG | entry=117261.07 | exit=118521.21 | reason=TP | net=+199.03 USD | equity=10150.63 USD
[OPEN]  LONG | ts=2025-07-13 13:15:00+00:00 | entry=118308.24 | sl=118175.00 | tp=118574.72 | pct_to_tp=0.23% | pct_to_sl=0.11%
[CLOSE] LONG | entry=118308.24 | exit=118574.72 | reason=TP | net=+203.01 USD | equity=10353.64 USD
[OPEN]  LONG | ts=2025-07-13 22:30:00+00:00 | entry=118763.36 | sl=118424.50 | tp=119441.08 | pct_to_tp=0.57% | pct_to_sl=0.29%
[CLOSE] LONG | entry=118763.36 | exit=118424.50 | reason=SL | net=-103.54 USD | equity=10250.11 USD
[OPEN]  LONG | ts=2025-07-13 23:45:00+00:00 | entry=119086.64 | sl=118694.69 | tp=119870.54 | pct_to_tp=0.66% | pct_to_sl=0.33%
[CLOSE] LONG | entry=119086.64 | exit=119870.54 | reason=TP | net=+205.00 USD | equity=10455.11 USD
[OPEN]  LONG | ts=2025-07-14 17:00:00+00:00 | entry=120500.35 | sl=120206.39 | tp=121088.27 | pct_to_tp=0.49% | pct_to_sl=0.24%
[CLOSE] LONG | entry=120500.35 | exit=120206.39 | reason=SL | net=-104.55 USD | equity=10350.56 USD
[OPEN]  SHORT | ts=2025-07-15 14:15:00+00:00 | entry=117566.70 | sl=118388.66 | tp=115922.78 | pct_to_tp=1.40% | pct_to_sl=0.70%
[CLOSE] SHORT | entry=117566.70 | exit=115922.78 | reason=TP | net=+207.01 USD | equity=10557.57 USD
[OPEN]  SHORT | ts=2025-07-15 18:00:00+00:00 | entry=117106.31 | sl=117380.00 | tp=116558.93 | pct_to_tp=0.47% | pct_to_sl=0.23%
[CLOSE] SHORT | entry=117106.31 | exit=116558.93 | reason=TP | net=+211.15 USD | equity=10768.72 USD
[OPEN]  SHORT | ts=2025-07-15 19:30:00+00:00 | entry=116489.85 | sl=116908.77 | tp=115652.01 | pct_to_tp=0.72% | pct_to_sl=0.36%
[CLOSE] SHORT | entry=116489.85 | exit=116908.77 | reason=SL | net=-107.69 USD | equity=10661.03 USD
[OPEN]  SHORT | ts=2025-07-16 00:00:00+00:00 | entry=117436.55 | sl=117789.06 | tp=116731.53 | pct_to_tp=0.60% | pct_to_sl=0.30%
[CLOSE] SHORT | entry=117436.55 | exit=117789.06 | reason=SL | net=-106.61 USD | equity=10554.42 USD
[OPEN]  LONG | ts=2025-07-16 16:15:00+00:00 | entry=119175.67 | sl=118749.71 | tp=120027.59 | pct_to_tp=0.71% | pct_to_sl=0.36%
[CLOSE] LONG | entry=119175.67 | exit=120027.59 | reason=TP | net=+211.09 USD | equity=10765.51 USD
[OPEN]  SHORT | ts=2025-07-19 20:45:00+00:00 | entry=117720.01 | sl=118076.00 | tp=117008.03 | pct_to_tp=0.60% | pct_to_sl=0.30%
[CLOSE] SHORT | entry=117720.01 | exit=118076.00 | reason=SL | net=-107.66 USD | equity=10657.86 USD
[OPEN]  LONG | ts=2025-07-21 07:00:00+00:00 | entry=119377.24 | sl=119162.62 | tp=119806.48 | pct_to_tp=0.36% | pct_to_sl=0.18%
[CLOSE] LONG | entry=119377.24 | exit=119162.62 | reason=SL | net=-106.58 USD | equity=10551.28 USD
[OPEN]  SHORT | ts=2025-07-23 21:15:00+00:00 | entry=117559.99 | sl=118058.00 | tp=116563.97 | pct_to_tp=0.85% | pct_to_sl=0.42%
[CLOSE] SHORT | entry=117559.99 | exit=118058.00 | reason=SL | net=-105.51 USD | equity=10445.76 USD
[OPEN]  SHORT | ts=2025-07-25 12:15:00+00:00 | entry=116259.39 | sl=116600.00 | tp=115578.17 | pct_to_tp=0.59% | pct_to_sl=0.29%
[CLOSE] SHORT | entry=116259.39 | exit=115578.17 | reason=TP | net=+208.92 USD | equity=10654.68 USD
[OPEN]  SHORT | ts=2025-07-25 14:00:00+00:00 | entry=115600.00 | sl=116286.87 | tp=114226.26 | pct_to_tp=1.19% | pct_to_sl=0.59%
[CLOSE] SHORT | entry=115600.00 | exit=116286.87 | reason=SL | net=-106.55 USD | equity=10548.13 USD
[OPEN]  SHORT | ts=2025-07-25 17:45:00+00:00 | entry=116042.50 | sl=116226.86 | tp=115673.78 | pct_to_tp=0.32% | pct_to_sl=0.16%
[CLOSE] SHORT | entry=116042.50 | exit=116226.86 | reason=SL | net=-105.48 USD | equity=10442.65 USD
[OPEN]  LONG | ts=2025-07-27 16:00:00+00:00 | entry=119157.64 | sl=118585.75 | tp=120301.42 | pct_to_tp=0.96% | pct_to_sl=0.48%
[CLOSE] LONG | entry=119157.64 | exit=118585.75 | reason=SL | net=-104.43 USD | equity=10338.23 USD
[OPEN]  SHORT | ts=2025-07-28 20:00:00+00:00 | entry=117768.06 | sl=118162.17 | tp=116979.84 | pct_to_tp=0.67% | pct_to_sl=0.33%
[CLOSE] SHORT | entry=117768.06 | exit=118162.17 | reason=SL | net=-103.38 USD | equity=10234.84 USD
[OPEN]  SHORT | ts=2025-07-29 00:30:00+00:00 | entry=117706.52 | sl=118280.00 | tp=116559.56 | pct_to_tp=0.97% | pct_to_sl=0.49%
[CLOSE] SHORT | entry=117706.52 | exit=118280.00 | reason=SL | net=-102.35 USD | equity=10132.49 USD
[OPEN]  SHORT | ts=2025-08-01 13:30:00+00:00 | entry=114985.01 | sl=115679.82 | tp=113595.39 | pct_to_tp=1.21% | pct_to_sl=0.60%
[CLOSE] SHORT | entry=114985.01 | exit=115679.82 | reason=SL | net=-101.32 USD | equity=10031.17 USD
[OPEN]  SHORT | ts=2025-08-01 14:30:00+00:00 | entry=115432.08 | sl=115831.28 | tp=114633.68 | pct_to_tp=0.69% | pct_to_sl=0.35%
[CLOSE] SHORT | entry=115432.08 | exit=114633.68 | reason=TP | net=+200.62 USD | equity=10231.79 USD
[OPEN]  SHORT | ts=2025-08-02 06:00:00+00:00 | entry=113834.73 | sl=113981.07 | tp=113542.05 | pct_to_tp=0.26% | pct_to_sl=0.13%
[CLOSE] SHORT | entry=113834.73 | exit=113542.05 | reason=TP | net=+204.64 USD | equity=10436.43 USD
[OPEN]  SHORT | ts=2025-08-02 12:00:00+00:00 | entry=113718.95 | sl=113787.12 | tp=113582.61 | pct_to_tp=0.12% | pct_to_sl=0.06%
[CLOSE] SHORT | entry=113718.95 | exit=113582.61 | reason=TP | net=+208.73 USD | equity=10645.16 USD
[OPEN]  SHORT | ts=2025-08-02 13:00:00+00:00 | entry=113450.01 | sl=113630.00 | tp=113090.03 | pct_to_tp=0.32% | pct_to_sl=0.16%
[CLOSE] SHORT | entry=113450.01 | exit=113090.03 | reason=TP | net=+212.90 USD | equity=10858.06 USD
[OPEN]  SHORT | ts=2025-08-02 22:15:00+00:00 | entry=112586.72 | sl=112840.57 | tp=112079.02 | pct_to_tp=0.45% | pct_to_sl=0.23%
[CLOSE] SHORT | entry=112586.72 | exit=112840.57 | reason=SL | net=-108.58 USD | equity=10749.48 USD
[OPEN]  LONG | ts=2025-08-04 00:45:00+00:00 | entry=114899.87 | sl=114590.90 | tp=115517.81 | pct_to_tp=0.54% | pct_to_sl=0.27%
[CLOSE] LONG | entry=114899.87 | exit=114590.90 | reason=SL | net=-107.49 USD | equity=10641.99 USD
[OPEN]  LONG | ts=2025-08-04 15:00:00+00:00 | entry=114989.64 | sl=114667.77 | tp=115633.38 | pct_to_tp=0.56% | pct_to_sl=0.28%
[CLOSE] LONG | entry=114989.64 | exit=114667.77 | reason=SL | net=-106.42 USD | equity=10535.57 USD
[OPEN]  LONG | ts=2025-08-04 16:30:00+00:00 | entry=115066.72 | sl=114900.00 | tp=115400.16 | pct_to_tp=0.29% | pct_to_sl=0.14%
[CLOSE] LONG | entry=115066.72 | exit=115400.16 | reason=TP | net=+210.71 USD | equity=10746.28 USD
[OPEN]  SHORT | ts=2025-08-05 21:45:00+00:00 | entry=113606.53 | sl=113690.71 | tp=113438.17 | pct_to_tp=0.15% | pct_to_sl=0.07%
[CLOSE] SHORT | entry=113606.53 | exit=113690.71 | reason=SL | net=-107.46 USD | equity=10638.81 USD
[OPEN]  SHORT | ts=2025-08-06 01:15:00+00:00 | entry=113594.10 | sl=113893.01 | tp=112996.28 | pct_to_tp=0.53% | pct_to_sl=0.26%
[CLOSE] SHORT | entry=113594.10 | exit=113893.01 | reason=SL | net=-106.39 USD | equity=10532.43 USD
[OPEN]  LONG | ts=2025-08-06 22:00:00+00:00 | entry=115155.22 | sl=115048.77 | tp=115368.12 | pct_to_tp=0.18% | pct_to_sl=0.09%
[CLOSE] LONG | entry=115155.22 | exit=115048.77 | reason=SL | net=-105.32 USD | equity=10427.10 USD
[OPEN]  LONG | ts=2025-08-07 10:00:00+00:00 | entry=115500.01 | sl=115038.06 | tp=116423.91 | pct_to_tp=0.80% | pct_to_sl=0.40%
[CLOSE] LONG | entry=115500.01 | exit=116423.91 | reason=TP | net=+208.54 USD | equity=10635.64 USD
[OPEN]  LONG | ts=2025-08-07 11:00:00+00:00 | entry=116482.42 | sl=116347.23 | tp=116752.80 | pct_to_tp=0.23% | pct_to_sl=0.12%
[CLOSE] LONG | entry=116482.42 | exit=116752.80 | reason=TP | net=+212.71 USD | equity=10848.36 USD
[OPEN]  LONG | ts=2025-08-07 17:45:00+00:00 | entry=116511.54 | sl=116352.91 | tp=116828.80 | pct_to_tp=0.27% | pct_to_sl=0.14%
[CLOSE] LONG | entry=116511.54 | exit=116352.91 | reason=SL | net=-108.48 USD | equity=10739.87 USD
[OPEN]  LONG | ts=2025-08-08 03:00:00+00:00 | entry=116805.04 | sl=116699.60 | tp=117015.92 | pct_to_tp=0.18% | pct_to_sl=0.09%
[CLOSE] LONG | entry=116805.04 | exit=116699.60 | reason=SL | net=-107.40 USD | equity=10632.47 USD
[OPEN]  LONG | ts=2025-08-08 06:30:00+00:00 | entry=116723.19 | sl=116586.00 | tp=116997.57 | pct_to_tp=0.24% | pct_to_sl=0.12%
[CLOSE] LONG | entry=116723.19 | exit=116586.00 | reason=SL | net=-106.32 USD | equity=10526.15 USD
[OPEN]  LONG | ts=2025-08-08 07:15:00+00:00 | entry=116973.29 | sl=116676.18 | tp=117567.51 | pct_to_tp=0.51% | pct_to_sl=0.25%
[CLOSE] LONG | entry=116973.29 | exit=116676.18 | reason=SL | net=-105.26 USD | equity=10420.89 USD
[OPEN]  LONG | ts=2025-08-08 09:45:00+00:00 | entry=116685.17 | sl=116585.05 | tp=116885.41 | pct_to_tp=0.17% | pct_to_sl=0.09%
[CLOSE] LONG | entry=116685.17 | exit=116585.05 | reason=SL | net=-104.21 USD | equity=10316.68 USD
[OPEN]  LONG | ts=2025-08-10 08:15:00+00:00 | entry=118125.48 | sl=118002.19 | tp=118372.06 | pct_to_tp=0.21% | pct_to_sl=0.10%
[CLOSE] LONG | entry=118125.48 | exit=118372.06 | reason=TP | net=+206.33 USD | equity=10523.01 USD
[OPEN]  LONG | ts=2025-08-10 21:45:00+00:00 | entry=118716.90 | sl=118253.64 | tp=119643.42 | pct_to_tp=0.78% | pct_to_sl=0.39%
[CLOSE] LONG | entry=118716.90 | exit=119643.42 | reason=TP | net=+210.46 USD | equity=10733.47 USD
[OPEN]  SHORT | ts=2025-08-11 16:30:00+00:00 | entry=119954.00 | sl=120599.89 | tp=118662.22 | pct_to_tp=1.08% | pct_to_sl=0.54%
[CLOSE] SHORT | entry=119954.00 | exit=118662.22 | reason=TP | net=+214.67 USD | equity=10948.14 USD
[OPEN]  LONG | ts=2025-08-12 23:15:00+00:00 | entry=120196.04 | sl=120106.69 | tp=120374.74 | pct_to_tp=0.15% | pct_to_sl=0.07%
[CLOSE] LONG | entry=120196.04 | exit=120106.69 | reason=SL | net=-109.48 USD | equity=10838.66 USD
[OPEN]  LONG | ts=2025-08-13 10:00:00+00:00 | entry=120395.98 | sl=120047.58 | tp=121092.78 | pct_to_tp=0.58% | pct_to_sl=0.29%
[CLOSE] LONG | entry=120395.98 | exit=121092.78 | reason=TP | net=+216.77 USD | equity=11055.43 USD
[OPEN]  LONG | ts=2025-08-13 14:00:00+00:00 | entry=122070.75 | sl=121753.26 | tp=122705.73 | pct_to_tp=0.52% | pct_to_sl=0.26%
[CLOSE] LONG | entry=122070.75 | exit=121753.26 | reason=SL | net=-110.55 USD | equity=10944.88 USD
[OPEN]  LONG | ts=2025-08-14 07:30:00+00:00 | entry=121911.30 | sl=121617.64 | tp=122498.62 | pct_to_tp=0.48% | pct_to_sl=0.24%
[CLOSE] LONG | entry=121911.30 | exit=121617.64 | reason=SL | net=-109.45 USD | equity=10835.43 USD
[OPEN]  LONG | ts=2025-08-14 08:15:00+00:00 | entry=122014.79 | sl=121808.00 | tp=122428.37 | pct_to_tp=0.34% | pct_to_sl=0.17%
[CLOSE] LONG | entry=122014.79 | exit=121808.00 | reason=SL | net=-108.35 USD | equity=10727.08 USD
[OPEN]  SHORT | ts=2025-08-15 04:30:00+00:00 | entry=118982.73 | sl=119199.20 | tp=118549.79 | pct_to_tp=0.36% | pct_to_sl=0.18%
[CLOSE] SHORT | entry=118982.73 | exit=119199.20 | reason=SL | net=-107.27 USD | equity=10619.81 USD
[OPEN]  SHORT | ts=2025-08-15 06:45:00+00:00 | entry=119082.82 | sl=119216.82 | tp=118814.82 | pct_to_tp=0.23% | pct_to_sl=0.11%
[CLOSE] SHORT | entry=119082.82 | exit=118814.82 | reason=TP | net=+212.40 USD | equity=10832.20 USD
[OPEN]  SHORT | ts=2025-08-15 08:45:00+00:00 | entry=118878.72 | sl=119134.68 | tp=118366.80 | pct_to_tp=0.43% | pct_to_sl=0.22%
[CLOSE] SHORT | entry=118878.72 | exit=118366.80 | reason=TP | net=+216.64 USD | equity=11048.85 USD
[OPEN]  SHORT | ts=2025-08-16 02:00:00+00:00 | entry=117643.12 | sl=117821.61 | tp=117286.14 | pct_to_tp=0.30% | pct_to_sl=0.15%
[CLOSE] SHORT | entry=117643.12 | exit=117821.61 | reason=SL | net=-110.49 USD | equity=10938.36 USD
[OPEN]  SHORT | ts=2025-08-16 04:30:00+00:00 | entry=117726.93 | sl=117841.73 | tp=117497.33 | pct_to_tp=0.20% | pct_to_sl=0.10%
[CLOSE] SHORT | entry=117726.93 | exit=117841.73 | reason=SL | net=-109.38 USD | equity=10828.97 USD
[OPEN]  SHORT | ts=2025-08-16 05:00:00+00:00 | entry=117729.40 | sl=117852.25 | tp=117483.70 | pct_to_tp=0.21% | pct_to_sl=0.10%
[CLOSE] SHORT | entry=117729.40 | exit=117483.70 | reason=TP | net=+216.58 USD | equity=11045.55 USD
[OPEN]  SHORT | ts=2025-08-16 08:00:00+00:00 | entry=117540.00 | sl=117600.66 | tp=117418.68 | pct_to_tp=0.10% | pct_to_sl=0.05%
[CLOSE] SHORT | entry=117540.00 | exit=117600.66 | reason=SL | net=-110.46 USD | equity=10935.10 USD
[OPEN]  SHORT | ts=2025-08-16 09:45:00+00:00 | entry=117312.00 | sl=117660.88 | tp=116614.24 | pct_to_tp=0.59% | pct_to_sl=0.30%
[CLOSE] SHORT | entry=117312.00 | exit=117660.88 | reason=SL | net=-109.35 USD | equity=10825.75 USD
[OPEN]  SHORT | ts=2025-08-18 02:00:00+00:00 | entry=115995.20 | sl=116339.61 | tp=115306.38 | pct_to_tp=0.59% | pct_to_sl=0.30%
[CLOSE] SHORT | entry=115995.20 | exit=115306.38 | reason=TP | net=+216.51 USD | equity=11042.26 USD
[OPEN]  SHORT | ts=2025-08-18 14:30:00+00:00 | entry=115148.39 | sl=115375.29 | tp=114694.59 | pct_to_tp=0.39% | pct_to_sl=0.20%
[CLOSE] SHORT | entry=115148.39 | exit=115375.29 | reason=SL | net=-110.42 USD | equity=10931.84 USD
[OPEN]  SHORT | ts=2025-08-19 15:45:00+00:00 | entry=113786.38 | sl=114105.76 | tp=113147.62 | pct_to_tp=0.56% | pct_to_sl=0.28%
[CLOSE] SHORT | entry=113786.38 | exit=113147.62 | reason=TP | net=+218.64 USD | equity=11150.48 USD
[OPEN]  SHORT | ts=2025-08-20 05:00:00+00:00 | entry=113520.00 | sl=113633.47 | tp=113293.06 | pct_to_tp=0.20% | pct_to_sl=0.10%
[CLOSE] SHORT | entry=113520.00 | exit=113633.47 | reason=SL | net=-111.50 USD | equity=11038.97 USD
[OPEN]  SHORT | ts=2025-08-20 06:00:00+00:00 | entry=113523.35 | sl=113734.23 | tp=113101.59 | pct_to_tp=0.37% | pct_to_sl=0.19%
[CLOSE] SHORT | entry=113523.35 | exit=113734.23 | reason=SL | net=-110.39 USD | equity=10928.58 USD
[OPEN]  SHORT | ts=2025-08-20 07:30:00+00:00 | entry=113612.01 | sl=113720.87 | tp=113394.29 | pct_to_tp=0.19% | pct_to_sl=0.10%
[CLOSE] SHORT | entry=113612.01 | exit=113720.87 | reason=SL | net=-109.29 USD | equity=10819.30 USD
[OPEN]  SHORT | ts=2025-08-20 09:00:00+00:00 | entry=113866.36 | sl=114010.01 | tp=113579.06 | pct_to_tp=0.25% | pct_to_sl=0.13%
[CLOSE] SHORT | entry=113866.36 | exit=113579.06 | reason=TP | net=+216.39 USD | equity=11035.68 USD
[OPEN]  SHORT | ts=2025-08-20 11:15:00+00:00 | entry=113460.01 | sl=113600.82 | tp=113178.39 | pct_to_tp=0.25% | pct_to_sl=0.12%
[CLOSE] SHORT | entry=113460.01 | exit=113178.39 | reason=TP | net=+220.71 USD | equity=11256.40 USD
[OPEN]  SHORT | ts=2025-08-20 12:45:00+00:00 | entry=113659.01 | sl=113870.00 | tp=113237.03 | pct_to_tp=0.37% | pct_to_sl=0.19%
[CLOSE] SHORT | entry=113659.01 | exit=113237.03 | reason=TP | net=+225.13 USD | equity=11481.52 USD
[OPEN]  SHORT | ts=2025-08-20 13:45:00+00:00 | entry=112693.15 | sl=113156.21 | tp=111767.03 | pct_to_tp=0.82% | pct_to_sl=0.41%
[CLOSE] SHORT | entry=112693.15 | exit=113156.21 | reason=SL | net=-114.82 USD | equity=11366.71 USD
[OPEN]  SHORT | ts=2025-08-22 01:00:00+00:00 | entry=112394.19 | sl=112676.56 | tp=111829.45 | pct_to_tp=0.50% | pct_to_sl=0.25%
[CLOSE] SHORT | entry=112394.19 | exit=112676.56 | reason=SL | net=-113.67 USD | equity=11253.04 USD
[OPEN]  SHORT | ts=2025-08-22 04:45:00+00:00 | entry=112847.63 | sl=113086.75 | tp=112369.39 | pct_to_tp=0.42% | pct_to_sl=0.21%
[CLOSE] SHORT | entry=112847.63 | exit=113086.75 | reason=SL | net=-112.53 USD | equity=11140.51 USD
[OPEN]  LONG | ts=2025-08-23 04:00:00+00:00 | entry=115769.59 | sl=115551.20 | tp=116206.37 | pct_to_tp=0.38% | pct_to_sl=0.19%
[CLOSE] LONG | entry=115769.59 | exit=115551.20 | reason=SL | net=-111.41 USD | equity=11029.11 USD
[OPEN]  LONG | ts=2025-08-24 02:00:00+00:00 | entry=115623.67 | sl=115419.54 | tp=116031.93 | pct_to_tp=0.35% | pct_to_sl=0.18%
[CLOSE] LONG | entry=115623.67 | exit=115419.54 | reason=SL | net=-110.29 USD | equity=10918.81 USD
[OPEN]  SHORT | ts=2025-08-25 03:45:00+00:00 | entry=112916.84 | sl=113378.82 | tp=111992.88 | pct_to_tp=0.82% | pct_to_sl=0.41%
[CLOSE] SHORT | entry=112916.84 | exit=111992.88 | reason=TP | net=+218.38 USD | equity=11137.19 USD
[OPEN]  SHORT | ts=2025-08-25 15:45:00+00:00 | entry=112200.64 | sl=112426.46 | tp=111749.00 | pct_to_tp=0.40% | pct_to_sl=0.20%
[CLOSE] SHORT | entry=112200.64 | exit=112426.46 | reason=SL | net=-111.37 USD | equity=11025.82 USD
[OPEN]  SHORT | ts=2025-08-25 16:45:00+00:00 | entry=112502.43 | sl=112797.14 | tp=111913.01 | pct_to_tp=0.52% | pct_to_sl=0.26%
[CLOSE] SHORT | entry=112502.43 | exit=112797.14 | reason=SL | net=-110.26 USD | equity=10915.56 USD
[OPEN]  SHORT | ts=2025-08-25 17:30:00+00:00 | entry=112448.88 | sl=112779.39 | tp=111787.86 | pct_to_tp=0.59% | pct_to_sl=0.29%
[CLOSE] SHORT | entry=112448.88 | exit=111787.86 | reason=TP | net=+218.31 USD | equity=11133.87 USD
[OPEN]  SHORT | ts=2025-08-25 19:30:00+00:00 | entry=111164.11 | sl=111981.46 | tp=109529.41 | pct_to_tp=1.47% | pct_to_sl=0.74%
[CLOSE] SHORT | entry=111164.11 | exit=109529.41 | reason=TP | net=+222.68 USD | equity=11356.55 USD
[OPEN]  SHORT | ts=2025-08-25 20:45:00+00:00 | entry=109561.96 | sl=110052.00 | tp=108581.88 | pct_to_tp=0.89% | pct_to_sl=0.45%
[CLOSE] SHORT | entry=109561.96 | exit=110052.00 | reason=SL | net=-113.57 USD | equity=11242.98 USD
[OPEN]  SHORT | ts=2025-08-26 13:15:00+00:00 | entry=109855.63 | sl=110200.15 | tp=109166.59 | pct_to_tp=0.63% | pct_to_sl=0.31%
[CLOSE] SHORT | entry=109855.63 | exit=110200.15 | reason=SL | net=-112.43 USD | equity=11130.55 USD
[OPEN]  SHORT | ts=2025-08-26 15:30:00+00:00 | entry=109599.99 | sl=110075.21 | tp=108649.55 | pct_to_tp=0.87% | pct_to_sl=0.43%
[CLOSE] SHORT | entry=109599.99 | exit=110075.21 | reason=SL | net=-111.31 USD | equity=11019.25 USD
[OPEN]  SHORT | ts=2025-08-26 17:00:00+00:00 | entry=109854.41 | sl=110205.68 | tp=109151.87 | pct_to_tp=0.64% | pct_to_sl=0.32%
[CLOSE] SHORT | entry=109854.41 | exit=110205.68 | reason=SL | net=-110.19 USD | equity=10909.06 USD
[OPEN]  SHORT | ts=2025-08-26 18:45:00+00:00 | entry=110695.58 | sl=110933.19 | tp=110220.36 | pct_to_tp=0.43% | pct_to_sl=0.21%
[CLOSE] SHORT | entry=110695.58 | exit=110933.19 | reason=SL | net=-109.09 USD | equity=10799.97 USD
[OPEN]  LONG | ts=2025-08-27 17:15:00+00:00 | entry=112309.16 | sl=111897.43 | tp=113132.62 | pct_to_tp=0.73% | pct_to_sl=0.37%
[CLOSE] LONG | entry=112309.16 | exit=111897.43 | reason=SL | net=-108.00 USD | equity=10691.97 USD
[OPEN]  LONG | ts=2025-08-27 20:30:00+00:00 | entry=112329.18 | sl=112004.80 | tp=112977.94 | pct_to_tp=0.58% | pct_to_sl=0.29%
[CLOSE] LONG | entry=112329.18 | exit=112004.80 | reason=SL | net=-106.92 USD | equity=10585.05 USD
[OPEN]  SHORT | ts=2025-08-29 13:15:00+00:00 | entry=110503.36 | sl=110704.00 | tp=110102.08 | pct_to_tp=0.36% | pct_to_sl=0.18%
[CLOSE] SHORT | entry=110503.36 | exit=110102.08 | reason=TP | net=+211.70 USD | equity=10796.75 USD
[OPEN]  SHORT | ts=2025-08-29 13:45:00+00:00 | entry=109106.14 | sl=109726.43 | tp=107865.56 | pct_to_tp=1.14% | pct_to_sl=0.57%
[CLOSE] SHORT | entry=109106.14 | exit=107865.56 | reason=TP | net=+215.93 USD | equity=11012.68 USD
[OPEN]  SHORT | ts=2025-08-30 05:00:00+00:00 | entry=108248.06 | sl=108480.71 | tp=107782.76 | pct_to_tp=0.43% | pct_to_sl=0.21%
[CLOSE] SHORT | entry=108248.06 | exit=108480.71 | reason=SL | net=-110.13 USD | equity=10902.56 USD
[OPEN]  SHORT | ts=2025-08-30 08:30:00+00:00 | entry=108604.22 | sl=108727.26 | tp=108358.14 | pct_to_tp=0.23% | pct_to_sl=0.11%
[CLOSE] SHORT | entry=108604.22 | exit=108358.14 | reason=TP | net=+218.05 USD | equity=11120.61 USD
[OPEN]  SHORT | ts=2025-08-30 13:00:00+00:00 | entry=108275.14 | sl=108614.86 | tp=107595.70 | pct_to_tp=0.63% | pct_to_sl=0.31%
[CLOSE] SHORT | entry=108275.14 | exit=108614.86 | reason=SL | net=-111.21 USD | equity=11009.40 USD
[OPEN]  SHORT | ts=2025-09-01 02:00:00+00:00 | entry=107970.59 | sl=108197.67 | tp=107516.43 | pct_to_tp=0.42% | pct_to_sl=0.21%
[CLOSE] SHORT | entry=107970.59 | exit=107516.43 | reason=TP | net=+220.19 USD | equity=11229.59 USD
[OPEN]  LONG | ts=2025-09-02 14:15:00+00:00 | entry=111483.87 | sl=110817.10 | tp=112817.41 | pct_to_tp=1.20% | pct_to_sl=0.60%
[CLOSE] LONG | entry=111483.87 | exit=110817.10 | reason=SL | net=-112.30 USD | equity=11117.29 USD
[OPEN]  LONG | ts=2025-09-02 20:00:00+00:00 | entry=111195.99 | sl=110716.77 | tp=112154.43 | pct_to_tp=0.86% | pct_to_sl=0.43%
[CLOSE] LONG | entry=111195.99 | exit=110716.77 | reason=SL | net=-111.17 USD | equity=11006.12 USD
[OPEN]  LONG | ts=2025-09-03 13:00:00+00:00 | entry=111346.12 | sl=111065.56 | tp=111907.24 | pct_to_tp=0.50% | pct_to_sl=0.25%
[CLOSE] LONG | entry=111346.12 | exit=111907.24 | reason=TP | net=+220.12 USD | equity=11226.24 USD
[OPEN]  LONG | ts=2025-09-03 15:30:00+00:00 | entry=112320.01 | sl=111931.35 | tp=113097.33 | pct_to_tp=0.69% | pct_to_sl=0.35%
[CLOSE] LONG | entry=112320.01 | exit=111931.35 | reason=SL | net=-112.26 USD | equity=11113.98 USD
[OPEN]  LONG | ts=2025-09-03 22:00:00+00:00 | entry=112096.27 | sl=111980.24 | tp=112328.33 | pct_to_tp=0.21% | pct_to_sl=0.10%
[CLOSE] LONG | entry=112096.27 | exit=111980.24 | reason=SL | net=-111.14 USD | equity=11002.84 USD
[OPEN]  LONG | ts=2025-09-08 22:00:00+00:00 | entry=112443.98 | sl=112326.45 | tp=112679.04 | pct_to_tp=0.21% | pct_to_sl=0.10%
[CLOSE] LONG | entry=112443.98 | exit=112326.45 | reason=SL | net=-110.03 USD | equity=10892.81 USD
[OPEN]  LONG | ts=2025-09-09 07:15:00+00:00 | entry=113232.00 | sl=113001.90 | tp=113692.20 | pct_to_tp=0.41% | pct_to_sl=0.20%
[CLOSE] LONG | entry=113232.00 | exit=113001.90 | reason=SL | net=-108.93 USD | equity=10783.88 USD
[OPEN]  LONG | ts=2025-09-11 10:00:00+00:00 | entry=113961.99 | sl=113895.29 | tp=114095.39 | pct_to_tp=0.12% | pct_to_sl=0.06%
[CLOSE] LONG | entry=113961.99 | exit=113895.29 | reason=SL | net=-107.84 USD | equity=10676.04 USD
[OPEN]  LONG | ts=2025-09-11 13:15:00+00:00 | entry=113719.28 | sl=113430.00 | tp=114297.84 | pct_to_tp=0.51% | pct_to_sl=0.25%
[CLOSE] LONG | entry=113719.28 | exit=114297.84 | reason=TP | net=+213.52 USD | equity=10889.57 USD
[OPEN]  LONG | ts=2025-09-11 14:30:00+00:00 | entry=114534.60 | sl=114110.33 | tp=115383.14 | pct_to_tp=0.74% | pct_to_sl=0.37%
[CLOSE] LONG | entry=114534.60 | exit=114110.33 | reason=SL | net=-108.90 USD | equity=10780.67 USD
[OPEN]  LONG | ts=2025-09-11 17:30:00+00:00 | entry=114580.00 | sl=114459.64 | tp=114820.72 | pct_to_tp=0.21% | pct_to_sl=0.11%
[CLOSE] LONG | entry=114580.00 | exit=114459.64 | reason=SL | net=-107.81 USD | equity=10672.86 USD
[OPEN]  LONG | ts=2025-09-11 19:30:00+00:00 | entry=114399.85 | sl=114335.77 | tp=114528.01 | pct_to_tp=0.11% | pct_to_sl=0.06%
[CLOSE] LONG | entry=114399.85 | exit=114335.77 | reason=SL | net=-106.73 USD | equity=10566.13 USD
[OPEN]  LONG | ts=2025-09-11 20:45:00+00:00 | entry=114395.99 | sl=114279.59 | tp=114628.79 | pct_to_tp=0.20% | pct_to_sl=0.10%
[CLOSE] LONG | entry=114395.99 | exit=114628.79 | reason=TP | net=+211.32 USD | equity=10777.46 USD
[OPEN]  LONG | ts=2025-09-11 23:00:00+00:00 | entry=115368.23 | sl=115084.00 | tp=115936.69 | pct_to_tp=0.49% | pct_to_sl=0.25%
[CLOSE] LONG | entry=115368.23 | exit=115936.69 | reason=TP | net=+215.55 USD | equity=10993.01 USD
[OPEN]  LONG | ts=2025-09-12 09:45:00+00:00 | entry=115048.01 | sl=114908.75 | tp=115326.53 | pct_to_tp=0.24% | pct_to_sl=0.12%
[CLOSE] LONG | entry=115048.01 | exit=114908.75 | reason=SL | net=-109.93 USD | equity=10883.08 USD
[OPEN]  LONG | ts=2025-09-12 11:15:00+00:00 | entry=115121.65 | sl=114904.58 | tp=115555.79 | pct_to_tp=0.38% | pct_to_sl=0.19%
[CLOSE] LONG | entry=115121.65 | exit=114904.58 | reason=SL | net=-108.83 USD | equity=10774.25 USD
[OPEN]  LONG | ts=2025-09-12 12:15:00+00:00 | entry=115126.66 | sl=114819.81 | tp=115740.36 | pct_to_tp=0.53% | pct_to_sl=0.27%
[CLOSE] LONG | entry=115126.66 | exit=115740.36 | reason=TP | net=+215.48 USD | equity=10989.73 USD
[OPEN]  LONG | ts=2025-09-17 05:00:00+00:00 | entry=116559.15 | sl=116313.49 | tp=117050.47 | pct_to_tp=0.42% | pct_to_sl=0.21%
[CLOSE] LONG | entry=116559.15 | exit=117050.47 | reason=TP | net=+219.79 USD | equity=11209.52 USD
[OPEN]  SHORT | ts=2025-09-17 18:30:00+00:00 | entry=114902.33 | sl=115965.89 | tp=112775.21 | pct_to_tp=1.85% | pct_to_sl=0.93%
[CLOSE] SHORT | entry=114902.33 | exit=115965.89 | reason=SL | net=-112.10 USD | equity=11097.43 USD
[OPEN]  LONG | ts=2025-09-18 13:00:00+00:00 | entry=117386.85 | sl=117062.34 | tp=118035.87 | pct_to_tp=0.55% | pct_to_sl=0.28%
[CLOSE] LONG | entry=117386.85 | exit=117062.34 | reason=SL | net=-110.97 USD | equity=10986.46 USD
[OPEN]  LONG | ts=2025-09-18 20:30:00+00:00 | entry=117652.83 | sl=117501.44 | tp=117955.61 | pct_to_tp=0.26% | pct_to_sl=0.13%
[CLOSE] LONG | entry=117652.83 | exit=117501.44 | reason=SL | net=-109.86 USD | equity=10876.59 USD
[OPEN]  LONG | ts=2025-09-18 21:15:00+00:00 | entry=117437.98 | sl=117304.11 | tp=117705.72 | pct_to_tp=0.23% | pct_to_sl=0.11%
[CLOSE] LONG | entry=117437.98 | exit=117304.11 | reason=SL | net=-108.77 USD | equity=10767.82 USD
[OPEN]  SHORT | ts=2025-09-19 15:00:00+00:00 | entry=115519.82 | sl=115900.00 | tp=114759.46 | pct_to_tp=0.66% | pct_to_sl=0.33%
[CLOSE] SHORT | entry=115519.82 | exit=115900.00 | reason=SL | net=-107.68 USD | equity=10660.15 USD
[OPEN]  SHORT | ts=2025-09-22 01:45:00+00:00 | entry=114273.45 | sl=114670.94 | tp=113478.47 | pct_to_tp=0.70% | pct_to_sl=0.35%
[CLOSE] SHORT | entry=114273.45 | exit=113478.47 | reason=TP | net=+213.20 USD | equity=10873.35 USD
[OPEN]  SHORT | ts=2025-09-22 22:00:00+00:00 | entry=112753.48 | sl=112970.00 | tp=112320.44 | pct_to_tp=0.38% | pct_to_sl=0.19%
[CLOSE] SHORT | entry=112753.48 | exit=112320.44 | reason=TP | net=+217.47 USD | equity=11090.82 USD
[OPEN]  SHORT | ts=2025-09-23 01:30:00+00:00 | entry=112266.00 | sl=112498.51 | tp=111800.98 | pct_to_tp=0.41% | pct_to_sl=0.21%
[CLOSE] SHORT | entry=112266.00 | exit=111800.98 | reason=TP | net=+221.82 USD | equity=11312.63 USD
[OPEN]  LONG | ts=2025-09-24 22:00:00+00:00 | entry=113639.01 | sl=113339.63 | tp=114237.77 | pct_to_tp=0.53% | pct_to_sl=0.26%
[CLOSE] LONG | entry=113639.01 | exit=113339.63 | reason=SL | net=-113.13 USD | equity=11199.51 USD
[OPEN]  SHORT | ts=2025-09-25 10:30:00+00:00 | entry=111612.98 | sl=111819.00 | tp=111200.94 | pct_to_tp=0.37% | pct_to_sl=0.18%
[CLOSE] SHORT | entry=111612.98 | exit=111200.94 | reason=TP | net=+223.99 USD | equity=11423.50 USD
[OPEN]  SHORT | ts=2025-09-25 17:00:00+00:00 | entry=110160.00 | sl=110968.40 | tp=108543.20 | pct_to_tp=1.47% | pct_to_sl=0.73%
[CLOSE] SHORT | entry=110160.00 | exit=109472.13 | reason=END | net=+97.20 USD | equity=11520.70 USD

============================================================
SUMMARY — OUT_OF_SAMPLE
============================================================
Total trades       : 264
  Long             : 139
  Short            : 125
Win rate           : 35.6%
Total return       : 15.21%
Final equity       : 11520.7 USD
Max drawdown       : 15.44%
Profit factor      : 1.089
Expectancy         : 5.76 USD/trade
Max consec. losses : 7
Long PnL           : 262.55 USD
Short PnL          : 1258.15 USD

Monthly breakdown:
  2025-03  trades=  6  win%= 16.7  net=  -299.90 USD
  2025-04  trades= 39  win%= 23.1  net= -1125.11 USD
  2025-05  trades= 48  win%= 39.6  net=  +758.79 USD
  2025-06  trades= 41  win%= 36.6  net=  +339.53 USD
  2025-07  trades= 34  win%= 38.2  net=  +459.19 USD
  2025-08  trades= 66  win%= 37.9  net=  +876.91 USD
  2025-09  trades= 30  win%= 40.0  net=  +511.30 USD
============================================================

Filter rejections:
  No trend signal  : 0
  Efficiency (ER)  : 7458
  Trend strength   : 2394
  Pullback quality : 4419
  Candle quality   : 373
  Range floor      : 18
