
============================================================
EXP005-v2  |  SOL  |  IN-SAMPLE
Strategy   : EXP002-v2 (unchanged)
1h data    : data/SOLUSDT_1h_last_200d.csv
15m data   : data/SOLUSDT_15m_last_180d.csv
============================================================

[OPEN]  SHORT | ts=2025-09-26 14:00:00+00:00 | entry=195.92 | sl=197.36 | tp=193.04 | pct_to_tp=1.47% | pct_to_sl=0.73%
[CLOSE] SHORT | entry=195.92 | exit=197.36 | reason=SL | net=-100.00 USD | equity=9900.00 USD
[OPEN]  LONG | ts=2025-09-29 17:45:00+00:00 | entry=210.19 | sl=209.17 | tp=212.23 | pct_to_tp=0.97% | pct_to_sl=0.49%
[CLOSE] LONG | entry=210.19 | exit=209.17 | reason=SL | net=-99.00 USD | equity=9801.00 USD
[OPEN]  LONG | ts=2025-10-02 15:15:00+00:00 | entry=226.15 | sl=224.69 | tp=229.07 | pct_to_tp=1.29% | pct_to_sl=0.65%
[CLOSE] LONG | entry=226.15 | exit=229.07 | reason=TP | net=+196.02 USD | equity=9997.02 USD
[OPEN]  LONG | ts=2025-10-02 16:45:00+00:00 | entry=228.00 | sl=226.86 | tp=230.28 | pct_to_tp=1.00% | pct_to_sl=0.50%
[CLOSE] LONG | entry=228.00 | exit=230.28 | reason=TP | net=+199.94 USD | equity=10196.96 USD
[OPEN]  LONG | ts=2025-10-03 08:30:00+00:00 | entry=230.29 | sl=229.20 | tp=232.47 | pct_to_tp=0.95% | pct_to_sl=0.47%
[CLOSE] LONG | entry=230.29 | exit=229.20 | reason=SL | net=-101.97 USD | equity=10094.99 USD
[OPEN]  LONG | ts=2025-10-03 13:15:00+00:00 | entry=230.45 | sl=228.89 | tp=233.57 | pct_to_tp=1.35% | pct_to_sl=0.68%
[CLOSE] LONG | entry=230.45 | exit=228.89 | reason=SL | net=-100.95 USD | equity=9994.04 USD
[OPEN]  LONG | ts=2025-10-03 14:45:00+00:00 | entry=230.49 | sl=229.33 | tp=232.81 | pct_to_tp=1.01% | pct_to_sl=0.50%
[CLOSE] LONG | entry=230.49 | exit=232.81 | reason=TP | net=+199.88 USD | equity=10193.92 USD
[OPEN]  LONG | ts=2025-10-03 15:45:00+00:00 | entry=234.79 | sl=233.06 | tp=238.25 | pct_to_tp=1.47% | pct_to_sl=0.74%
[CLOSE] LONG | entry=234.79 | exit=233.06 | reason=SL | net=-101.94 USD | equity=10091.98 USD
[OPEN]  LONG | ts=2025-10-03 18:15:00+00:00 | entry=233.12 | sl=230.75 | tp=237.86 | pct_to_tp=2.03% | pct_to_sl=1.02%
[CLOSE] LONG | entry=233.12 | exit=230.75 | reason=SL | net=-100.92 USD | equity=9991.06 USD
[OPEN]  LONG | ts=2025-10-05 11:15:00+00:00 | entry=232.33 | sl=230.85 | tp=235.29 | pct_to_tp=1.27% | pct_to_sl=0.64%
[CLOSE] LONG | entry=232.33 | exit=230.85 | reason=SL | net=-99.91 USD | equity=9891.15 USD
[OPEN]  LONG | ts=2025-10-06 05:15:00+00:00 | entry=231.45 | sl=230.17 | tp=234.01 | pct_to_tp=1.11% | pct_to_sl=0.55%
[CLOSE] LONG | entry=231.45 | exit=234.01 | reason=TP | net=+197.82 USD | equity=10088.98 USD
[OPEN]  LONG | ts=2025-10-06 08:00:00+00:00 | entry=232.62 | sl=231.37 | tp=235.12 | pct_to_tp=1.07% | pct_to_sl=0.54%
[CLOSE] LONG | entry=232.62 | exit=235.12 | reason=TP | net=+201.78 USD | equity=10290.75 USD
[OPEN]  SHORT | ts=2025-10-07 14:00:00+00:00 | entry=225.10 | sl=228.15 | tp=219.00 | pct_to_tp=2.71% | pct_to_sl=1.35%
[CLOSE] SHORT | entry=225.10 | exit=219.00 | reason=TP | net=+205.82 USD | equity=10496.57 USD
[OPEN]  SHORT | ts=2025-10-08 13:30:00+00:00 | entry=219.98 | sl=222.05 | tp=215.84 | pct_to_tp=1.88% | pct_to_sl=0.94%
[CLOSE] SHORT | entry=219.98 | exit=222.05 | reason=SL | net=-104.97 USD | equity=10391.60 USD
[OPEN]  SHORT | ts=2025-10-09 14:15:00+00:00 | entry=221.10 | sl=223.19 | tp=216.92 | pct_to_tp=1.89% | pct_to_sl=0.95%
[CLOSE] SHORT | entry=221.10 | exit=216.92 | reason=TP | net=+207.83 USD | equity=10599.44 USD
[OPEN]  SHORT | ts=2025-10-10 01:30:00+00:00 | entry=220.97 | sl=222.09 | tp=218.73 | pct_to_tp=1.01% | pct_to_sl=0.51%
[CLOSE] SHORT | entry=220.97 | exit=222.09 | reason=SL | net=-105.99 USD | equity=10493.44 USD
[OPEN]  SHORT | ts=2025-10-10 06:45:00+00:00 | entry=219.39 | sl=221.40 | tp=215.37 | pct_to_tp=1.83% | pct_to_sl=0.92%
[CLOSE] SHORT | entry=219.39 | exit=221.40 | reason=SL | net=-104.93 USD | equity=10388.51 USD
[OPEN]  LONG | ts=2025-10-12 12:00:00+00:00 | entry=182.20 | sl=180.80 | tp=185.00 | pct_to_tp=1.54% | pct_to_sl=0.77%
[CLOSE] LONG | entry=182.20 | exit=180.80 | reason=SL | net=-103.89 USD | equity=10284.62 USD
[OPEN]  LONG | ts=2025-10-12 15:00:00+00:00 | entry=189.33 | sl=185.57 | tp=196.85 | pct_to_tp=3.97% | pct_to_sl=1.99%
[CLOSE] LONG | entry=189.33 | exit=196.85 | reason=TP | net=+205.69 USD | equity=10490.31 USD
[OPEN]  LONG | ts=2025-10-13 07:00:00+00:00 | entry=198.27 | sl=196.48 | tp=201.85 | pct_to_tp=1.81% | pct_to_sl=0.90%
[CLOSE] LONG | entry=198.27 | exit=196.48 | reason=SL | net=-104.90 USD | equity=10385.41 USD
[OPEN]  LONG | ts=2025-10-14 18:00:00+00:00 | entry=203.65 | sl=201.38 | tp=208.19 | pct_to_tp=2.23% | pct_to_sl=1.11%
[CLOSE] LONG | entry=203.65 | exit=201.38 | reason=SL | net=-103.85 USD | equity=10281.56 USD
[OPEN]  LONG | ts=2025-10-15 04:15:00+00:00 | entry=202.24 | sl=201.21 | tp=204.30 | pct_to_tp=1.02% | pct_to_sl=0.51%
[CLOSE] LONG | entry=202.24 | exit=204.30 | reason=TP | net=+205.63 USD | equity=10487.19 USD
[OPEN]  LONG | ts=2025-10-15 07:45:00+00:00 | entry=204.66 | sl=203.22 | tp=207.54 | pct_to_tp=1.41% | pct_to_sl=0.70%
[CLOSE] LONG | entry=204.66 | exit=207.54 | reason=TP | net=+209.74 USD | equity=10696.93 USD
[OPEN]  LONG | ts=2025-10-15 12:30:00+00:00 | entry=202.97 | sl=201.77 | tp=205.37 | pct_to_tp=1.18% | pct_to_sl=0.59%
[CLOSE] LONG | entry=202.97 | exit=201.77 | reason=SL | net=-106.97 USD | equity=10589.96 USD
[OPEN]  SHORT | ts=2025-10-15 15:30:00+00:00 | entry=197.21 | sl=199.12 | tp=193.39 | pct_to_tp=1.94% | pct_to_sl=0.97%
[CLOSE] SHORT | entry=197.21 | exit=193.39 | reason=TP | net=+211.80 USD | equity=10801.76 USD
[OPEN]  SHORT | ts=2025-10-16 11:15:00+00:00 | entry=195.02 | sl=196.23 | tp=192.60 | pct_to_tp=1.24% | pct_to_sl=0.62%
[CLOSE] SHORT | entry=195.02 | exit=196.23 | reason=SL | net=-108.02 USD | equity=10693.74 USD
[OPEN]  LONG | ts=2025-10-16 14:30:00+00:00 | entry=196.12 | sl=192.72 | tp=202.92 | pct_to_tp=3.47% | pct_to_sl=1.73%
[CLOSE] LONG | entry=196.12 | exit=192.72 | reason=SL | net=-106.94 USD | equity=10586.81 USD
[OPEN]  SHORT | ts=2025-10-17 19:30:00+00:00 | entry=181.94 | sl=182.94 | tp=179.94 | pct_to_tp=1.10% | pct_to_sl=0.55%
[CLOSE] SHORT | entry=181.94 | exit=182.94 | reason=SL | net=-105.87 USD | equity=10480.94 USD
[OPEN]  LONG | ts=2025-10-17 21:00:00+00:00 | entry=185.42 | sl=183.46 | tp=189.34 | pct_to_tp=2.11% | pct_to_sl=1.06%
[CLOSE] LONG | entry=185.42 | exit=183.46 | reason=SL | net=-104.81 USD | equity=10376.13 USD
[OPEN]  LONG | ts=2025-10-18 01:00:00+00:00 | entry=183.71 | sl=182.66 | tp=185.81 | pct_to_tp=1.14% | pct_to_sl=0.57%
[CLOSE] LONG | entry=183.71 | exit=185.81 | reason=TP | net=+207.52 USD | equity=10583.65 USD
[OPEN]  SHORT | ts=2025-10-21 12:45:00+00:00 | entry=186.48 | sl=187.63 | tp=184.18 | pct_to_tp=1.23% | pct_to_sl=0.62%
[CLOSE] SHORT | entry=186.48 | exit=184.18 | reason=TP | net=+211.67 USD | equity=10795.33 USD
[OPEN]  LONG | ts=2025-10-21 15:30:00+00:00 | entry=196.73 | sl=193.55 | tp=203.09 | pct_to_tp=3.23% | pct_to_sl=1.62%
[CLOSE] LONG | entry=196.73 | exit=193.55 | reason=SL | net=-107.95 USD | equity=10687.37 USD
[OPEN]  SHORT | ts=2025-10-22 14:00:00+00:00 | entry=185.00 | sl=186.65 | tp=181.70 | pct_to_tp=1.78% | pct_to_sl=0.89%
[CLOSE] SHORT | entry=185.00 | exit=181.70 | reason=TP | net=+213.75 USD | equity=10901.12 USD
[OPEN]  SHORT | ts=2025-10-22 15:00:00+00:00 | entry=183.80 | sl=186.04 | tp=179.32 | pct_to_tp=2.44% | pct_to_sl=1.22%
[CLOSE] SHORT | entry=183.80 | exit=179.32 | reason=TP | net=+218.02 USD | equity=11119.14 USD
[OPEN]  LONG | ts=2025-10-26 09:15:00+00:00 | entry=196.10 | sl=193.96 | tp=200.38 | pct_to_tp=2.18% | pct_to_sl=1.09%
[CLOSE] LONG | entry=196.10 | exit=200.38 | reason=TP | net=+222.38 USD | equity=11341.52 USD
[OPEN]  LONG | ts=2025-10-26 22:30:00+00:00 | entry=199.82 | sl=198.62 | tp=202.22 | pct_to_tp=1.20% | pct_to_sl=0.60%
[CLOSE] LONG | entry=199.82 | exit=202.22 | reason=TP | net=+226.83 USD | equity=11568.36 USD
[OPEN]  LONG | ts=2025-10-27 11:30:00+00:00 | entry=200.42 | sl=199.15 | tp=202.96 | pct_to_tp=1.27% | pct_to_sl=0.63%
[CLOSE] LONG | entry=200.42 | exit=199.15 | reason=SL | net=-115.68 USD | equity=11452.67 USD
[OPEN]  LONG | ts=2025-10-28 07:00:00+00:00 | entry=202.29 | sl=200.69 | tp=205.49 | pct_to_tp=1.58% | pct_to_sl=0.79%
[CLOSE] LONG | entry=202.29 | exit=200.69 | reason=SL | net=-114.53 USD | equity=11338.14 USD
[OPEN]  LONG | ts=2025-10-28 13:00:00+00:00 | entry=201.41 | sl=200.14 | tp=203.95 | pct_to_tp=1.26% | pct_to_sl=0.63%
[CLOSE] LONG | entry=201.41 | exit=200.14 | reason=SL | net=-113.38 USD | equity=11224.76 USD
[OPEN]  SHORT | ts=2025-10-28 15:30:00+00:00 | entry=198.48 | sl=199.60 | tp=196.24 | pct_to_tp=1.13% | pct_to_sl=0.56%
[CLOSE] SHORT | entry=198.48 | exit=199.60 | reason=SL | net=-112.25 USD | equity=11112.52 USD
[OPEN]  SHORT | ts=2025-10-28 20:00:00+00:00 | entry=193.62 | sl=195.36 | tp=190.14 | pct_to_tp=1.80% | pct_to_sl=0.90%
[CLOSE] SHORT | entry=193.62 | exit=195.36 | reason=SL | net=-111.13 USD | equity=11001.39 USD
[OPEN]  SHORT | ts=2025-10-29 08:00:00+00:00 | entry=194.59 | sl=195.73 | tp=192.31 | pct_to_tp=1.17% | pct_to_sl=0.59%
[CLOSE] SHORT | entry=194.59 | exit=195.73 | reason=SL | net=-110.01 USD | equity=10891.38 USD
[OPEN]  SHORT | ts=2025-10-29 19:30:00+00:00 | entry=192.02 | sl=194.10 | tp=187.86 | pct_to_tp=2.17% | pct_to_sl=1.08%
[CLOSE] SHORT | entry=192.02 | exit=194.10 | reason=SL | net=-108.91 USD | equity=10782.46 USD
[OPEN]  SHORT | ts=2025-10-30 04:00:00+00:00 | entry=194.16 | sl=197.18 | tp=188.12 | pct_to_tp=3.11% | pct_to_sl=1.56%
[CLOSE] SHORT | entry=194.16 | exit=188.12 | reason=TP | net=+215.65 USD | equity=10998.11 USD
[OPEN]  SHORT | ts=2025-10-31 02:00:00+00:00 | entry=184.65 | sl=186.30 | tp=181.35 | pct_to_tp=1.79% | pct_to_sl=0.89%
[CLOSE] SHORT | entry=184.65 | exit=186.30 | reason=SL | net=-109.98 USD | equity=10888.13 USD
[OPEN]  SHORT | ts=2025-11-01 13:30:00+00:00 | entry=185.10 | sl=186.24 | tp=182.82 | pct_to_tp=1.23% | pct_to_sl=0.62%
[CLOSE] SHORT | entry=185.10 | exit=186.24 | reason=SL | net=-108.88 USD | equity=10779.25 USD
[OPEN]  LONG | ts=2025-11-03 00:00:00+00:00 | entry=188.78 | sl=187.47 | tp=191.40 | pct_to_tp=1.39% | pct_to_sl=0.69%
[CLOSE] LONG | entry=188.78 | exit=187.47 | reason=SL | net=-107.79 USD | equity=10671.46 USD
[OPEN]  SHORT | ts=2025-11-04 15:00:00+00:00 | entry=162.88 | sl=165.08 | tp=158.48 | pct_to_tp=2.70% | pct_to_sl=1.35%
[CLOSE] SHORT | entry=162.88 | exit=165.08 | reason=SL | net=-106.71 USD | equity=10564.74 USD
[OPEN]  SHORT | ts=2025-11-04 15:45:00+00:00 | entry=161.50 | sl=163.30 | tp=157.90 | pct_to_tp=2.23% | pct_to_sl=1.11%
[CLOSE] SHORT | entry=161.50 | exit=157.90 | reason=TP | net=+211.29 USD | equity=10776.04 USD
[OPEN]  SHORT | ts=2025-11-05 04:15:00+00:00 | entry=155.83 | sl=156.92 | tp=153.65 | pct_to_tp=1.40% | pct_to_sl=0.70%
[CLOSE] SHORT | entry=155.83 | exit=156.92 | reason=SL | net=-107.76 USD | equity=10668.28 USD
[OPEN]  SHORT | ts=2025-11-05 07:00:00+00:00 | entry=157.01 | sl=158.11 | tp=154.81 | pct_to_tp=1.40% | pct_to_sl=0.70%
[CLOSE] SHORT | entry=157.01 | exit=154.81 | reason=TP | net=+213.37 USD | equity=10881.64 USD
[OPEN]  SHORT | ts=2025-11-06 15:30:00+00:00 | entry=155.60 | sl=157.81 | tp=151.18 | pct_to_tp=2.84% | pct_to_sl=1.42%
[CLOSE] SHORT | entry=155.60 | exit=157.81 | reason=SL | net=-108.82 USD | equity=10772.83 USD
[OPEN]  SHORT | ts=2025-11-07 02:15:00+00:00 | entry=156.20 | sl=157.38 | tp=153.84 | pct_to_tp=1.51% | pct_to_sl=0.76%
[CLOSE] SHORT | entry=156.20 | exit=157.38 | reason=SL | net=-107.73 USD | equity=10665.10 USD
[OPEN]  SHORT | ts=2025-11-07 04:00:00+00:00 | entry=155.80 | sl=157.08 | tp=153.24 | pct_to_tp=1.64% | pct_to_sl=0.82%
[CLOSE] SHORT | entry=155.80 | exit=157.08 | reason=SL | net=-106.65 USD | equity=10558.45 USD
[OPEN]  SHORT | ts=2025-11-07 09:15:00+00:00 | entry=155.07 | sl=156.87 | tp=151.47 | pct_to_tp=2.32% | pct_to_sl=1.16%
[CLOSE] SHORT | entry=155.07 | exit=151.47 | reason=TP | net=+211.17 USD | equity=10769.62 USD
[OPEN]  SHORT | ts=2025-11-07 16:00:00+00:00 | entry=154.55 | sl=155.71 | tp=152.23 | pct_to_tp=1.50% | pct_to_sl=0.75%
[CLOSE] SHORT | entry=154.55 | exit=155.71 | reason=SL | net=-107.70 USD | equity=10661.92 USD
[OPEN]  SHORT | ts=2025-11-09 02:30:00+00:00 | entry=156.25 | sl=157.30 | tp=154.15 | pct_to_tp=1.34% | pct_to_sl=0.67%
[CLOSE] SHORT | entry=156.25 | exit=157.30 | reason=SL | net=-106.62 USD | equity=10555.30 USD
[OPEN]  LONG | ts=2025-11-10 17:30:00+00:00 | entry=168.15 | sl=166.80 | tp=170.85 | pct_to_tp=1.61% | pct_to_sl=0.80%
[CLOSE] LONG | entry=168.15 | exit=166.80 | reason=SL | net=-105.55 USD | equity=10449.75 USD
[OPEN]  LONG | ts=2025-11-10 20:30:00+00:00 | entry=168.09 | sl=166.85 | tp=170.57 | pct_to_tp=1.48% | pct_to_sl=0.74%
[CLOSE] LONG | entry=168.09 | exit=166.85 | reason=SL | net=-104.50 USD | equity=10345.25 USD
[OPEN]  LONG | ts=2025-11-11 02:15:00+00:00 | entry=168.64 | sl=167.31 | tp=171.30 | pct_to_tp=1.58% | pct_to_sl=0.79%
[CLOSE] LONG | entry=168.64 | exit=171.30 | reason=TP | net=+206.91 USD | equity=10552.16 USD
[OPEN]  SHORT | ts=2025-11-14 18:30:00+00:00 | entry=141.03 | sl=142.42 | tp=138.25 | pct_to_tp=1.97% | pct_to_sl=0.99%
[CLOSE] SHORT | entry=141.03 | exit=142.42 | reason=SL | net=-105.52 USD | equity=10446.63 USD
[OPEN]  SHORT | ts=2025-11-14 20:15:00+00:00 | entry=141.84 | sl=142.91 | tp=139.70 | pct_to_tp=1.51% | pct_to_sl=0.75%
[CLOSE] SHORT | entry=141.84 | exit=139.70 | reason=TP | net=+208.93 USD | equity=10655.57 USD
[OPEN]  SHORT | ts=2025-11-16 15:45:00+00:00 | entry=137.48 | sl=139.69 | tp=133.06 | pct_to_tp=3.22% | pct_to_sl=1.61%
[CLOSE] SHORT | entry=137.48 | exit=139.69 | reason=SL | net=-106.56 USD | equity=10549.01 USD
[OPEN]  SHORT | ts=2025-11-17 16:00:00+00:00 | entry=135.12 | sl=137.21 | tp=130.94 | pct_to_tp=3.09% | pct_to_sl=1.55%
[CLOSE] SHORT | entry=135.12 | exit=130.94 | reason=TP | net=+210.98 USD | equity=10759.99 USD
[OPEN]  SHORT | ts=2025-11-18 04:00:00+00:00 | entry=133.25 | sl=134.80 | tp=130.15 | pct_to_tp=2.33% | pct_to_sl=1.16%
[CLOSE] SHORT | entry=133.25 | exit=134.80 | reason=SL | net=-107.60 USD | equity=10652.39 USD
[OPEN]  LONG | ts=2025-11-18 08:30:00+00:00 | entry=138.01 | sl=136.96 | tp=140.11 | pct_to_tp=1.52% | pct_to_sl=0.76%
[CLOSE] LONG | entry=138.01 | exit=136.96 | reason=SL | net=-106.52 USD | equity=10545.87 USD
[OPEN]  LONG | ts=2025-11-19 01:15:00+00:00 | entry=141.39 | sl=140.23 | tp=143.71 | pct_to_tp=1.64% | pct_to_sl=0.82%
[CLOSE] LONG | entry=141.39 | exit=140.23 | reason=SL | net=-105.46 USD | equity=10440.41 USD
[OPEN]  LONG | ts=2025-11-19 07:30:00+00:00 | entry=140.54 | sl=139.23 | tp=143.16 | pct_to_tp=1.86% | pct_to_sl=0.93%
[CLOSE] LONG | entry=140.54 | exit=139.23 | reason=SL | net=-104.40 USD | equity=10336.00 USD
[OPEN]  SHORT | ts=2025-11-19 13:30:00+00:00 | entry=137.82 | sl=138.93 | tp=135.60 | pct_to_tp=1.61% | pct_to_sl=0.81%
[CLOSE] SHORT | entry=137.82 | exit=138.93 | reason=SL | net=-103.36 USD | equity=10232.64 USD
[OPEN]  LONG | ts=2025-11-20 14:15:00+00:00 | entry=141.01 | sl=139.04 | tp=144.95 | pct_to_tp=2.79% | pct_to_sl=1.40%
[CLOSE] LONG | entry=141.01 | exit=139.04 | reason=SL | net=-102.33 USD | equity=10130.32 USD
[OPEN]  SHORT | ts=2025-11-21 18:00:00+00:00 | entry=127.11 | sl=129.43 | tp=122.47 | pct_to_tp=3.65% | pct_to_sl=1.83%
[CLOSE] SHORT | entry=127.11 | exit=129.43 | reason=SL | net=-101.30 USD | equity=10029.01 USD
[OPEN]  SHORT | ts=2025-11-21 19:30:00+00:00 | entry=128.11 | sl=129.72 | tp=124.89 | pct_to_tp=2.51% | pct_to_sl=1.26%
[CLOSE] SHORT | entry=128.11 | exit=129.72 | reason=SL | net=-100.29 USD | equity=9928.72 USD
[OPEN]  SHORT | ts=2025-11-22 02:00:00+00:00 | entry=128.60 | sl=129.63 | tp=126.54 | pct_to_tp=1.60% | pct_to_sl=0.80%
[CLOSE] SHORT | entry=128.60 | exit=126.54 | reason=TP | net=+198.57 USD | equity=10127.30 USD
[OPEN]  SHORT | ts=2025-11-22 08:15:00+00:00 | entry=126.30 | sl=127.32 | tp=124.26 | pct_to_tp=1.62% | pct_to_sl=0.81%
[CLOSE] SHORT | entry=126.30 | exit=127.32 | reason=SL | net=-101.27 USD | equity=10026.03 USD
[OPEN]  LONG | ts=2025-11-23 12:00:00+00:00 | entry=130.71 | sl=129.65 | tp=132.83 | pct_to_tp=1.62% | pct_to_sl=0.81%
[CLOSE] LONG | entry=130.71 | exit=132.83 | reason=TP | net=+200.52 USD | equity=10226.55 USD
[OPEN]  LONG | ts=2025-11-24 01:45:00+00:00 | entry=131.49 | sl=130.00 | tp=134.47 | pct_to_tp=2.27% | pct_to_sl=1.13%
[CLOSE] LONG | entry=131.49 | exit=130.00 | reason=SL | net=-102.27 USD | equity=10124.28 USD
[OPEN]  SHORT | ts=2025-11-25 13:30:00+00:00 | entry=135.57 | sl=136.97 | tp=132.77 | pct_to_tp=2.07% | pct_to_sl=1.03%
[CLOSE] SHORT | entry=135.57 | exit=136.97 | reason=SL | net=-101.24 USD | equity=10023.04 USD
[OPEN]  SHORT | ts=2025-11-25 19:00:00+00:00 | entry=135.45 | sl=136.52 | tp=133.31 | pct_to_tp=1.58% | pct_to_sl=0.79%
[CLOSE] SHORT | entry=135.45 | exit=136.52 | reason=SL | net=-100.23 USD | equity=9922.81 USD
[OPEN]  LONG | ts=2025-11-25 23:00:00+00:00 | entry=139.94 | sl=138.56 | tp=142.70 | pct_to_tp=1.97% | pct_to_sl=0.99%
[CLOSE] LONG | entry=139.94 | exit=138.56 | reason=SL | net=-99.23 USD | equity=9823.58 USD
[OPEN]  LONG | ts=2025-11-26 18:00:00+00:00 | entry=142.52 | sl=140.70 | tp=146.16 | pct_to_tp=2.55% | pct_to_sl=1.28%
[CLOSE] LONG | entry=142.52 | exit=140.70 | reason=SL | net=-98.24 USD | equity=9725.34 USD
[OPEN]  LONG | ts=2025-11-28 14:15:00+00:00 | entry=143.36 | sl=142.23 | tp=145.62 | pct_to_tp=1.58% | pct_to_sl=0.79%
[CLOSE] LONG | entry=143.36 | exit=142.23 | reason=SL | net=-97.25 USD | equity=9628.09 USD
[OPEN]  LONG | ts=2025-11-30 13:15:00+00:00 | entry=139.11 | sl=137.63 | tp=142.07 | pct_to_tp=2.13% | pct_to_sl=1.06%
[CLOSE] LONG | entry=139.11 | exit=137.63 | reason=SL | net=-96.28 USD | equity=9531.81 USD
[OPEN]  SHORT | ts=2025-12-01 00:00:00+00:00 | entry=130.89 | sl=133.74 | tp=125.19 | pct_to_tp=4.35% | pct_to_sl=2.18%
[CLOSE] SHORT | entry=130.89 | exit=125.19 | reason=TP | net=+190.64 USD | equity=9722.45 USD
[OPEN]  LONG | ts=2025-12-02 03:30:00+00:00 | entry=127.50 | sl=126.02 | tp=130.46 | pct_to_tp=2.32% | pct_to_sl=1.16%
[CLOSE] LONG | entry=127.50 | exit=126.02 | reason=SL | net=-97.22 USD | equity=9625.22 USD
[OPEN]  LONG | ts=2025-12-03 21:45:00+00:00 | entry=145.49 | sl=142.78 | tp=150.91 | pct_to_tp=3.73% | pct_to_sl=1.86%
[CLOSE] LONG | entry=145.49 | exit=142.78 | reason=SL | net=-96.25 USD | equity=9528.97 USD
[OPEN]  SHORT | ts=2025-12-05 08:00:00+00:00 | entry=138.31 | sl=139.67 | tp=135.59 | pct_to_tp=1.97% | pct_to_sl=0.98%
[CLOSE] SHORT | entry=138.31 | exit=135.59 | reason=TP | net=+190.58 USD | equity=9719.55 USD
[OPEN]  SHORT | ts=2025-12-07 14:15:00+00:00 | entry=128.76 | sl=131.31 | tp=123.66 | pct_to_tp=3.96% | pct_to_sl=1.98%
[CLOSE] SHORT | entry=128.76 | exit=131.31 | reason=SL | net=-97.20 USD | equity=9622.35 USD
[OPEN]  SHORT | ts=2025-12-07 16:00:00+00:00 | entry=130.88 | sl=132.04 | tp=128.56 | pct_to_tp=1.77% | pct_to_sl=0.89%
[CLOSE] SHORT | entry=130.88 | exit=132.04 | reason=SL | net=-96.22 USD | equity=9526.13 USD
[OPEN]  LONG | ts=2025-12-07 22:30:00+00:00 | entry=132.42 | sl=131.33 | tp=134.60 | pct_to_tp=1.65% | pct_to_sl=0.82%
[CLOSE] LONG | entry=132.42 | exit=131.33 | reason=SL | net=-95.26 USD | equity=9430.87 USD
[OPEN]  LONG | ts=2025-12-08 16:15:00+00:00 | entry=136.13 | sl=134.97 | tp=138.45 | pct_to_tp=1.70% | pct_to_sl=0.85%
[CLOSE] LONG | entry=136.13 | exit=134.97 | reason=SL | net=-94.31 USD | equity=9336.56 USD
[OPEN]  SHORT | ts=2025-12-09 04:30:00+00:00 | entry=132.56 | sl=133.88 | tp=129.92 | pct_to_tp=1.99% | pct_to_sl=1.00%
[CLOSE] SHORT | entry=132.56 | exit=133.88 | reason=SL | net=-93.37 USD | equity=9243.19 USD
[OPEN]  SHORT | ts=2025-12-11 00:30:00+00:00 | entry=134.26 | sl=136.01 | tp=130.76 | pct_to_tp=2.61% | pct_to_sl=1.30%
[CLOSE] SHORT | entry=134.26 | exit=130.76 | reason=TP | net=+184.86 USD | equity=9428.06 USD
[OPEN]  SHORT | ts=2025-12-14 11:30:00+00:00 | entry=130.52 | sl=131.63 | tp=128.30 | pct_to_tp=1.70% | pct_to_sl=0.85%
[CLOSE] SHORT | entry=130.52 | exit=131.63 | reason=SL | net=-94.28 USD | equity=9333.78 USD
[OPEN]  LONG | ts=2025-12-15 14:00:00+00:00 | entry=133.82 | sl=132.54 | tp=136.38 | pct_to_tp=1.91% | pct_to_sl=0.96%
[CLOSE] LONG | entry=133.82 | exit=132.54 | reason=SL | net=-93.34 USD | equity=9240.44 USD
[OPEN]  SHORT | ts=2025-12-16 01:15:00+00:00 | entry=125.62 | sl=126.77 | tp=123.32 | pct_to_tp=1.83% | pct_to_sl=0.92%
[CLOSE] SHORT | entry=125.62 | exit=126.77 | reason=SL | net=-92.40 USD | equity=9148.04 USD
[OPEN]  SHORT | ts=2025-12-16 07:30:00+00:00 | entry=125.74 | sl=126.78 | tp=123.66 | pct_to_tp=1.65% | pct_to_sl=0.83%
[CLOSE] SHORT | entry=125.74 | exit=126.78 | reason=SL | net=-91.48 USD | equity=9056.55 USD
[OPEN]  LONG | ts=2025-12-16 15:45:00+00:00 | entry=129.75 | sl=128.19 | tp=132.87 | pct_to_tp=2.40% | pct_to_sl=1.20%
[CLOSE] LONG | entry=129.75 | exit=128.19 | reason=SL | net=-90.57 USD | equity=8965.99 USD
[OPEN]  SHORT | ts=2025-12-21 18:00:00+00:00 | entry=124.44 | sl=125.51 | tp=122.30 | pct_to_tp=1.72% | pct_to_sl=0.86%
[CLOSE] SHORT | entry=124.44 | exit=125.51 | reason=SL | net=-89.66 USD | equity=8876.33 USD
[OPEN]  LONG | ts=2025-12-22 08:15:00+00:00 | entry=127.23 | sl=126.18 | tp=129.33 | pct_to_tp=1.65% | pct_to_sl=0.83%
[CLOSE] LONG | entry=127.23 | exit=126.18 | reason=SL | net=-88.76 USD | equity=8787.57 USD
[OPEN]  LONG | ts=2025-12-22 15:45:00+00:00 | entry=128.07 | sl=126.90 | tp=130.41 | pct_to_tp=1.83% | pct_to_sl=0.91%
[CLOSE] LONG | entry=128.07 | exit=126.90 | reason=SL | net=-87.88 USD | equity=8699.69 USD
[OPEN]  SHORT | ts=2025-12-23 17:45:00+00:00 | entry=122.85 | sl=124.12 | tp=120.31 | pct_to_tp=2.07% | pct_to_sl=1.03%
[CLOSE] SHORT | entry=122.85 | exit=124.12 | reason=SL | net=-87.00 USD | equity=8612.69 USD
[OPEN]  LONG | ts=2025-12-29 00:15:00+00:00 | entry=126.56 | sl=125.23 | tp=129.22 | pct_to_tp=2.10% | pct_to_sl=1.05%
[CLOSE] LONG | entry=126.56 | exit=129.22 | reason=TP | net=+172.25 USD | equity=8784.95 USD
[OPEN]  LONG | ts=2025-12-30 16:15:00+00:00 | entry=126.19 | sl=124.96 | tp=128.65 | pct_to_tp=1.95% | pct_to_sl=0.97%
[CLOSE] LONG | entry=126.19 | exit=124.96 | reason=SL | net=-87.85 USD | equity=8697.10 USD
[OPEN]  LONG | ts=2026-01-02 03:00:00+00:00 | entry=127.41 | sl=126.41 | tp=129.41 | pct_to_tp=1.57% | pct_to_sl=0.78%
[CLOSE] LONG | entry=127.41 | exit=129.41 | reason=TP | net=+173.94 USD | equity=8871.04 USD
[OPEN]  LONG | ts=2026-01-02 15:30:00+00:00 | entry=129.34 | sl=128.14 | tp=131.74 | pct_to_tp=1.86% | pct_to_sl=0.93%
[CLOSE] LONG | entry=129.34 | exit=131.74 | reason=TP | net=+177.42 USD | equity=9048.46 USD
[OPEN]  LONG | ts=2026-01-05 01:00:00+00:00 | entry=136.39 | sl=135.28 | tp=138.61 | pct_to_tp=1.63% | pct_to_sl=0.81%
[CLOSE] LONG | entry=136.39 | exit=135.28 | reason=SL | net=-90.48 USD | equity=8957.98 USD
[OPEN]  SHORT | ts=2026-01-06 21:45:00+00:00 | entry=140.24 | sl=141.38 | tp=137.96 | pct_to_tp=1.63% | pct_to_sl=0.81%
[CLOSE] SHORT | entry=140.24 | exit=141.38 | reason=SL | net=-89.58 USD | equity=8868.40 USD
[OPEN]  SHORT | ts=2026-01-07 09:30:00+00:00 | entry=136.92 | sl=138.11 | tp=134.54 | pct_to_tp=1.74% | pct_to_sl=0.87%
[CLOSE] SHORT | entry=136.92 | exit=138.11 | reason=SL | net=-88.68 USD | equity=8779.71 USD
[OPEN]  LONG | ts=2026-01-09 02:00:00+00:00 | entry=139.22 | sl=138.21 | tp=141.24 | pct_to_tp=1.45% | pct_to_sl=0.73%
[CLOSE] LONG | entry=139.22 | exit=138.21 | reason=SL | net=-87.80 USD | equity=8691.92 USD
[OPEN]  SHORT | ts=2026-01-09 14:30:00+00:00 | entry=137.08 | sl=138.14 | tp=134.96 | pct_to_tp=1.55% | pct_to_sl=0.77%
[CLOSE] SHORT | entry=137.08 | exit=138.14 | reason=SL | net=-86.92 USD | equity=8605.00 USD
[OPEN]  LONG | ts=2026-01-12 00:15:00+00:00 | entry=140.70 | sl=139.19 | tp=143.72 | pct_to_tp=2.15% | pct_to_sl=1.07%
[CLOSE] LONG | entry=140.70 | exit=143.72 | reason=TP | net=+172.10 USD | equity=8777.10 USD
[OPEN]  LONG | ts=2026-01-12 16:15:00+00:00 | entry=143.94 | sl=142.11 | tp=147.60 | pct_to_tp=2.54% | pct_to_sl=1.27%
[CLOSE] LONG | entry=143.94 | exit=142.11 | reason=SL | net=-87.77 USD | equity=8689.33 USD
[OPEN]  SHORT | ts=2026-01-15 15:15:00+00:00 | entry=142.55 | sl=143.94 | tp=139.77 | pct_to_tp=1.95% | pct_to_sl=0.98%
[CLOSE] SHORT | entry=142.55 | exit=143.94 | reason=SL | net=-86.89 USD | equity=8602.43 USD
[OPEN]  LONG | ts=2026-01-21 19:30:00+00:00 | entry=131.07 | sl=129.16 | tp=134.89 | pct_to_tp=2.91% | pct_to_sl=1.46%
[CLOSE] LONG | entry=131.07 | exit=129.16 | reason=SL | net=-86.02 USD | equity=8516.41 USD
[OPEN]  SHORT | ts=2026-01-22 15:15:00+00:00 | entry=127.02 | sl=128.35 | tp=124.36 | pct_to_tp=2.09% | pct_to_sl=1.05%
[CLOSE] SHORT | entry=127.02 | exit=128.35 | reason=SL | net=-85.16 USD | equity=8431.24 USD
[OPEN]  SHORT | ts=2026-01-23 06:45:00+00:00 | entry=127.50 | sl=128.65 | tp=125.20 | pct_to_tp=1.80% | pct_to_sl=0.90%
[CLOSE] SHORT | entry=127.50 | exit=128.65 | reason=SL | net=-84.31 USD | equity=8346.93 USD
[OPEN]  SHORT | ts=2026-01-26 02:00:00+00:00 | entry=121.45 | sl=122.50 | tp=119.35 | pct_to_tp=1.73% | pct_to_sl=0.86%
[CLOSE] SHORT | entry=121.45 | exit=122.50 | reason=SL | net=-83.47 USD | equity=8263.46 USD
[OPEN]  LONG | ts=2026-01-26 15:00:00+00:00 | entry=124.91 | sl=123.29 | tp=128.15 | pct_to_tp=2.59% | pct_to_sl=1.30%
[CLOSE] LONG | entry=124.91 | exit=123.29 | reason=SL | net=-82.63 USD | equity=8180.83 USD
[OPEN]  SHORT | ts=2026-01-30 15:15:00+00:00 | entry=115.08 | sl=116.75 | tp=111.74 | pct_to_tp=2.90% | pct_to_sl=1.45%
[CLOSE] SHORT | entry=115.08 | exit=116.75 | reason=SL | net=-81.81 USD | equity=8099.02 USD
[OPEN]  SHORT | ts=2026-02-01 14:15:00+00:00 | entry=103.20 | sl=104.37 | tp=100.86 | pct_to_tp=2.27% | pct_to_sl=1.13%
[CLOSE] SHORT | entry=103.20 | exit=100.86 | reason=TP | net=+161.98 USD | equity=8261.00 USD
[OPEN]  SHORT | ts=2026-02-02 02:30:00+00:00 | entry=101.25 | sl=102.27 | tp=99.21 | pct_to_tp=2.01% | pct_to_sl=1.01%
[CLOSE] SHORT | entry=101.25 | exit=99.21 | reason=TP | net=+165.22 USD | equity=8426.22 USD
[OPEN]  SHORT | ts=2026-02-02 03:15:00+00:00 | entry=97.02 | sl=99.22 | tp=92.62 | pct_to_tp=4.54% | pct_to_sl=2.27%
[CLOSE] SHORT | entry=97.02 | exit=99.22 | reason=SL | net=-84.26 USD | equity=8341.96 USD
[OPEN]  SHORT | ts=2026-02-03 14:30:00+00:00 | entry=101.99 | sl=103.27 | tp=99.43 | pct_to_tp=2.51% | pct_to_sl=1.26%
[CLOSE] SHORT | entry=101.99 | exit=99.43 | reason=TP | net=+166.84 USD | equity=8508.80 USD
[OPEN]  SHORT | ts=2026-02-05 10:45:00+00:00 | entry=90.31 | sl=91.67 | tp=87.59 | pct_to_tp=3.01% | pct_to_sl=1.51%
[CLOSE] SHORT | entry=90.31 | exit=87.59 | reason=TP | net=+170.18 USD | equity=8678.97 USD
[OPEN]  SHORT | ts=2026-02-05 15:15:00+00:00 | entry=84.21 | sl=87.23 | tp=78.17 | pct_to_tp=7.17% | pct_to_sl=3.59%
[CLOSE] SHORT | entry=84.21 | exit=78.17 | reason=TP | net=+173.58 USD | equity=8852.55 USD
[OPEN]  SHORT | ts=2026-02-09 01:30:00+00:00 | entry=86.25 | sl=87.48 | tp=83.79 | pct_to_tp=2.85% | pct_to_sl=1.43%
[CLOSE] SHORT | entry=86.25 | exit=87.48 | reason=SL | net=-88.53 USD | equity=8764.03 USD
[OPEN]  SHORT | ts=2026-02-10 18:15:00+00:00 | entry=83.43 | sl=84.59 | tp=81.11 | pct_to_tp=2.78% | pct_to_sl=1.39%
[CLOSE] SHORT | entry=83.43 | exit=81.11 | reason=TP | net=+175.28 USD | equity=8939.31 USD
[OPEN]  SHORT | ts=2026-02-16 13:15:00+00:00 | entry=85.00 | sl=86.52 | tp=81.96 | pct_to_tp=3.58% | pct_to_sl=1.79%
[CLOSE] SHORT | entry=85.00 | exit=86.52 | reason=SL | net=-89.39 USD | equity=8849.91 USD
[OPEN]  SHORT | ts=2026-02-17 14:30:00+00:00 | entry=83.84 | sl=85.36 | tp=80.80 | pct_to_tp=3.63% | pct_to_sl=1.81%
[CLOSE] SHORT | entry=83.84 | exit=85.36 | reason=SL | net=-88.50 USD | equity=8761.41 USD
[OPEN]  LONG | ts=2026-02-20 15:45:00+00:00 | entry=84.38 | sl=83.33 | tp=86.48 | pct_to_tp=2.49% | pct_to_sl=1.24%
[CLOSE] LONG | entry=84.38 | exit=83.33 | reason=SL | net=-87.61 USD | equity=8673.80 USD
[OPEN]  LONG | ts=2026-02-26 09:00:00+00:00 | entry=88.37 | sl=87.22 | tp=90.67 | pct_to_tp=2.60% | pct_to_sl=1.30%
[CLOSE] LONG | entry=88.37 | exit=87.22 | reason=SL | net=-86.74 USD | equity=8587.06 USD
[OPEN]  SHORT | ts=2026-02-27 11:30:00+00:00 | entry=83.49 | sl=84.50 | tp=81.47 | pct_to_tp=2.42% | pct_to_sl=1.21%
[CLOSE] SHORT | entry=83.49 | exit=81.47 | reason=TP | net=+171.74 USD | equity=8758.80 USD
[OPEN]  SHORT | ts=2026-02-28 14:45:00+00:00 | entry=80.25 | sl=81.29 | tp=78.17 | pct_to_tp=2.59% | pct_to_sl=1.30%
[CLOSE] SHORT | entry=80.25 | exit=81.29 | reason=SL | net=-87.59 USD | equity=8671.22 USD
[OPEN]  LONG | ts=2026-03-03 00:30:00+00:00 | entry=87.23 | sl=86.20 | tp=89.29 | pct_to_tp=2.36% | pct_to_sl=1.18%
[CLOSE] LONG | entry=87.23 | exit=86.20 | reason=SL | net=-86.71 USD | equity=8584.50 USD
[OPEN]  LONG | ts=2026-03-04 08:45:00+00:00 | entry=89.71 | sl=87.95 | tp=93.23 | pct_to_tp=3.92% | pct_to_sl=1.96%
[CLOSE] LONG | entry=89.71 | exit=93.23 | reason=TP | net=+171.69 USD | equity=8756.19 USD
[OPEN]  LONG | ts=2026-03-05 14:45:00+00:00 | entry=91.02 | sl=89.84 | tp=93.38 | pct_to_tp=2.59% | pct_to_sl=1.30%
[CLOSE] LONG | entry=91.02 | exit=89.84 | reason=SL | net=-87.56 USD | equity=8668.63 USD
[OPEN]  LONG | ts=2026-03-10 14:45:00+00:00 | entry=88.10 | sl=86.64 | tp=91.02 | pct_to_tp=3.31% | pct_to_sl=1.66%
[CLOSE] LONG | entry=88.10 | exit=86.64 | reason=SL | net=-86.69 USD | equity=8581.94 USD
[OPEN]  LONG | ts=2026-03-11 17:15:00+00:00 | entry=87.66 | sl=86.62 | tp=89.74 | pct_to_tp=2.37% | pct_to_sl=1.19%
[CLOSE] LONG | entry=87.66 | exit=86.62 | reason=SL | net=-85.82 USD | equity=8496.13 USD
[OPEN]  LONG | ts=2026-03-13 00:15:00+00:00 | entry=89.76 | sl=87.62 | tp=94.04 | pct_to_tp=4.77% | pct_to_sl=2.38%
[CLOSE] LONG | entry=89.76 | exit=87.62 | reason=SL | net=-84.96 USD | equity=8411.16 USD
[OPEN]  SHORT | ts=2026-03-18 11:30:00+00:00 | entry=92.25 | sl=93.45 | tp=89.85 | pct_to_tp=2.60% | pct_to_sl=1.30%
[CLOSE] SHORT | entry=92.25 | exit=89.85 | reason=TP | net=+168.22 USD | equity=8579.39 USD

============================================================
SUMMARY — SOL_IN_SAMPLE
============================================================
Total trades       : 140
  Long             : 67
  Short            : 73
Win rate           : 30.0%
Total return       : -14.21%
Final equity       : 8579.39 USD
Max drawdown       : 29.99%
Profit factor      : 0.852
Expectancy         : -10.15 USD/trade
Max consec. losses : 9
Long PnL           : -1241.58 USD
Short PnL          : -179.04 USD

Monthly breakdown:
  2025-09  trades=  2  win%=  0.0  net=  -199.00 USD
  2025-10  trades= 43  win%= 41.9  net= +1087.13 USD
  2025-11  trades= 37  win%= 21.6  net= -1356.32 USD
  2025-12  trades= 21  win%= 19.0  net=  -834.71 USD
  2026-01  trades= 16  win%= 18.8  net=  -598.08 USD
  2026-02  trades= 14  win%= 50.0  net=  +572.20 USD
  2026-03  trades=  7  win%= 28.6  net=   -91.83 USD
============================================================

Filter rejections:
  No trend signal  : 0
  Trend strength   : 3743
  Pullback quality : 8396
  Candle quality   : 1590
  Range floor      : 0
